127.0.0.1 - - [04/Aug/2024:12:09:28 +0800] "PUT /nacos/v1/ns/instance/beat?beat=%7B%22cluster%22%3A%22DEFAULT%22%2C%22ip%22%3A%22192.168.1.102%22%2C%22metadata%22%3A%7B%22preserved.register.source%22%3A%22SPRING_CLOUD%22%7D%2C%22port%22%3A8762%2C%22scheduled%22%3Atrue%2C%22serviceName%22%3A%22DEFAULT_GROUP%40%40nacos-provider%22%2C%22weight%22%3A1.0%7D&serviceName=DEFAULT_GROUP%40%40nacos-provider&encoding=UTF-8&namespaceId=public HTTP/1.1" 200 38 2 Nacos-Java-Client:v1.0.0
192.168.1.102 - - [04/Aug/2024:12:09:31 +0800] "GET /nacos/v1/cs/health HTTP/1.1" 200 2 2 Apache-HttpAsyncClient/4.1.3 (Java/22.0.1)
127.0.0.1 - - [04/Aug/2024:12:09:31 +0800] "PUT /nacos/v1/ns/instance/beat?beat=%7B%22cluster%22%3A%22DEFAULT%22%2C%22ip%22%3A%22192.168.1.102%22%2C%22metadata%22%3A%7B%22preserved.register.source%22%3A%22SPRING_CLOUD%22%7D%2C%22port%22%3A8763%2C%22scheduled%22%3Atrue%2C%22serviceName%22%3A%22DEFAULT_GROUP%40%40nacos-consumer%22%2C%22weight%22%3A1.0%7D&serviceName=DEFAULT_GROUP%40%40nacos-consumer&encoding=UTF-8&namespaceId=public HTTP/1.1" 200 38 2 Nacos-Java-Client:v1.0.0
127.0.0.1 - - [04/Aug/2024:12:09:32 +0800] "GET /nacos/v1/ns/instance/list?healthyOnly=false&namespaceId=public&clientIP=127.0.0.1&serviceName=DEFAULT_GROUP%40%40nacos-provider&udpPort=63838&encoding=UTF-8 HTTP/1.1" 200 576 2 Nacos-Java-Client:v1.0.0
127.0.0.1 - - [04/Aug/2024:12:09:32 +0800] "GET /nacos/v1/ns/instance/list?healthyOnly=false&namespaceId=public&clientIP=127.0.0.1&serviceName=DEFAULT_GROUP%40%40nacos-consumer&udpPort=63838&encoding=UTF-8 HTTP/1.1" 200 576 2 Nacos-Java-Client:v1.0.0
127.0.0.1 - - [04/Aug/2024:12:09:32 +0800] "DELETE /nacos/v1/ns/instance?namespaceId=public&port=8763&clusterName=DEFAULT&ip=192.168.1.102&ephemeral=true&serviceName=DEFAULT_GROUP%40%40nacos-consumer&encoding=UTF-8 HTTP/1.1" 200 2 2 Nacos-Java-Client:v1.0.0
127.0.0.1 - - [04/Aug/2024:12:09:33 +0800] "PUT /nacos/v1/ns/instance/beat?beat=%7B%22cluster%22%3A%22DEFAULT%22%2C%22ip%22%3A%22192.168.1.102%22%2C%22metadata%22%3A%7B%22preserved.register.source%22%3A%22SPRING_CLOUD%22%7D%2C%22port%22%3A8762%2C%22scheduled%22%3Atrue%2C%22serviceName%22%3A%22DEFAULT_GROUP%40%40nacos-provider%22%2C%22weight%22%3A1.0%7D&serviceName=DEFAULT_GROUP%40%40nacos-provider&encoding=UTF-8&namespaceId=public HTTP/1.1" 200 38 2 Nacos-Java-Client:v1.0.0
127.0.0.1 - - [04/Aug/2024:12:09:34 +0800] "GET /nacos/v1/ns/instance/list?healthyOnly=false&namespaceId=public&clientIP=127.0.0.1&serviceName=DEFAULT_GROUP%40%40nacos-consumer&udpPort=65209&encoding=UTF-8 HTTP/1.1" 200 255 3 Nacos-Java-Client:v1.0.0
127.0.0.1 - - [04/Aug/2024:12:09:35 +0800] "GET /nacos/v1/ns/instance/list?healthyOnly=false&namespaceId=public&clientIP=127.0.0.1&serviceName=DEFAULT_GROUP%40%40nacos-provider&udpPort=65209&encoding=UTF-8 HTTP/1.1" 200 576 2 Nacos-Java-Client:v1.0.0
192.168.1.102 - - [04/Aug/2024:12:09:36 +0800] "GET /nacos/v1/cs/health HTTP/1.1" 200 2 3 Apache-HttpAsyncClient/4.1.3 (Java/22.0.1)
127.0.0.1 - - [04/Aug/2024:12:09:38 +0800] "PUT /nacos/v1/ns/instance/beat?beat=%7B%22cluster%22%3A%22DEFAULT%22%2C%22ip%22%3A%22192.168.1.102%22%2C%22metadata%22%3A%7B%22preserved.register.source%22%3A%22SPRING_CLOUD%22%7D%2C%22port%22%3A8762%2C%22scheduled%22%3Atrue%2C%22serviceName%22%3A%22DEFAULT_GROUP%40%40nacos-provider%22%2C%22weight%22%3A1.0%7D&serviceName=DEFAULT_GROUP%40%40nacos-provider&encoding=UTF-8&namespaceId=public HTTP/1.1" 200 38 3 Nacos-Java-Client:v1.0.0
127.0.0.1 - - [04/Aug/2024:12:09:40 +0800] "GET /nacos/v1/ns/service/list?pageSize=2147483647&groupName=DEFAULT_GROUP&encoding=UTF-8&namespaceId=public&pageNo=1 HTTP/1.1" 200 65 13 Nacos-Java-Client:v1.0.0
127.0.0.1 - - [04/Aug/2024:12:09:40 +0800] "GET /nacos/v1/ns/instance/list?healthyOnly=false&namespaceId=public&clientIP=127.0.0.1&serviceName=DEFAULT_GROUP%40%40nacos-consumer&udpPort=56190&encoding=UTF-8 HTTP/1.1" 200 255 1 Nacos-Java-Client:v1.0.0
127.0.0.1 - - [04/Aug/2024:12:09:40 +0800] "POST /nacos/v1/ns/instance?groupName=DEFAULT_GROUP&metadata=%7B%22preserved.register.source%22%3A%22SPRING_CLOUD%22%7D&namespaceId=public&port=8763&enable=true&healthy=true&clusterName=DEFAULT&ip=192.168.1.102&weight=1.0&ephemeral=true&serviceName=DEFAULT_GROUP%40%40nacos-consumer&encoding=UTF-8 HTTP/1.1" 200 2 3 Nacos-Java-Client:v1.0.0
127.0.0.1 - - [04/Aug/2024:12:09:40 +0800] "GET /nacos/v1/ns/instance/list?healthyOnly=false&namespaceId=public&clientIP=127.0.0.1&serviceName=DEFAULT_GROUP%40%40nacos-provider&udpPort=56190&encoding=UTF-8 HTTP/1.1" 200 576 1 Nacos-Java-Client:v1.0.0
192.168.1.102 - - [04/Aug/2024:12:09:41 +0800] "GET /nacos/v1/cs/health HTTP/1.1" 200 2 3 Apache-HttpAsyncClient/4.1.3 (Java/22.0.1)
127.0.0.1 - - [04/Aug/2024:12:09:41 +0800] "GET /nacos/v1/ns/instance/list?healthyOnly=false&namespaceId=public&clientIP=127.0.0.1&serviceName=DEFAULT_GROUP%40%40nacos-consumer&udpPort=56190&encoding=UTF-8 HTTP/1.1" 200 576 4 Nacos-Java-Client:v1.0.0
127.0.0.1 - - [04/Aug/2024:12:09:41 +0800] "GET /nacos/v1/ns/instance/list?healthyOnly=false&namespaceId=public&clientIP=127.0.0.1&serviceName=DEFAULT_GROUP%40%40nacos-provider&udpPort=56190&encoding=UTF-8 HTTP/1.1" 200 576 1 Nacos-Java-Client:v1.0.0
127.0.0.1 - - [04/Aug/2024:12:09:43 +0800] "PUT /nacos/v1/ns/instance/beat?beat=%7B%22cluster%22%3A%22DEFAULT%22%2C%22ip%22%3A%22192.168.1.102%22%2C%22metadata%22%3A%7B%22preserved.register.source%22%3A%22SPRING_CLOUD%22%7D%2C%22port%22%3A8762%2C%22scheduled%22%3Atrue%2C%22serviceName%22%3A%22DEFAULT_GROUP%40%40nacos-provider%22%2C%22weight%22%3A1.0%7D&serviceName=DEFAULT_GROUP%40%40nacos-provider&encoding=UTF-8&namespaceId=public HTTP/1.1" 200 38 6 Nacos-Java-Client:v1.0.0
127.0.0.1 - - [04/Aug/2024:12:09:44 +0800] "PUT /nacos/v1/ns/instance/beat?beat=%7B%22cluster%22%3A%22DEFAULT%22%2C%22ip%22%3A%22192.168.1.102%22%2C%22metadata%22%3A%7B%22preserved.register.source%22%3A%22SPRING_CLOUD%22%7D%2C%22port%22%3A8763%2C%22scheduled%22%3Atrue%2C%22serviceName%22%3A%22DEFAULT_GROUP%40%40nacos-consumer%22%2C%22weight%22%3A1.0%7D&serviceName=DEFAULT_GROUP%40%40nacos-consumer&encoding=UTF-8&namespaceId=public HTTP/1.1" 200 38 3 Nacos-Java-Client:v1.0.0
127.0.0.1 - - [04/Aug/2024:12:09:44 +0800] "GET /nacos/v1/ns/instance/list?healthyOnly=false&namespaceId=public&clientIP=127.0.0.1&serviceName=DEFAULT_GROUP%40%40nacos-consumer&udpPort=65209&encoding=UTF-8 HTTP/1.1" 200 576 3 Nacos-Java-Client:v1.0.0
127.0.0.1 - - [04/Aug/2024:12:09:45 +0800] "GET /nacos/v1/ns/instance/list?healthyOnly=false&namespaceId=public&clientIP=127.0.0.1&serviceName=DEFAULT_GROUP%40%40nacos-provider&udpPort=65209&encoding=UTF-8 HTTP/1.1" 200 576 10 Nacos-Java-Client:v1.0.0
0:0:0:0:0:0:0:1 - - [04/Aug/2024:12:09:45 +0800] "GET /nacos/ HTTP/1.1" 200 2606 64 Mozilla/5.0 (Macintosh; Intel Mac OS X 10_15_7) AppleWebKit/605.1.15 (KHTML, like Gecko) Version/17.5 Safari/605.1.15
0:0:0:0:0:0:0:1 - - [04/Aug/2024:12:09:45 +0800] "GET /nacos/v1/console/server/state HTTP/1.1" 200 82 2 Mozilla/5.0 (Macintosh; Intel Mac OS X 10_15_7) AppleWebKit/605.1.15 (KHTML, like Gecko) Version/17.5 Safari/605.1.15
0:0:0:0:0:0:0:1 - - [04/Aug/2024:12:09:45 +0800] "GET /nacos/v1/console/namespaces?namespaceId= HTTP/1.1" 200 130 16 Mozilla/5.0 (Macintosh; Intel Mac OS X 10_15_7) AppleWebKit/605.1.15 (KHTML, like Gecko) Version/17.5 Safari/605.1.15
0:0:0:0:0:0:0:1 - - [04/Aug/2024:12:09:45 +0800] "GET /nacos/v1/ns/catalog/services?withInstances=false&pageNo=1&pageSize=10&keyword=&namespaceId= HTTP/1.1" 200 254 1 Mozilla/5.0 (Macintosh; Intel Mac OS X 10_15_7) AppleWebKit/605.1.15 (KHTML, like Gecko) Version/17.5 Safari/605.1.15
192.168.1.102 - - [04/Aug/2024:12:09:46 +0800] "GET /nacos/v1/cs/health HTTP/1.1" 200 2 2 Apache-HttpAsyncClient/4.1.3 (Java/22.0.1)
127.0.0.1 - - [04/Aug/2024:12:09:48 +0800] "PUT /nacos/v1/ns/instance/beat?beat=%7B%22cluster%22%3A%22DEFAULT%22%2C%22ip%22%3A%22192.168.1.102%22%2C%22metadata%22%3A%7B%22preserved.register.source%22%3A%22SPRING_CLOUD%22%7D%2C%22port%22%3A8762%2C%22scheduled%22%3Atrue%2C%22serviceName%22%3A%22DEFAULT_GROUP%40%40nacos-provider%22%2C%22weight%22%3A1.0%7D&serviceName=DEFAULT_GROUP%40%40nacos-provider&encoding=UTF-8&namespaceId=public HTTP/1.1" 200 38 3 Nacos-Java-Client:v1.0.0
127.0.0.1 - - [04/Aug/2024:12:09:49 +0800] "PUT /nacos/v1/ns/instance/beat?beat=%7B%22cluster%22%3A%22DEFAULT%22%2C%22ip%22%3A%22192.168.1.102%22%2C%22metadata%22%3A%7B%22preserved.register.source%22%3A%22SPRING_CLOUD%22%7D%2C%22port%22%3A8763%2C%22scheduled%22%3Atrue%2C%22serviceName%22%3A%22DEFAULT_GROUP%40%40nacos-consumer%22%2C%22weight%22%3A1.0%7D&serviceName=DEFAULT_GROUP%40%40nacos-consumer&encoding=UTF-8&namespaceId=public HTTP/1.1" 200 38 2 Nacos-Java-Client:v1.0.0
192.168.1.102 - - [04/Aug/2024:12:09:51 +0800] "GET /nacos/v1/cs/health HTTP/1.1" 200 2 3 Apache-HttpAsyncClient/4.1.3 (Java/22.0.1)
127.0.0.1 - - [04/Aug/2024:12:09:51 +0800] "GET /nacos/v1/ns/instance/list?healthyOnly=false&namespaceId=public&clientIP=127.0.0.1&serviceName=DEFAULT_GROUP%40%40nacos-consumer&udpPort=56190&encoding=UTF-8 HTTP/1.1" 200 576 4 Nacos-Java-Client:v1.0.0
127.0.0.1 - - [04/Aug/2024:12:09:51 +0800] "GET /nacos/v1/ns/instance/list?healthyOnly=false&namespaceId=public&clientIP=127.0.0.1&serviceName=DEFAULT_GROUP%40%40nacos-provider&udpPort=56190&encoding=UTF-8 HTTP/1.1" 200 576 4 Nacos-Java-Client:v1.0.0
127.0.0.1 - - [04/Aug/2024:12:09:52 +0800] "GET /nacos/v1/ns/service/list?pageSize=2147483647&groupName=DEFAULT_GROUP&encoding=UTF-8&namespaceId=public&pageNo=1 HTTP/1.1" 200 65 4 Nacos-Java-Client:v1.0.0
127.0.0.1 - - [04/Aug/2024:12:09:53 +0800] "PUT /nacos/v1/ns/instance/beat?beat=%7B%22cluster%22%3A%22DEFAULT%22%2C%22ip%22%3A%22192.168.1.102%22%2C%22metadata%22%3A%7B%22preserved.register.source%22%3A%22SPRING_CLOUD%22%7D%2C%22port%22%3A8762%2C%22scheduled%22%3Atrue%2C%22serviceName%22%3A%22DEFAULT_GROUP%40%40nacos-provider%22%2C%22weight%22%3A1.0%7D&serviceName=DEFAULT_GROUP%40%40nacos-provider&encoding=UTF-8&namespaceId=public HTTP/1.1" 200 38 2 Nacos-Java-Client:v1.0.0
127.0.0.1 - - [04/Aug/2024:12:09:54 +0800] "PUT /nacos/v1/ns/instance/beat?beat=%7B%22cluster%22%3A%22DEFAULT%22%2C%22ip%22%3A%22192.168.1.102%22%2C%22metadata%22%3A%7B%22preserved.register.source%22%3A%22SPRING_CLOUD%22%7D%2C%22port%22%3A8763%2C%22scheduled%22%3Atrue%2C%22serviceName%22%3A%22DEFAULT_GROUP%40%40nacos-consumer%22%2C%22weight%22%3A1.0%7D&serviceName=DEFAULT_GROUP%40%40nacos-consumer&encoding=UTF-8&namespaceId=public HTTP/1.1" 200 38 2 Nacos-Java-Client:v1.0.0
127.0.0.1 - - [04/Aug/2024:12:09:54 +0800] "GET /nacos/v1/ns/instance/list?healthyOnly=false&namespaceId=public&clientIP=127.0.0.1&serviceName=DEFAULT_GROUP%40%40nacos-consumer&udpPort=65209&encoding=UTF-8 HTTP/1.1" 200 576 2 Nacos-Java-Client:v1.0.0
127.0.0.1 - - [04/Aug/2024:12:09:55 +0800] "GET /nacos/v1/ns/instance/list?healthyOnly=false&namespaceId=public&clientIP=127.0.0.1&serviceName=DEFAULT_GROUP%40%40nacos-provider&udpPort=65209&encoding=UTF-8 HTTP/1.1" 200 576 4 Nacos-Java-Client:v1.0.0
192.168.1.102 - - [04/Aug/2024:12:09:56 +0800] "GET /nacos/v1/cs/health HTTP/1.1" 200 2 3 Apache-HttpAsyncClient/4.1.3 (Java/22.0.1)
127.0.0.1 - - [04/Aug/2024:12:09:58 +0800] "PUT /nacos/v1/ns/instance/beat?beat=%7B%22cluster%22%3A%22DEFAULT%22%2C%22ip%22%3A%22192.168.1.102%22%2C%22metadata%22%3A%7B%22preserved.register.source%22%3A%22SPRING_CLOUD%22%7D%2C%22port%22%3A8762%2C%22scheduled%22%3Atrue%2C%22serviceName%22%3A%22DEFAULT_GROUP%40%40nacos-provider%22%2C%22weight%22%3A1.0%7D&serviceName=DEFAULT_GROUP%40%40nacos-provider&encoding=UTF-8&namespaceId=public HTTP/1.1" 200 38 4 Nacos-Java-Client:v1.0.0
127.0.0.1 - - [04/Aug/2024:12:09:59 +0800] "PUT /nacos/v1/ns/instance/beat?beat=%7B%22cluster%22%3A%22DEFAULT%22%2C%22ip%22%3A%22192.168.1.102%22%2C%22metadata%22%3A%7B%22preserved.register.source%22%3A%22SPRING_CLOUD%22%7D%2C%22port%22%3A8763%2C%22scheduled%22%3Atrue%2C%22serviceName%22%3A%22DEFAULT_GROUP%40%40nacos-consumer%22%2C%22weight%22%3A1.0%7D&serviceName=DEFAULT_GROUP%40%40nacos-consumer&encoding=UTF-8&namespaceId=public HTTP/1.1" 200 38 3 Nacos-Java-Client:v1.0.0
192.168.1.102 - - [04/Aug/2024:12:10:01 +0800] "GET /nacos/v1/cs/health HTTP/1.1" 200 2 3 Apache-HttpAsyncClient/4.1.3 (Java/22.0.1)
127.0.0.1 - - [04/Aug/2024:12:10:01 +0800] "GET /nacos/v1/ns/instance/list?healthyOnly=false&namespaceId=public&clientIP=127.0.0.1&serviceName=DEFAULT_GROUP%40%40nacos-provider&udpPort=56190&encoding=UTF-8 HTTP/1.1" 200 576 4 Nacos-Java-Client:v1.0.0
127.0.0.1 - - [04/Aug/2024:12:10:01 +0800] "GET /nacos/v1/ns/instance/list?healthyOnly=false&namespaceId=public&clientIP=127.0.0.1&serviceName=DEFAULT_GROUP%40%40nacos-consumer&udpPort=56190&encoding=UTF-8 HTTP/1.1" 200 576 4 Nacos-Java-Client:v1.0.0
127.0.0.1 - - [04/Aug/2024:12:10:03 +0800] "PUT /nacos/v1/ns/instance/beat?beat=%7B%22cluster%22%3A%22DEFAULT%22%2C%22ip%22%3A%22192.168.1.102%22%2C%22metadata%22%3A%7B%22preserved.register.source%22%3A%22SPRING_CLOUD%22%7D%2C%22port%22%3A8762%2C%22scheduled%22%3Atrue%2C%22serviceName%22%3A%22DEFAULT_GROUP%40%40nacos-provider%22%2C%22weight%22%3A1.0%7D&serviceName=DEFAULT_GROUP%40%40nacos-provider&encoding=UTF-8&namespaceId=public HTTP/1.1" 200 38 2 Nacos-Java-Client:v1.0.0
127.0.0.1 - - [04/Aug/2024:12:10:04 +0800] "PUT /nacos/v1/ns/instance/beat?beat=%7B%22cluster%22%3A%22DEFAULT%22%2C%22ip%22%3A%22192.168.1.102%22%2C%22metadata%22%3A%7B%22preserved.register.source%22%3A%22SPRING_CLOUD%22%7D%2C%22port%22%3A8763%2C%22scheduled%22%3Atrue%2C%22serviceName%22%3A%22DEFAULT_GROUP%40%40nacos-consumer%22%2C%22weight%22%3A1.0%7D&serviceName=DEFAULT_GROUP%40%40nacos-consumer&encoding=UTF-8&namespaceId=public HTTP/1.1" 200 38 3 Nacos-Java-Client:v1.0.0
127.0.0.1 - - [04/Aug/2024:12:10:04 +0800] "GET /nacos/v1/ns/instance/list?healthyOnly=false&namespaceId=public&clientIP=127.0.0.1&serviceName=DEFAULT_GROUP%40%40nacos-consumer&udpPort=65209&encoding=UTF-8 HTTP/1.1" 200 576 3 Nacos-Java-Client:v1.0.0
127.0.0.1 - - [04/Aug/2024:12:10:05 +0800] "GET /nacos/v1/ns/instance/list?healthyOnly=false&namespaceId=public&clientIP=127.0.0.1&serviceName=DEFAULT_GROUP%40%40nacos-provider&udpPort=65209&encoding=UTF-8 HTTP/1.1" 200 576 2 Nacos-Java-Client:v1.0.0
192.168.1.102 - - [04/Aug/2024:12:10:06 +0800] "GET /nacos/v1/cs/health HTTP/1.1" 200 2 4 Apache-HttpAsyncClient/4.1.3 (Java/22.0.1)
127.0.0.1 - - [04/Aug/2024:12:10:08 +0800] "PUT /nacos/v1/ns/instance/beat?beat=%7B%22cluster%22%3A%22DEFAULT%22%2C%22ip%22%3A%22192.168.1.102%22%2C%22metadata%22%3A%7B%22preserved.register.source%22%3A%22SPRING_CLOUD%22%7D%2C%22port%22%3A8762%2C%22scheduled%22%3Atrue%2C%22serviceName%22%3A%22DEFAULT_GROUP%40%40nacos-provider%22%2C%22weight%22%3A1.0%7D&serviceName=DEFAULT_GROUP%40%40nacos-provider&encoding=UTF-8&namespaceId=public HTTP/1.1" 200 38 2 Nacos-Java-Client:v1.0.0
127.0.0.1 - - [04/Aug/2024:12:10:09 +0800] "PUT /nacos/v1/ns/instance/beat?beat=%7B%22cluster%22%3A%22DEFAULT%22%2C%22ip%22%3A%22192.168.1.102%22%2C%22metadata%22%3A%7B%22preserved.register.source%22%3A%22SPRING_CLOUD%22%7D%2C%22port%22%3A8763%2C%22scheduled%22%3Atrue%2C%22serviceName%22%3A%22DEFAULT_GROUP%40%40nacos-consumer%22%2C%22weight%22%3A1.0%7D&serviceName=DEFAULT_GROUP%40%40nacos-consumer&encoding=UTF-8&namespaceId=public HTTP/1.1" 200 38 3 Nacos-Java-Client:v1.0.0
127.0.0.1 - - [04/Aug/2024:12:10:10 +0800] "GET /nacos/v1/ns/service/list?pageSize=2147483647&groupName=DEFAULT_GROUP&encoding=UTF-8&namespaceId=public&pageNo=1 HTTP/1.1" 200 65 4 Nacos-Java-Client:v1.0.0
192.168.1.102 - - [04/Aug/2024:12:10:11 +0800] "GET /nacos/v1/cs/health HTTP/1.1" 200 2 4 Apache-HttpAsyncClient/4.1.3 (Java/22.0.1)
127.0.0.1 - - [04/Aug/2024:12:10:11 +0800] "GET /nacos/v1/ns/instance/list?healthyOnly=false&namespaceId=public&clientIP=127.0.0.1&serviceName=DEFAULT_GROUP%40%40nacos-consumer&udpPort=56190&encoding=UTF-8 HTTP/1.1" 200 576 2 Nacos-Java-Client:v1.0.0
127.0.0.1 - - [04/Aug/2024:12:10:11 +0800] "GET /nacos/v1/ns/instance/list?healthyOnly=false&namespaceId=public&clientIP=127.0.0.1&serviceName=DEFAULT_GROUP%40%40nacos-provider&udpPort=56190&encoding=UTF-8 HTTP/1.1" 200 576 5 Nacos-Java-Client:v1.0.0
127.0.0.1 - - [04/Aug/2024:12:10:13 +0800] "PUT /nacos/v1/ns/instance/beat?beat=%7B%22cluster%22%3A%22DEFAULT%22%2C%22ip%22%3A%22192.168.1.102%22%2C%22metadata%22%3A%7B%22preserved.register.source%22%3A%22SPRING_CLOUD%22%7D%2C%22port%22%3A8762%2C%22scheduled%22%3Atrue%2C%22serviceName%22%3A%22DEFAULT_GROUP%40%40nacos-provider%22%2C%22weight%22%3A1.0%7D&serviceName=DEFAULT_GROUP%40%40nacos-provider&encoding=UTF-8&namespaceId=public HTTP/1.1" 200 38 2 Nacos-Java-Client:v1.0.0
127.0.0.1 - - [04/Aug/2024:12:10:14 +0800] "PUT /nacos/v1/ns/instance/beat?beat=%7B%22cluster%22%3A%22DEFAULT%22%2C%22ip%22%3A%22192.168.1.102%22%2C%22metadata%22%3A%7B%22preserved.register.source%22%3A%22SPRING_CLOUD%22%7D%2C%22port%22%3A8763%2C%22scheduled%22%3Atrue%2C%22serviceName%22%3A%22DEFAULT_GROUP%40%40nacos-consumer%22%2C%22weight%22%3A1.0%7D&serviceName=DEFAULT_GROUP%40%40nacos-consumer&encoding=UTF-8&namespaceId=public HTTP/1.1" 200 38 2 Nacos-Java-Client:v1.0.0
127.0.0.1 - - [04/Aug/2024:12:10:14 +0800] "GET /nacos/v1/ns/instance/list?healthyOnly=false&namespaceId=public&clientIP=127.0.0.1&serviceName=DEFAULT_GROUP%40%40nacos-consumer&udpPort=65209&encoding=UTF-8 HTTP/1.1" 200 576 4 Nacos-Java-Client:v1.0.0
127.0.0.1 - - [04/Aug/2024:12:10:15 +0800] "GET /nacos/v1/ns/instance/list?healthyOnly=false&namespaceId=public&clientIP=127.0.0.1&serviceName=DEFAULT_GROUP%40%40nacos-provider&udpPort=65209&encoding=UTF-8 HTTP/1.1" 200 576 2 Nacos-Java-Client:v1.0.0
192.168.1.102 - - [04/Aug/2024:12:10:16 +0800] "GET /nacos/v1/cs/health HTTP/1.1" 200 2 3 Apache-HttpAsyncClient/4.1.3 (Java/22.0.1)
127.0.0.1 - - [04/Aug/2024:12:10:18 +0800] "PUT /nacos/v1/ns/instance/beat?beat=%7B%22cluster%22%3A%22DEFAULT%22%2C%22ip%22%3A%22192.168.1.102%22%2C%22metadata%22%3A%7B%22preserved.register.source%22%3A%22SPRING_CLOUD%22%7D%2C%22port%22%3A8762%2C%22scheduled%22%3Atrue%2C%22serviceName%22%3A%22DEFAULT_GROUP%40%40nacos-provider%22%2C%22weight%22%3A1.0%7D&serviceName=DEFAULT_GROUP%40%40nacos-provider&encoding=UTF-8&namespaceId=public HTTP/1.1" 200 38 2 Nacos-Java-Client:v1.0.0
127.0.0.1 - - [04/Aug/2024:12:10:19 +0800] "PUT /nacos/v1/ns/instance/beat?beat=%7B%22cluster%22%3A%22DEFAULT%22%2C%22ip%22%3A%22192.168.1.102%22%2C%22metadata%22%3A%7B%22preserved.register.source%22%3A%22SPRING_CLOUD%22%7D%2C%22port%22%3A8763%2C%22scheduled%22%3Atrue%2C%22serviceName%22%3A%22DEFAULT_GROUP%40%40nacos-consumer%22%2C%22weight%22%3A1.0%7D&serviceName=DEFAULT_GROUP%40%40nacos-consumer&encoding=UTF-8&namespaceId=public HTTP/1.1" 200 38 3 Nacos-Java-Client:v1.0.0
192.168.1.102 - - [04/Aug/2024:12:10:21 +0800] "GET /nacos/v1/cs/health HTTP/1.1" 200 2 1 Apache-HttpAsyncClient/4.1.3 (Java/22.0.1)
127.0.0.1 - - [04/Aug/2024:12:10:21 +0800] "GET /nacos/v1/ns/instance/list?healthyOnly=false&namespaceId=public&clientIP=127.0.0.1&serviceName=DEFAULT_GROUP%40%40nacos-provider&udpPort=56190&encoding=UTF-8 HTTP/1.1" 200 576 3 Nacos-Java-Client:v1.0.0
127.0.0.1 - - [04/Aug/2024:12:10:21 +0800] "GET /nacos/v1/ns/instance/list?healthyOnly=false&namespaceId=public&clientIP=127.0.0.1&serviceName=DEFAULT_GROUP%40%40nacos-consumer&udpPort=56190&encoding=UTF-8 HTTP/1.1" 200 576 3 Nacos-Java-Client:v1.0.0
127.0.0.1 - - [04/Aug/2024:12:10:22 +0800] "GET /nacos/v1/ns/service/list?pageSize=2147483647&groupName=DEFAULT_GROUP&encoding=UTF-8&namespaceId=public&pageNo=1 HTTP/1.1" 200 65 3 Nacos-Java-Client:v1.0.0
127.0.0.1 - - [04/Aug/2024:12:10:23 +0800] "PUT /nacos/v1/ns/instance/beat?beat=%7B%22cluster%22%3A%22DEFAULT%22%2C%22ip%22%3A%22192.168.1.102%22%2C%22metadata%22%3A%7B%22preserved.register.source%22%3A%22SPRING_CLOUD%22%7D%2C%22port%22%3A8762%2C%22scheduled%22%3Atrue%2C%22serviceName%22%3A%22DEFAULT_GROUP%40%40nacos-provider%22%2C%22weight%22%3A1.0%7D&serviceName=DEFAULT_GROUP%40%40nacos-provider&encoding=UTF-8&namespaceId=public HTTP/1.1" 200 38 2 Nacos-Java-Client:v1.0.0
127.0.0.1 - - [04/Aug/2024:12:10:24 +0800] "PUT /nacos/v1/ns/instance/beat?beat=%7B%22cluster%22%3A%22DEFAULT%22%2C%22ip%22%3A%22192.168.1.102%22%2C%22metadata%22%3A%7B%22preserved.register.source%22%3A%22SPRING_CLOUD%22%7D%2C%22port%22%3A8763%2C%22scheduled%22%3Atrue%2C%22serviceName%22%3A%22DEFAULT_GROUP%40%40nacos-consumer%22%2C%22weight%22%3A1.0%7D&serviceName=DEFAULT_GROUP%40%40nacos-consumer&encoding=UTF-8&namespaceId=public HTTP/1.1" 200 38 2 Nacos-Java-Client:v1.0.0
127.0.0.1 - - [04/Aug/2024:12:10:24 +0800] "GET /nacos/v1/ns/instance/list?healthyOnly=false&namespaceId=public&clientIP=127.0.0.1&serviceName=DEFAULT_GROUP%40%40nacos-consumer&udpPort=65209&encoding=UTF-8 HTTP/1.1" 200 576 2 Nacos-Java-Client:v1.0.0
127.0.0.1 - - [04/Aug/2024:12:10:25 +0800] "GET /nacos/v1/ns/instance/list?healthyOnly=false&namespaceId=public&clientIP=127.0.0.1&serviceName=DEFAULT_GROUP%40%40nacos-provider&udpPort=65209&encoding=UTF-8 HTTP/1.1" 200 576 4 Nacos-Java-Client:v1.0.0
192.168.1.102 - - [04/Aug/2024:12:10:26 +0800] "GET /nacos/v1/cs/health HTTP/1.1" 200 2 3 Apache-HttpAsyncClient/4.1.3 (Java/22.0.1)
127.0.0.1 - - [04/Aug/2024:12:10:28 +0800] "PUT /nacos/v1/ns/instance/beat?beat=%7B%22cluster%22%3A%22DEFAULT%22%2C%22ip%22%3A%22192.168.1.102%22%2C%22metadata%22%3A%7B%22preserved.register.source%22%3A%22SPRING_CLOUD%22%7D%2C%22port%22%3A8762%2C%22scheduled%22%3Atrue%2C%22serviceName%22%3A%22DEFAULT_GROUP%40%40nacos-provider%22%2C%22weight%22%3A1.0%7D&serviceName=DEFAULT_GROUP%40%40nacos-provider&encoding=UTF-8&namespaceId=public HTTP/1.1" 200 38 4 Nacos-Java-Client:v1.0.0
127.0.0.1 - - [04/Aug/2024:12:10:29 +0800] "PUT /nacos/v1/ns/instance/beat?beat=%7B%22cluster%22%3A%22DEFAULT%22%2C%22ip%22%3A%22192.168.1.102%22%2C%22metadata%22%3A%7B%22preserved.register.source%22%3A%22SPRING_CLOUD%22%7D%2C%22port%22%3A8763%2C%22scheduled%22%3Atrue%2C%22serviceName%22%3A%22DEFAULT_GROUP%40%40nacos-consumer%22%2C%22weight%22%3A1.0%7D&serviceName=DEFAULT_GROUP%40%40nacos-consumer&encoding=UTF-8&namespaceId=public HTTP/1.1" 200 38 2 Nacos-Java-Client:v1.0.0
192.168.1.102 - - [04/Aug/2024:12:10:31 +0800] "GET /nacos/v1/cs/health HTTP/1.1" 200 2 3 Apache-HttpAsyncClient/4.1.3 (Java/22.0.1)
127.0.0.1 - - [04/Aug/2024:12:10:31 +0800] "GET /nacos/v1/ns/instance/list?healthyOnly=false&namespaceId=public&clientIP=127.0.0.1&serviceName=DEFAULT_GROUP%40%40nacos-consumer&udpPort=56190&encoding=UTF-8 HTTP/1.1" 200 576 4 Nacos-Java-Client:v1.0.0
127.0.0.1 - - [04/Aug/2024:12:10:31 +0800] "GET /nacos/v1/ns/instance/list?healthyOnly=false&namespaceId=public&clientIP=127.0.0.1&serviceName=DEFAULT_GROUP%40%40nacos-provider&udpPort=56190&encoding=UTF-8 HTTP/1.1" 200 576 4 Nacos-Java-Client:v1.0.0
127.0.0.1 - - [04/Aug/2024:12:10:33 +0800] "PUT /nacos/v1/ns/instance/beat?beat=%7B%22cluster%22%3A%22DEFAULT%22%2C%22ip%22%3A%22192.168.1.102%22%2C%22metadata%22%3A%7B%22preserved.register.source%22%3A%22SPRING_CLOUD%22%7D%2C%22port%22%3A8762%2C%22scheduled%22%3Atrue%2C%22serviceName%22%3A%22DEFAULT_GROUP%40%40nacos-provider%22%2C%22weight%22%3A1.0%7D&serviceName=DEFAULT_GROUP%40%40nacos-provider&encoding=UTF-8&namespaceId=public HTTP/1.1" 200 38 3 Nacos-Java-Client:v1.0.0
127.0.0.1 - - [04/Aug/2024:12:10:34 +0800] "PUT /nacos/v1/ns/instance/beat?beat=%7B%22cluster%22%3A%22DEFAULT%22%2C%22ip%22%3A%22192.168.1.102%22%2C%22metadata%22%3A%7B%22preserved.register.source%22%3A%22SPRING_CLOUD%22%7D%2C%22port%22%3A8763%2C%22scheduled%22%3Atrue%2C%22serviceName%22%3A%22DEFAULT_GROUP%40%40nacos-consumer%22%2C%22weight%22%3A1.0%7D&serviceName=DEFAULT_GROUP%40%40nacos-consumer&encoding=UTF-8&namespaceId=public HTTP/1.1" 200 38 3 Nacos-Java-Client:v1.0.0
127.0.0.1 - - [04/Aug/2024:12:10:34 +0800] "GET /nacos/v1/ns/instance/list?healthyOnly=false&namespaceId=public&clientIP=127.0.0.1&serviceName=DEFAULT_GROUP%40%40nacos-consumer&udpPort=65209&encoding=UTF-8 HTTP/1.1" 200 576 3 Nacos-Java-Client:v1.0.0
127.0.0.1 - - [04/Aug/2024:12:10:35 +0800] "GET /nacos/v1/ns/instance/list?healthyOnly=false&namespaceId=public&clientIP=127.0.0.1&serviceName=DEFAULT_GROUP%40%40nacos-provider&udpPort=65209&encoding=UTF-8 HTTP/1.1" 200 576 3 Nacos-Java-Client:v1.0.0
0:0:0:0:0:0:0:1 - - [04/Aug/2024:12:10:36 +0800] "GET /nacos/v1/console/server/state HTTP/1.1" 200 82 2 Mozilla/5.0 (Macintosh; Intel Mac OS X 10_15_7) AppleWebKit/605.1.15 (KHTML, like Gecko) Version/17.5 Safari/605.1.15
0:0:0:0:0:0:0:1 - - [04/Aug/2024:12:10:36 +0800] "GET /nacos/v1/console/namespaces?namespaceId= HTTP/1.1" 200 130 29 Mozilla/5.0 (Macintosh; Intel Mac OS X 10_15_7) AppleWebKit/605.1.15 (KHTML, like Gecko) Version/17.5 Safari/605.1.15
0:0:0:0:0:0:0:1 - - [04/Aug/2024:12:10:36 +0800] "GET /nacos/v1/ns/catalog/services?withInstances=false&pageNo=1&pageSize=10&keyword=&namespaceId= HTTP/1.1" 200 254 2 Mozilla/5.0 (Macintosh; Intel Mac OS X 10_15_7) AppleWebKit/605.1.15 (KHTML, like Gecko) Version/17.5 Safari/605.1.15
192.168.1.102 - - [04/Aug/2024:12:10:36 +0800] "GET /nacos/v1/cs/health HTTP/1.1" 200 2 2 Apache-HttpAsyncClient/4.1.3 (Java/22.0.1)
127.0.0.1 - - [04/Aug/2024:12:10:38 +0800] "PUT /nacos/v1/ns/instance/beat?beat=%7B%22cluster%22%3A%22DEFAULT%22%2C%22ip%22%3A%22192.168.1.102%22%2C%22metadata%22%3A%7B%22preserved.register.source%22%3A%22SPRING_CLOUD%22%7D%2C%22port%22%3A8762%2C%22scheduled%22%3Atrue%2C%22serviceName%22%3A%22DEFAULT_GROUP%40%40nacos-provider%22%2C%22weight%22%3A1.0%7D&serviceName=DEFAULT_GROUP%40%40nacos-provider&encoding=UTF-8&namespaceId=public HTTP/1.1" 200 38 2 Nacos-Java-Client:v1.0.0
127.0.0.1 - - [04/Aug/2024:12:10:39 +0800] "PUT /nacos/v1/ns/instance/beat?beat=%7B%22cluster%22%3A%22DEFAULT%22%2C%22ip%22%3A%22192.168.1.102%22%2C%22metadata%22%3A%7B%22preserved.register.source%22%3A%22SPRING_CLOUD%22%7D%2C%22port%22%3A8763%2C%22scheduled%22%3Atrue%2C%22serviceName%22%3A%22DEFAULT_GROUP%40%40nacos-consumer%22%2C%22weight%22%3A1.0%7D&serviceName=DEFAULT_GROUP%40%40nacos-consumer&encoding=UTF-8&namespaceId=public HTTP/1.1" 200 38 1 Nacos-Java-Client:v1.0.0
127.0.0.1 - - [04/Aug/2024:12:10:40 +0800] "GET /nacos/v1/ns/service/list?pageSize=2147483647&groupName=DEFAULT_GROUP&encoding=UTF-8&namespaceId=public&pageNo=1 HTTP/1.1" 200 65 2 Nacos-Java-Client:v1.0.0
192.168.1.102 - - [04/Aug/2024:12:10:41 +0800] "GET /nacos/v1/cs/health HTTP/1.1" 200 2 2 Apache-HttpAsyncClient/4.1.3 (Java/22.0.1)
127.0.0.1 - - [04/Aug/2024:12:10:41 +0800] "GET /nacos/v1/ns/instance/list?healthyOnly=false&namespaceId=public&clientIP=127.0.0.1&serviceName=DEFAULT_GROUP%40%40nacos-consumer&udpPort=56190&encoding=UTF-8 HTTP/1.1" 200 576 2 Nacos-Java-Client:v1.0.0
127.0.0.1 - - [04/Aug/2024:12:10:41 +0800] "GET /nacos/v1/ns/instance/list?healthyOnly=false&namespaceId=public&clientIP=127.0.0.1&serviceName=DEFAULT_GROUP%40%40nacos-provider&udpPort=56190&encoding=UTF-8 HTTP/1.1" 200 576 2 Nacos-Java-Client:v1.0.0
127.0.0.1 - - [04/Aug/2024:12:10:43 +0800] "PUT /nacos/v1/ns/instance/beat?beat=%7B%22cluster%22%3A%22DEFAULT%22%2C%22ip%22%3A%22192.168.1.102%22%2C%22metadata%22%3A%7B%22preserved.register.source%22%3A%22SPRING_CLOUD%22%7D%2C%22port%22%3A8762%2C%22scheduled%22%3Atrue%2C%22serviceName%22%3A%22DEFAULT_GROUP%40%40nacos-provider%22%2C%22weight%22%3A1.0%7D&serviceName=DEFAULT_GROUP%40%40nacos-provider&encoding=UTF-8&namespaceId=public HTTP/1.1" 200 38 2 Nacos-Java-Client:v1.0.0
127.0.0.1 - - [04/Aug/2024:12:10:44 +0800] "PUT /nacos/v1/ns/instance/beat?beat=%7B%22cluster%22%3A%22DEFAULT%22%2C%22ip%22%3A%22192.168.1.102%22%2C%22metadata%22%3A%7B%22preserved.register.source%22%3A%22SPRING_CLOUD%22%7D%2C%22port%22%3A8763%2C%22scheduled%22%3Atrue%2C%22serviceName%22%3A%22DEFAULT_GROUP%40%40nacos-consumer%22%2C%22weight%22%3A1.0%7D&serviceName=DEFAULT_GROUP%40%40nacos-consumer&encoding=UTF-8&namespaceId=public HTTP/1.1" 200 38 1 Nacos-Java-Client:v1.0.0
127.0.0.1 - - [04/Aug/2024:12:10:44 +0800] "GET /nacos/v1/ns/instance/list?healthyOnly=false&namespaceId=public&clientIP=127.0.0.1&serviceName=DEFAULT_GROUP%40%40nacos-consumer&udpPort=65209&encoding=UTF-8 HTTP/1.1" 200 576 3 Nacos-Java-Client:v1.0.0
127.0.0.1 - - [04/Aug/2024:12:10:45 +0800] "GET /nacos/v1/ns/instance/list?healthyOnly=false&namespaceId=public&clientIP=127.0.0.1&serviceName=DEFAULT_GROUP%40%40nacos-provider&udpPort=65209&encoding=UTF-8 HTTP/1.1" 200 576 3 Nacos-Java-Client:v1.0.0
192.168.1.102 - - [04/Aug/2024:12:10:46 +0800] "GET /nacos/v1/cs/health HTTP/1.1" 200 2 2 Apache-HttpAsyncClient/4.1.3 (Java/22.0.1)
127.0.0.1 - - [04/Aug/2024:12:10:48 +0800] "PUT /nacos/v1/ns/instance/beat?beat=%7B%22cluster%22%3A%22DEFAULT%22%2C%22ip%22%3A%22192.168.1.102%22%2C%22metadata%22%3A%7B%22preserved.register.source%22%3A%22SPRING_CLOUD%22%7D%2C%22port%22%3A8762%2C%22scheduled%22%3Atrue%2C%22serviceName%22%3A%22DEFAULT_GROUP%40%40nacos-provider%22%2C%22weight%22%3A1.0%7D&serviceName=DEFAULT_GROUP%40%40nacos-provider&encoding=UTF-8&namespaceId=public HTTP/1.1" 200 38 4 Nacos-Java-Client:v1.0.0
127.0.0.1 - - [04/Aug/2024:12:10:49 +0800] "PUT /nacos/v1/ns/instance/beat?beat=%7B%22cluster%22%3A%22DEFAULT%22%2C%22ip%22%3A%22192.168.1.102%22%2C%22metadata%22%3A%7B%22preserved.register.source%22%3A%22SPRING_CLOUD%22%7D%2C%22port%22%3A8763%2C%22scheduled%22%3Atrue%2C%22serviceName%22%3A%22DEFAULT_GROUP%40%40nacos-consumer%22%2C%22weight%22%3A1.0%7D&serviceName=DEFAULT_GROUP%40%40nacos-consumer&encoding=UTF-8&namespaceId=public HTTP/1.1" 200 38 2 Nacos-Java-Client:v1.0.0
192.168.1.102 - - [04/Aug/2024:12:10:51 +0800] "GET /nacos/v1/cs/health HTTP/1.1" 200 2 3 Apache-HttpAsyncClient/4.1.3 (Java/22.0.1)
127.0.0.1 - - [04/Aug/2024:12:10:51 +0800] "GET /nacos/v1/ns/instance/list?healthyOnly=false&namespaceId=public&clientIP=127.0.0.1&serviceName=DEFAULT_GROUP%40%40nacos-consumer&udpPort=56190&encoding=UTF-8 HTTP/1.1" 200 576 4 Nacos-Java-Client:v1.0.0
127.0.0.1 - - [04/Aug/2024:12:10:51 +0800] "GET /nacos/v1/ns/instance/list?healthyOnly=false&namespaceId=public&clientIP=127.0.0.1&serviceName=DEFAULT_GROUP%40%40nacos-provider&udpPort=56190&encoding=UTF-8 HTTP/1.1" 200 576 5 Nacos-Java-Client:v1.0.0
127.0.0.1 - - [04/Aug/2024:12:10:52 +0800] "GET /nacos/v1/ns/service/list?pageSize=2147483647&groupName=DEFAULT_GROUP&encoding=UTF-8&namespaceId=public&pageNo=1 HTTP/1.1" 200 65 4 Nacos-Java-Client:v1.0.0
127.0.0.1 - - [04/Aug/2024:12:10:53 +0800] "PUT /nacos/v1/ns/instance/beat?beat=%7B%22cluster%22%3A%22DEFAULT%22%2C%22ip%22%3A%22192.168.1.102%22%2C%22metadata%22%3A%7B%22preserved.register.source%22%3A%22SPRING_CLOUD%22%7D%2C%22port%22%3A8762%2C%22scheduled%22%3Atrue%2C%22serviceName%22%3A%22DEFAULT_GROUP%40%40nacos-provider%22%2C%22weight%22%3A1.0%7D&serviceName=DEFAULT_GROUP%40%40nacos-provider&encoding=UTF-8&namespaceId=public HTTP/1.1" 200 38 4 Nacos-Java-Client:v1.0.0
127.0.0.1 - - [04/Aug/2024:12:10:54 +0800] "PUT /nacos/v1/ns/instance/beat?beat=%7B%22cluster%22%3A%22DEFAULT%22%2C%22ip%22%3A%22192.168.1.102%22%2C%22metadata%22%3A%7B%22preserved.register.source%22%3A%22SPRING_CLOUD%22%7D%2C%22port%22%3A8763%2C%22scheduled%22%3Atrue%2C%22serviceName%22%3A%22DEFAULT_GROUP%40%40nacos-consumer%22%2C%22weight%22%3A1.0%7D&serviceName=DEFAULT_GROUP%40%40nacos-consumer&encoding=UTF-8&namespaceId=public HTTP/1.1" 200 38 2 Nacos-Java-Client:v1.0.0
127.0.0.1 - - [04/Aug/2024:12:10:54 +0800] "GET /nacos/v1/ns/instance/list?healthyOnly=false&namespaceId=public&clientIP=127.0.0.1&serviceName=DEFAULT_GROUP%40%40nacos-consumer&udpPort=65209&encoding=UTF-8 HTTP/1.1" 200 576 3 Nacos-Java-Client:v1.0.0
127.0.0.1 - - [04/Aug/2024:12:10:55 +0800] "GET /nacos/v1/ns/instance/list?healthyOnly=false&namespaceId=public&clientIP=127.0.0.1&serviceName=DEFAULT_GROUP%40%40nacos-provider&udpPort=65209&encoding=UTF-8 HTTP/1.1" 200 576 2 Nacos-Java-Client:v1.0.0
192.168.1.102 - - [04/Aug/2024:12:10:56 +0800] "GET /nacos/v1/cs/health HTTP/1.1" 200 2 3 Apache-HttpAsyncClient/4.1.3 (Java/22.0.1)
127.0.0.1 - - [04/Aug/2024:12:10:58 +0800] "PUT /nacos/v1/ns/instance/beat?beat=%7B%22cluster%22%3A%22DEFAULT%22%2C%22ip%22%3A%22192.168.1.102%22%2C%22metadata%22%3A%7B%22preserved.register.source%22%3A%22SPRING_CLOUD%22%7D%2C%22port%22%3A8762%2C%22scheduled%22%3Atrue%2C%22serviceName%22%3A%22DEFAULT_GROUP%40%40nacos-provider%22%2C%22weight%22%3A1.0%7D&serviceName=DEFAULT_GROUP%40%40nacos-provider&encoding=UTF-8&namespaceId=public HTTP/1.1" 200 38 4 Nacos-Java-Client:v1.0.0
127.0.0.1 - - [04/Aug/2024:12:10:59 +0800] "PUT /nacos/v1/ns/instance/beat?beat=%7B%22cluster%22%3A%22DEFAULT%22%2C%22ip%22%3A%22192.168.1.102%22%2C%22metadata%22%3A%7B%22preserved.register.source%22%3A%22SPRING_CLOUD%22%7D%2C%22port%22%3A8763%2C%22scheduled%22%3Atrue%2C%22serviceName%22%3A%22DEFAULT_GROUP%40%40nacos-consumer%22%2C%22weight%22%3A1.0%7D&serviceName=DEFAULT_GROUP%40%40nacos-consumer&encoding=UTF-8&namespaceId=public HTTP/1.1" 200 38 2 Nacos-Java-Client:v1.0.0
192.168.1.102 - - [04/Aug/2024:12:11:01 +0800] "GET /nacos/v1/cs/health HTTP/1.1" 200 2 2 Apache-HttpAsyncClient/4.1.3 (Java/22.0.1)
127.0.0.1 - - [04/Aug/2024:12:11:01 +0800] "GET /nacos/v1/ns/instance/list?healthyOnly=false&namespaceId=public&clientIP=127.0.0.1&serviceName=DEFAULT_GROUP%40%40nacos-consumer&udpPort=56190&encoding=UTF-8 HTTP/1.1" 200 576 3 Nacos-Java-Client:v1.0.0
127.0.0.1 - - [04/Aug/2024:12:11:01 +0800] "GET /nacos/v1/ns/instance/list?healthyOnly=false&namespaceId=public&clientIP=127.0.0.1&serviceName=DEFAULT_GROUP%40%40nacos-provider&udpPort=56190&encoding=UTF-8 HTTP/1.1" 200 576 5 Nacos-Java-Client:v1.0.0
127.0.0.1 - - [04/Aug/2024:12:11:03 +0800] "PUT /nacos/v1/ns/instance/beat?beat=%7B%22cluster%22%3A%22DEFAULT%22%2C%22ip%22%3A%22192.168.1.102%22%2C%22metadata%22%3A%7B%22preserved.register.source%22%3A%22SPRING_CLOUD%22%7D%2C%22port%22%3A8762%2C%22scheduled%22%3Atrue%2C%22serviceName%22%3A%22DEFAULT_GROUP%40%40nacos-provider%22%2C%22weight%22%3A1.0%7D&serviceName=DEFAULT_GROUP%40%40nacos-provider&encoding=UTF-8&namespaceId=public HTTP/1.1" 200 38 6 Nacos-Java-Client:v1.0.0
127.0.0.1 - - [04/Aug/2024:12:11:04 +0800] "PUT /nacos/v1/ns/instance/beat?beat=%7B%22cluster%22%3A%22DEFAULT%22%2C%22ip%22%3A%22192.168.1.102%22%2C%22metadata%22%3A%7B%22preserved.register.source%22%3A%22SPRING_CLOUD%22%7D%2C%22port%22%3A8763%2C%22scheduled%22%3Atrue%2C%22serviceName%22%3A%22DEFAULT_GROUP%40%40nacos-consumer%22%2C%22weight%22%3A1.0%7D&serviceName=DEFAULT_GROUP%40%40nacos-consumer&encoding=UTF-8&namespaceId=public HTTP/1.1" 200 38 6 Nacos-Java-Client:v1.0.0
127.0.0.1 - - [04/Aug/2024:12:11:05 +0800] "GET /nacos/v1/ns/instance/list?healthyOnly=false&namespaceId=public&clientIP=127.0.0.1&serviceName=DEFAULT_GROUP%40%40nacos-consumer&udpPort=65209&encoding=UTF-8 HTTP/1.1" 200 576 2 Nacos-Java-Client:v1.0.0
127.0.0.1 - - [04/Aug/2024:12:11:05 +0800] "GET /nacos/v1/ns/instance/list?healthyOnly=false&namespaceId=public&clientIP=127.0.0.1&serviceName=DEFAULT_GROUP%40%40nacos-provider&udpPort=65209&encoding=UTF-8 HTTP/1.1" 200 576 2 Nacos-Java-Client:v1.0.0
192.168.1.102 - - [04/Aug/2024:12:11:06 +0800] "GET /nacos/v1/cs/health HTTP/1.1" 200 2 2 Apache-HttpAsyncClient/4.1.3 (Java/22.0.1)
127.0.0.1 - - [04/Aug/2024:12:11:08 +0800] "PUT /nacos/v1/ns/instance/beat?beat=%7B%22cluster%22%3A%22DEFAULT%22%2C%22ip%22%3A%22192.168.1.102%22%2C%22metadata%22%3A%7B%22preserved.register.source%22%3A%22SPRING_CLOUD%22%7D%2C%22port%22%3A8762%2C%22scheduled%22%3Atrue%2C%22serviceName%22%3A%22DEFAULT_GROUP%40%40nacos-provider%22%2C%22weight%22%3A1.0%7D&serviceName=DEFAULT_GROUP%40%40nacos-provider&encoding=UTF-8&namespaceId=public HTTP/1.1" 200 38 4 Nacos-Java-Client:v1.0.0
127.0.0.1 - - [04/Aug/2024:12:11:09 +0800] "PUT /nacos/v1/ns/instance/beat?beat=%7B%22cluster%22%3A%22DEFAULT%22%2C%22ip%22%3A%22192.168.1.102%22%2C%22metadata%22%3A%7B%22preserved.register.source%22%3A%22SPRING_CLOUD%22%7D%2C%22port%22%3A8763%2C%22scheduled%22%3Atrue%2C%22serviceName%22%3A%22DEFAULT_GROUP%40%40nacos-consumer%22%2C%22weight%22%3A1.0%7D&serviceName=DEFAULT_GROUP%40%40nacos-consumer&encoding=UTF-8&namespaceId=public HTTP/1.1" 200 38 2 Nacos-Java-Client:v1.0.0
127.0.0.1 - - [04/Aug/2024:12:11:10 +0800] "GET /nacos/v1/ns/service/list?pageSize=2147483647&groupName=DEFAULT_GROUP&encoding=UTF-8&namespaceId=public&pageNo=1 HTTP/1.1" 200 65 5 Nacos-Java-Client:v1.0.0
192.168.1.102 - - [04/Aug/2024:12:11:11 +0800] "GET /nacos/v1/cs/health HTTP/1.1" 200 2 4 Apache-HttpAsyncClient/4.1.3 (Java/22.0.1)
127.0.0.1 - - [04/Aug/2024:12:11:11 +0800] "GET /nacos/v1/ns/instance/list?healthyOnly=false&namespaceId=public&clientIP=127.0.0.1&serviceName=DEFAULT_GROUP%40%40nacos-provider&udpPort=56190&encoding=UTF-8 HTTP/1.1" 200 576 2 Nacos-Java-Client:v1.0.0
127.0.0.1 - - [04/Aug/2024:12:11:11 +0800] "GET /nacos/v1/ns/instance/list?healthyOnly=false&namespaceId=public&clientIP=127.0.0.1&serviceName=DEFAULT_GROUP%40%40nacos-consumer&udpPort=56190&encoding=UTF-8 HTTP/1.1" 200 576 2 Nacos-Java-Client:v1.0.0
127.0.0.1 - - [04/Aug/2024:12:11:13 +0800] "PUT /nacos/v1/ns/instance/beat?beat=%7B%22cluster%22%3A%22DEFAULT%22%2C%22ip%22%3A%22192.168.1.102%22%2C%22metadata%22%3A%7B%22preserved.register.source%22%3A%22SPRING_CLOUD%22%7D%2C%22port%22%3A8762%2C%22scheduled%22%3Atrue%2C%22serviceName%22%3A%22DEFAULT_GROUP%40%40nacos-provider%22%2C%22weight%22%3A1.0%7D&serviceName=DEFAULT_GROUP%40%40nacos-provider&encoding=UTF-8&namespaceId=public HTTP/1.1" 200 38 4 Nacos-Java-Client:v1.0.0
127.0.0.1 - - [04/Aug/2024:12:11:14 +0800] "PUT /nacos/v1/ns/instance/beat?beat=%7B%22cluster%22%3A%22DEFAULT%22%2C%22ip%22%3A%22192.168.1.102%22%2C%22metadata%22%3A%7B%22preserved.register.source%22%3A%22SPRING_CLOUD%22%7D%2C%22port%22%3A8763%2C%22scheduled%22%3Atrue%2C%22serviceName%22%3A%22DEFAULT_GROUP%40%40nacos-consumer%22%2C%22weight%22%3A1.0%7D&serviceName=DEFAULT_GROUP%40%40nacos-consumer&encoding=UTF-8&namespaceId=public HTTP/1.1" 200 38 3 Nacos-Java-Client:v1.0.0
127.0.0.1 - - [04/Aug/2024:12:11:15 +0800] "GET /nacos/v1/ns/instance/list?healthyOnly=false&namespaceId=public&clientIP=127.0.0.1&serviceName=DEFAULT_GROUP%40%40nacos-consumer&udpPort=65209&encoding=UTF-8 HTTP/1.1" 200 576 2 Nacos-Java-Client:v1.0.0
127.0.0.1 - - [04/Aug/2024:12:11:15 +0800] "GET /nacos/v1/ns/instance/list?healthyOnly=false&namespaceId=public&clientIP=127.0.0.1&serviceName=DEFAULT_GROUP%40%40nacos-provider&udpPort=65209&encoding=UTF-8 HTTP/1.1" 200 576 2 Nacos-Java-Client:v1.0.0
192.168.1.102 - - [04/Aug/2024:12:11:16 +0800] "GET /nacos/v1/cs/health HTTP/1.1" 200 2 2 Apache-HttpAsyncClient/4.1.3 (Java/22.0.1)
127.0.0.1 - - [04/Aug/2024:12:11:18 +0800] "PUT /nacos/v1/ns/instance/beat?beat=%7B%22cluster%22%3A%22DEFAULT%22%2C%22ip%22%3A%22192.168.1.102%22%2C%22metadata%22%3A%7B%22preserved.register.source%22%3A%22SPRING_CLOUD%22%7D%2C%22port%22%3A8762%2C%22scheduled%22%3Atrue%2C%22serviceName%22%3A%22DEFAULT_GROUP%40%40nacos-provider%22%2C%22weight%22%3A1.0%7D&serviceName=DEFAULT_GROUP%40%40nacos-provider&encoding=UTF-8&namespaceId=public HTTP/1.1" 200 38 2 Nacos-Java-Client:v1.0.0
127.0.0.1 - - [04/Aug/2024:12:11:19 +0800] "PUT /nacos/v1/ns/instance/beat?beat=%7B%22cluster%22%3A%22DEFAULT%22%2C%22ip%22%3A%22192.168.1.102%22%2C%22metadata%22%3A%7B%22preserved.register.source%22%3A%22SPRING_CLOUD%22%7D%2C%22port%22%3A8763%2C%22scheduled%22%3Atrue%2C%22serviceName%22%3A%22DEFAULT_GROUP%40%40nacos-consumer%22%2C%22weight%22%3A1.0%7D&serviceName=DEFAULT_GROUP%40%40nacos-consumer&encoding=UTF-8&namespaceId=public HTTP/1.1" 200 38 3 Nacos-Java-Client:v1.0.0
192.168.1.102 - - [04/Aug/2024:12:11:21 +0800] "GET /nacos/v1/cs/health HTTP/1.1" 200 2 3 Apache-HttpAsyncClient/4.1.3 (Java/22.0.1)
127.0.0.1 - - [04/Aug/2024:12:11:21 +0800] "GET /nacos/v1/ns/instance/list?healthyOnly=false&namespaceId=public&clientIP=127.0.0.1&serviceName=DEFAULT_GROUP%40%40nacos-provider&udpPort=56190&encoding=UTF-8 HTTP/1.1" 200 576 3 Nacos-Java-Client:v1.0.0
127.0.0.1 - - [04/Aug/2024:12:11:21 +0800] "GET /nacos/v1/ns/instance/list?healthyOnly=false&namespaceId=public&clientIP=127.0.0.1&serviceName=DEFAULT_GROUP%40%40nacos-consumer&udpPort=56190&encoding=UTF-8 HTTP/1.1" 200 576 3 Nacos-Java-Client:v1.0.0
127.0.0.1 - - [04/Aug/2024:12:11:22 +0800] "GET /nacos/v1/ns/service/list?pageSize=2147483647&groupName=DEFAULT_GROUP&encoding=UTF-8&namespaceId=public&pageNo=1 HTTP/1.1" 200 65 3 Nacos-Java-Client:v1.0.0
127.0.0.1 - - [04/Aug/2024:12:11:23 +0800] "PUT /nacos/v1/ns/instance/beat?beat=%7B%22cluster%22%3A%22DEFAULT%22%2C%22ip%22%3A%22192.168.1.102%22%2C%22metadata%22%3A%7B%22preserved.register.source%22%3A%22SPRING_CLOUD%22%7D%2C%22port%22%3A8762%2C%22scheduled%22%3Atrue%2C%22serviceName%22%3A%22DEFAULT_GROUP%40%40nacos-provider%22%2C%22weight%22%3A1.0%7D&serviceName=DEFAULT_GROUP%40%40nacos-provider&encoding=UTF-8&namespaceId=public HTTP/1.1" 200 38 6 Nacos-Java-Client:v1.0.0
127.0.0.1 - - [04/Aug/2024:12:11:24 +0800] "PUT /nacos/v1/ns/instance/beat?beat=%7B%22cluster%22%3A%22DEFAULT%22%2C%22ip%22%3A%22192.168.1.102%22%2C%22metadata%22%3A%7B%22preserved.register.source%22%3A%22SPRING_CLOUD%22%7D%2C%22port%22%3A8763%2C%22scheduled%22%3Atrue%2C%22serviceName%22%3A%22DEFAULT_GROUP%40%40nacos-consumer%22%2C%22weight%22%3A1.0%7D&serviceName=DEFAULT_GROUP%40%40nacos-consumer&encoding=UTF-8&namespaceId=public HTTP/1.1" 200 38 3 Nacos-Java-Client:v1.0.0
127.0.0.1 - - [04/Aug/2024:12:11:25 +0800] "GET /nacos/v1/ns/instance/list?healthyOnly=false&namespaceId=public&clientIP=127.0.0.1&serviceName=DEFAULT_GROUP%40%40nacos-consumer&udpPort=65209&encoding=UTF-8 HTTP/1.1" 200 576 4 Nacos-Java-Client:v1.0.0
127.0.0.1 - - [04/Aug/2024:12:11:25 +0800] "GET /nacos/v1/ns/instance/list?healthyOnly=false&namespaceId=public&clientIP=127.0.0.1&serviceName=DEFAULT_GROUP%40%40nacos-provider&udpPort=65209&encoding=UTF-8 HTTP/1.1" 200 576 2 Nacos-Java-Client:v1.0.0
192.168.1.102 - - [04/Aug/2024:12:11:26 +0800] "GET /nacos/v1/cs/health HTTP/1.1" 200 2 2 Apache-HttpAsyncClient/4.1.3 (Java/22.0.1)
127.0.0.1 - - [04/Aug/2024:12:11:28 +0800] "PUT /nacos/v1/ns/instance/beat?beat=%7B%22cluster%22%3A%22DEFAULT%22%2C%22ip%22%3A%22192.168.1.102%22%2C%22metadata%22%3A%7B%22preserved.register.source%22%3A%22SPRING_CLOUD%22%7D%2C%22port%22%3A8762%2C%22scheduled%22%3Atrue%2C%22serviceName%22%3A%22DEFAULT_GROUP%40%40nacos-provider%22%2C%22weight%22%3A1.0%7D&serviceName=DEFAULT_GROUP%40%40nacos-provider&encoding=UTF-8&namespaceId=public HTTP/1.1" 200 38 4 Nacos-Java-Client:v1.0.0
127.0.0.1 - - [04/Aug/2024:12:11:29 +0800] "PUT /nacos/v1/ns/instance/beat?beat=%7B%22cluster%22%3A%22DEFAULT%22%2C%22ip%22%3A%22192.168.1.102%22%2C%22metadata%22%3A%7B%22preserved.register.source%22%3A%22SPRING_CLOUD%22%7D%2C%22port%22%3A8763%2C%22scheduled%22%3Atrue%2C%22serviceName%22%3A%22DEFAULT_GROUP%40%40nacos-consumer%22%2C%22weight%22%3A1.0%7D&serviceName=DEFAULT_GROUP%40%40nacos-consumer&encoding=UTF-8&namespaceId=public HTTP/1.1" 200 38 3 Nacos-Java-Client:v1.0.0
192.168.1.102 - - [04/Aug/2024:12:11:31 +0800] "GET /nacos/v1/cs/health HTTP/1.1" 200 2 4 Apache-HttpAsyncClient/4.1.3 (Java/22.0.1)
127.0.0.1 - - [04/Aug/2024:12:11:31 +0800] "GET /nacos/v1/ns/instance/list?healthyOnly=false&namespaceId=public&clientIP=127.0.0.1&serviceName=DEFAULT_GROUP%40%40nacos-provider&udpPort=56190&encoding=UTF-8 HTTP/1.1" 200 576 3 Nacos-Java-Client:v1.0.0
127.0.0.1 - - [04/Aug/2024:12:11:31 +0800] "GET /nacos/v1/ns/instance/list?healthyOnly=false&namespaceId=public&clientIP=127.0.0.1&serviceName=DEFAULT_GROUP%40%40nacos-consumer&udpPort=56190&encoding=UTF-8 HTTP/1.1" 200 576 3 Nacos-Java-Client:v1.0.0
127.0.0.1 - - [04/Aug/2024:12:11:33 +0800] "PUT /nacos/v1/ns/instance/beat?beat=%7B%22cluster%22%3A%22DEFAULT%22%2C%22ip%22%3A%22192.168.1.102%22%2C%22metadata%22%3A%7B%22preserved.register.source%22%3A%22SPRING_CLOUD%22%7D%2C%22port%22%3A8762%2C%22scheduled%22%3Atrue%2C%22serviceName%22%3A%22DEFAULT_GROUP%40%40nacos-provider%22%2C%22weight%22%3A1.0%7D&serviceName=DEFAULT_GROUP%40%40nacos-provider&encoding=UTF-8&namespaceId=public HTTP/1.1" 200 38 4 Nacos-Java-Client:v1.0.0
127.0.0.1 - - [04/Aug/2024:12:11:34 +0800] "PUT /nacos/v1/ns/instance/beat?beat=%7B%22cluster%22%3A%22DEFAULT%22%2C%22ip%22%3A%22192.168.1.102%22%2C%22metadata%22%3A%7B%22preserved.register.source%22%3A%22SPRING_CLOUD%22%7D%2C%22port%22%3A8763%2C%22scheduled%22%3Atrue%2C%22serviceName%22%3A%22DEFAULT_GROUP%40%40nacos-consumer%22%2C%22weight%22%3A1.0%7D&serviceName=DEFAULT_GROUP%40%40nacos-consumer&encoding=UTF-8&namespaceId=public HTTP/1.1" 200 38 4 Nacos-Java-Client:v1.0.0
127.0.0.1 - - [04/Aug/2024:12:11:35 +0800] "GET /nacos/v1/ns/instance/list?healthyOnly=false&namespaceId=public&clientIP=127.0.0.1&serviceName=DEFAULT_GROUP%40%40nacos-consumer&udpPort=65209&encoding=UTF-8 HTTP/1.1" 200 576 4 Nacos-Java-Client:v1.0.0
127.0.0.1 - - [04/Aug/2024:12:11:35 +0800] "GET /nacos/v1/ns/instance/list?healthyOnly=false&namespaceId=public&clientIP=127.0.0.1&serviceName=DEFAULT_GROUP%40%40nacos-provider&udpPort=65209&encoding=UTF-8 HTTP/1.1" 200 576 2 Nacos-Java-Client:v1.0.0
192.168.1.102 - - [04/Aug/2024:12:11:36 +0800] "GET /nacos/v1/cs/health HTTP/1.1" 200 2 2 Apache-HttpAsyncClient/4.1.3 (Java/22.0.1)
127.0.0.1 - - [04/Aug/2024:12:11:38 +0800] "PUT /nacos/v1/ns/instance/beat?beat=%7B%22cluster%22%3A%22DEFAULT%22%2C%22ip%22%3A%22192.168.1.102%22%2C%22metadata%22%3A%7B%22preserved.register.source%22%3A%22SPRING_CLOUD%22%7D%2C%22port%22%3A8762%2C%22scheduled%22%3Atrue%2C%22serviceName%22%3A%22DEFAULT_GROUP%40%40nacos-provider%22%2C%22weight%22%3A1.0%7D&serviceName=DEFAULT_GROUP%40%40nacos-provider&encoding=UTF-8&namespaceId=public HTTP/1.1" 200 38 8 Nacos-Java-Client:v1.0.0
127.0.0.1 - - [04/Aug/2024:12:11:39 +0800] "PUT /nacos/v1/ns/instance/beat?beat=%7B%22cluster%22%3A%22DEFAULT%22%2C%22ip%22%3A%22192.168.1.102%22%2C%22metadata%22%3A%7B%22preserved.register.source%22%3A%22SPRING_CLOUD%22%7D%2C%22port%22%3A8763%2C%22scheduled%22%3Atrue%2C%22serviceName%22%3A%22DEFAULT_GROUP%40%40nacos-consumer%22%2C%22weight%22%3A1.0%7D&serviceName=DEFAULT_GROUP%40%40nacos-consumer&encoding=UTF-8&namespaceId=public HTTP/1.1" 200 38 3 Nacos-Java-Client:v1.0.0
127.0.0.1 - - [04/Aug/2024:12:11:40 +0800] "GET /nacos/v1/ns/service/list?pageSize=2147483647&groupName=DEFAULT_GROUP&encoding=UTF-8&namespaceId=public&pageNo=1 HTTP/1.1" 200 65 3 Nacos-Java-Client:v1.0.0
192.168.1.102 - - [04/Aug/2024:12:11:41 +0800] "GET /nacos/v1/cs/health HTTP/1.1" 200 2 3 Apache-HttpAsyncClient/4.1.3 (Java/22.0.1)
127.0.0.1 - - [04/Aug/2024:12:11:41 +0800] "GET /nacos/v1/ns/instance/list?healthyOnly=false&namespaceId=public&clientIP=127.0.0.1&serviceName=DEFAULT_GROUP%40%40nacos-provider&udpPort=56190&encoding=UTF-8 HTTP/1.1" 200 576 4 Nacos-Java-Client:v1.0.0
127.0.0.1 - - [04/Aug/2024:12:11:41 +0800] "GET /nacos/v1/ns/instance/list?healthyOnly=false&namespaceId=public&clientIP=127.0.0.1&serviceName=DEFAULT_GROUP%40%40nacos-consumer&udpPort=56190&encoding=UTF-8 HTTP/1.1" 200 576 4 Nacos-Java-Client:v1.0.0
127.0.0.1 - - [04/Aug/2024:12:11:43 +0800] "PUT /nacos/v1/ns/instance/beat?beat=%7B%22cluster%22%3A%22DEFAULT%22%2C%22ip%22%3A%22192.168.1.102%22%2C%22metadata%22%3A%7B%22preserved.register.source%22%3A%22SPRING_CLOUD%22%7D%2C%22port%22%3A8762%2C%22scheduled%22%3Atrue%2C%22serviceName%22%3A%22DEFAULT_GROUP%40%40nacos-provider%22%2C%22weight%22%3A1.0%7D&serviceName=DEFAULT_GROUP%40%40nacos-provider&encoding=UTF-8&namespaceId=public HTTP/1.1" 200 38 4 Nacos-Java-Client:v1.0.0
127.0.0.1 - - [04/Aug/2024:12:11:44 +0800] "PUT /nacos/v1/ns/instance/beat?beat=%7B%22cluster%22%3A%22DEFAULT%22%2C%22ip%22%3A%22192.168.1.102%22%2C%22metadata%22%3A%7B%22preserved.register.source%22%3A%22SPRING_CLOUD%22%7D%2C%22port%22%3A8763%2C%22scheduled%22%3Atrue%2C%22serviceName%22%3A%22DEFAULT_GROUP%40%40nacos-consumer%22%2C%22weight%22%3A1.0%7D&serviceName=DEFAULT_GROUP%40%40nacos-consumer&encoding=UTF-8&namespaceId=public HTTP/1.1" 200 38 4 Nacos-Java-Client:v1.0.0
127.0.0.1 - - [04/Aug/2024:12:11:45 +0800] "GET /nacos/v1/ns/instance/list?healthyOnly=false&namespaceId=public&clientIP=127.0.0.1&serviceName=DEFAULT_GROUP%40%40nacos-consumer&udpPort=65209&encoding=UTF-8 HTTP/1.1" 200 576 2 Nacos-Java-Client:v1.0.0
127.0.0.1 - - [04/Aug/2024:12:11:45 +0800] "GET /nacos/v1/ns/instance/list?healthyOnly=false&namespaceId=public&clientIP=127.0.0.1&serviceName=DEFAULT_GROUP%40%40nacos-provider&udpPort=65209&encoding=UTF-8 HTTP/1.1" 200 576 3 Nacos-Java-Client:v1.0.0
192.168.1.102 - - [04/Aug/2024:12:11:46 +0800] "GET /nacos/v1/cs/health HTTP/1.1" 200 2 12 Apache-HttpAsyncClient/4.1.3 (Java/22.0.1)
127.0.0.1 - - [04/Aug/2024:12:11:48 +0800] "PUT /nacos/v1/ns/instance/beat?beat=%7B%22cluster%22%3A%22DEFAULT%22%2C%22ip%22%3A%22192.168.1.102%22%2C%22metadata%22%3A%7B%22preserved.register.source%22%3A%22SPRING_CLOUD%22%7D%2C%22port%22%3A8762%2C%22scheduled%22%3Atrue%2C%22serviceName%22%3A%22DEFAULT_GROUP%40%40nacos-provider%22%2C%22weight%22%3A1.0%7D&serviceName=DEFAULT_GROUP%40%40nacos-provider&encoding=UTF-8&namespaceId=public HTTP/1.1" 200 38 4 Nacos-Java-Client:v1.0.0
127.0.0.1 - - [04/Aug/2024:12:11:49 +0800] "PUT /nacos/v1/ns/instance/beat?beat=%7B%22cluster%22%3A%22DEFAULT%22%2C%22ip%22%3A%22192.168.1.102%22%2C%22metadata%22%3A%7B%22preserved.register.source%22%3A%22SPRING_CLOUD%22%7D%2C%22port%22%3A8763%2C%22scheduled%22%3Atrue%2C%22serviceName%22%3A%22DEFAULT_GROUP%40%40nacos-consumer%22%2C%22weight%22%3A1.0%7D&serviceName=DEFAULT_GROUP%40%40nacos-consumer&encoding=UTF-8&namespaceId=public HTTP/1.1" 200 38 3 Nacos-Java-Client:v1.0.0
192.168.1.102 - - [04/Aug/2024:12:11:51 +0800] "GET /nacos/v1/cs/health HTTP/1.1" 200 2 4 Apache-HttpAsyncClient/4.1.3 (Java/22.0.1)
127.0.0.1 - - [04/Aug/2024:12:11:51 +0800] "GET /nacos/v1/ns/instance/list?healthyOnly=false&namespaceId=public&clientIP=127.0.0.1&serviceName=DEFAULT_GROUP%40%40nacos-consumer&udpPort=56190&encoding=UTF-8 HTTP/1.1" 200 576 3 Nacos-Java-Client:v1.0.0
127.0.0.1 - - [04/Aug/2024:12:11:51 +0800] "GET /nacos/v1/ns/instance/list?healthyOnly=false&namespaceId=public&clientIP=127.0.0.1&serviceName=DEFAULT_GROUP%40%40nacos-provider&udpPort=56190&encoding=UTF-8 HTTP/1.1" 200 576 3 Nacos-Java-Client:v1.0.0
