192.168.1.103 - - [10/Aug/2024:10:18:15 +0800] "GET /nacos/v1/cs/health HTTP/1.1" 200 2 53 Apache-HttpAsyncClient/4.1.3 (Java/22.0.1)
192.168.1.103 - - [10/Aug/2024:10:18:20 +0800] "GET /nacos/v1/cs/health HTTP/1.1" 200 2 9 Apache-HttpAsyncClient/4.1.3 (Java/22.0.1)
0:0:0:0:0:0:0:1 - - [10/Aug/2024:10:18:20 +0800] "GET /nacos/ HTTP/1.1" 200 2606 34 Mozilla/5.0 (Macintosh; Intel Mac OS X 10_15_7) AppleWebKit/605.1.15 (KHTML, like Gecko) Version/17.5 Safari/605.1.15
0:0:0:0:0:0:0:1 - - [10/Aug/2024:10:18:20 +0800] "GET /nacos/console-fe/public/css/bootstrap.css HTTP/1.1" 200 123285 9 Mozilla/5.0 (Macintosh; Intel Mac OS X 10_15_7) AppleWebKit/605.1.15 (KHTML, like Gecko) Version/17.5 Safari/605.1.15
0:0:0:0:0:0:0:1 - - [10/Aug/2024:10:18:20 +0800] "GET /nacos/css/main.css HTTP/1.1" 200 353530 13 Mozilla/5.0 (Macintosh; Intel Mac OS X 10_15_7) AppleWebKit/605.1.15 (KHTML, like Gecko) Version/17.5 Safari/605.1.15
0:0:0:0:0:0:0:1 - - [10/Aug/2024:10:18:20 +0800] "GET /nacos/console-fe/public/css/merge.css HTTP/1.1" 200 3857 17 Mozilla/5.0 (Macintosh; Intel Mac OS X 10_15_7) AppleWebKit/605.1.15 (KHTML, like Gecko) Version/17.5 Safari/605.1.15
0:0:0:0:0:0:0:1 - - [10/Aug/2024:10:18:20 +0800] "GET /nacos/console-fe/public/css/icon.css HTTP/1.1" 200 5166 20 Mozilla/5.0 (Macintosh; Intel Mac OS X 10_15_7) AppleWebKit/605.1.15 (KHTML, like Gecko) Version/17.5 Safari/605.1.15
0:0:0:0:0:0:0:1 - - [10/Aug/2024:10:18:20 +0800] "GET /nacos/console-fe/public/css/console1412.css HTTP/1.1" 200 156959 26 Mozilla/5.0 (Macintosh; Intel Mac OS X 10_15_7) AppleWebKit/605.1.15 (KHTML, like Gecko) Version/17.5 Safari/605.1.15
0:0:0:0:0:0:0:1 - - [10/Aug/2024:10:18:20 +0800] "GET /nacos/console-fe/public/css/font-awesome.css HTTP/1.1" 200 33841 22 Mozilla/5.0 (Macintosh; Intel Mac OS X 10_15_7) AppleWebKit/605.1.15 (KHTML, like Gecko) Version/17.5 Safari/605.1.15
0:0:0:0:0:0:0:1 - - [10/Aug/2024:10:18:20 +0800] "GET /nacos/console-fe/public/css/codemirror.css HTTP/1.1" 200 8849 29 Mozilla/5.0 (Macintosh; Intel Mac OS X 10_15_7) AppleWebKit/605.1.15 (KHTML, like Gecko) Version/17.5 Safari/605.1.15
0:0:0:0:0:0:0:1 - - [10/Aug/2024:10:18:20 +0800] "GET /nacos/console-fe/public/js/javascript.js HTTP/1.1" 200 32200 19 Mozilla/5.0 (Macintosh; Intel Mac OS X 10_15_7) AppleWebKit/605.1.15 (KHTML, like Gecko) Version/17.5 Safari/605.1.15
0:0:0:0:0:0:0:1 - - [10/Aug/2024:10:18:20 +0800] "GET /nacos/console-fe/public/js/jquery.js HTTP/1.1" 200 86658 24 Mozilla/5.0 (Macintosh; Intel Mac OS X 10_15_7) AppleWebKit/605.1.15 (KHTML, like Gecko) Version/17.5 Safari/605.1.15
0:0:0:0:0:0:0:1 - - [10/Aug/2024:10:18:20 +0800] "GET /nacos/console-fe/public/js/xml.js HTTP/1.1" 200 13050 16 Mozilla/5.0 (Macintosh; Intel Mac OS X 10_15_7) AppleWebKit/605.1.15 (KHTML, like Gecko) Version/17.5 Safari/605.1.15
0:0:0:0:0:0:0:1 - - [10/Aug/2024:10:18:20 +0800] "GET /nacos/console-fe/public/js/codemirror.js HTTP/1.1" 200 366237 23 Mozilla/5.0 (Macintosh; Intel Mac OS X 10_15_7) AppleWebKit/605.1.15 (KHTML, like Gecko) Version/17.5 Safari/605.1.15
0:0:0:0:0:0:0:1 - - [10/Aug/2024:10:18:20 +0800] "GET /nacos/console-fe/public/js/codemirror.addone.fullscreen.js HTTP/1.1" 200 1973 18 Mozilla/5.0 (Macintosh; Intel Mac OS X 10_15_7) AppleWebKit/605.1.15 (KHTML, like Gecko) Version/17.5 Safari/605.1.15
0:0:0:0:0:0:0:1 - - [10/Aug/2024:10:18:20 +0800] "GET /nacos/console-fe/public/js/codemirror.addone.lint.js HTTP/1.1" 200 8511 14 Mozilla/5.0 (Macintosh; Intel Mac OS X 10_15_7) AppleWebKit/605.1.15 (KHTML, like Gecko) Version/17.5 Safari/605.1.15
0:0:0:0:0:0:0:1 - - [10/Aug/2024:10:18:20 +0800] "GET /nacos/console-fe/public/js/codemirror.lib.clike-lint.js HTTP/1.1" 200 31521 14 Mozilla/5.0 (Macintosh; Intel Mac OS X 10_15_7) AppleWebKit/605.1.15 (KHTML, like Gecko) Version/17.5 Safari/605.1.15
0:0:0:0:0:0:0:1 - - [10/Aug/2024:10:18:20 +0800] "GET /nacos/console-fe/public/js/merge.js HTTP/1.1" 200 37874 15 Mozilla/5.0 (Macintosh; Intel Mac OS X 10_15_7) AppleWebKit/605.1.15 (KHTML, like Gecko) Version/17.5 Safari/605.1.15
0:0:0:0:0:0:0:1 - - [10/Aug/2024:10:18:20 +0800] "GET /nacos/console-fe/public/js/codemirror.addone.json-lint.js HTTP/1.1" 200 1433 19 Mozilla/5.0 (Macintosh; Intel Mac OS X 10_15_7) AppleWebKit/605.1.15 (KHTML, like Gecko) Version/17.5 Safari/605.1.15
0:0:0:0:0:0:0:1 - - [10/Aug/2024:10:18:20 +0800] "GET /nacos/console-fe/public/js/loader.js HTTP/1.1" 200 28899 16 Mozilla/5.0 (Macintosh; Intel Mac OS X 10_15_7) AppleWebKit/605.1.15 (KHTML, like Gecko) Version/17.5 Safari/605.1.15
0:0:0:0:0:0:0:1 - - [10/Aug/2024:10:18:20 +0800] "GET /nacos/console-fe/public/js/codemirror.lib.json-lint.js HTTP/1.1" 200 16797 23 Mozilla/5.0 (Macintosh; Intel Mac OS X 10_15_7) AppleWebKit/605.1.15 (KHTML, like Gecko) Version/17.5 Safari/605.1.15
0:0:0:0:0:0:0:1 - - [10/Aug/2024:10:18:20 +0800] "GET /nacos/console-fe/public/js/diff_match_patch.js HTTP/1.1" 200 19192 19 Mozilla/5.0 (Macintosh; Intel Mac OS X 10_15_7) AppleWebKit/605.1.15 (KHTML, like Gecko) Version/17.5 Safari/605.1.15
0:0:0:0:0:0:0:1 - - [10/Aug/2024:10:18:20 +0800] "GET /nacos/js/main.js HTTP/1.1" 200 1276154 13 Mozilla/5.0 (Macintosh; Intel Mac OS X 10_15_7) AppleWebKit/605.1.15 (KHTML, like Gecko) Version/17.5 Safari/605.1.15
0:0:0:0:0:0:0:1 - - [10/Aug/2024:10:18:20 +0800] "GET /nacos/console-fe/public/js/vs/editor/editor.main.js HTTP/1.1" 200 1824086 15 Mozilla/5.0 (Macintosh; Intel Mac OS X 10_15_7) AppleWebKit/605.1.15 (KHTML, like Gecko) Version/17.5 Safari/605.1.15
0:0:0:0:0:0:0:1 - - [10/Aug/2024:10:18:20 +0800] "GET /nacos/img/TB118jPv_mWBKNjSZFBXXXxUFXa-2000-390.svg HTTP/1.1" 200 2106 4 Mozilla/5.0 (Macintosh; Intel Mac OS X 10_15_7) AppleWebKit/605.1.15 (KHTML, like Gecko) Version/17.5 Safari/605.1.15
0:0:0:0:0:0:0:1 - - [10/Aug/2024:10:18:21 +0800] "GET /nacos/v1/console/server/state HTTP/1.1" 200 82 10 Mozilla/5.0 (Macintosh; Intel Mac OS X 10_15_7) AppleWebKit/605.1.15 (KHTML, like Gecko) Version/17.5 Safari/605.1.15
0:0:0:0:0:0:0:1 - - [10/Aug/2024:10:18:21 +0800] "GET /nacos/v1/console/namespaces?namespaceId= HTTP/1.1" 401 154 56 Mozilla/5.0 (Macintosh; Intel Mac OS X 10_15_7) AppleWebKit/605.1.15 (KHTML, like Gecko) Version/17.5 Safari/605.1.15
0:0:0:0:0:0:0:1 - - [10/Aug/2024:10:18:21 +0800] "GET /nacos/console-fe/public/js/vs/editor/editor.main.css HTTP/1.1" 200 172199 5 Mozilla/5.0 (Macintosh; Intel Mac OS X 10_15_7) AppleWebKit/605.1.15 (KHTML, like Gecko) Version/17.5 Safari/605.1.15
0:0:0:0:0:0:0:1 - - [10/Aug/2024:10:18:21 +0800] "GET /nacos/console-fe/public/js/vs/editor/editor.main.nls.zh-cn.js HTTP/1.1" 200 22854 3 Mozilla/5.0 (Macintosh; Intel Mac OS X 10_15_7) AppleWebKit/605.1.15 (KHTML, like Gecko) Version/17.5 Safari/605.1.15
0:0:0:0:0:0:0:1 - - [10/Aug/2024:10:18:21 +0800] "GET /nacos/console-fe/public/css/fonts/aliyun-console-font.ttf?t91au5 HTTP/1.1" 200 169536 6 Mozilla/5.0 (Macintosh; Intel Mac OS X 10_15_7) AppleWebKit/605.1.15 (KHTML, like Gecko) Version/17.5 Safari/605.1.15
0:0:0:0:0:0:0:1 - - [10/Aug/2024:10:18:21 +0800] "GET /nacos/v1/cs/configs?search=accurate&dataId=&group=&appName=&config_tags=&pageNo=1&pageSize=10&tenant=&namespaceId= HTTP/1.1" 200 - 28 Mozilla/5.0 (Macintosh; Intel Mac OS X 10_15_7) AppleWebKit/605.1.15 (KHTML, like Gecko) Version/17.5 Safari/605.1.15
0:0:0:0:0:0:0:1 - - [10/Aug/2024:10:18:21 +0800] "GET /nacos/img/nacos.png HTTP/1.1" 200 3588 3 Mozilla/5.0 (Macintosh; Intel Mac OS X 10_15_7) AppleWebKit/605.1.15 (KHTML, like Gecko) Version/17.5 Safari/605.1.15
0:0:0:0:0:0:0:1 - - [10/Aug/2024:10:18:21 +0800] "GET /nacos/img/black_dot.png HTTP/1.1" 200 114 3 Mozilla/5.0 (Macintosh; Intel Mac OS X 10_15_7) AppleWebKit/605.1.15 (KHTML, like Gecko) Version/17.5 Safari/605.1.15
127.0.0.1 - - [10/Aug/2024:10:18:24 +0800] "GET /nacos/v1/ns/service/list?pageSize=2147483647&groupName=DEFAULT_GROUP&encoding=UTF-8&namespaceId=public&pageNo=1 HTTP/1.1" 200 32 5 Nacos-Java-Client:v1.0.0
0:0:0:0:0:0:0:1 - - [10/Aug/2024:10:18:25 +0800] "POST /nacos/v1/auth/login HTTP/1.1" 200 60 228 Mozilla/5.0 (Macintosh; Intel Mac OS X 10_15_7) AppleWebKit/605.1.15 (KHTML, like Gecko) Version/17.5 Safari/605.1.15
192.168.1.103 - - [10/Aug/2024:10:18:25 +0800] "GET /nacos/v1/cs/health HTTP/1.1" 200 2 4 Apache-HttpAsyncClient/4.1.3 (Java/22.0.1)
0:0:0:0:0:0:0:1 - - [10/Aug/2024:10:18:29 +0800] "POST /nacos/v1/auth/login HTTP/1.1" 200 176 124 Mozilla/5.0 (Macintosh; Intel Mac OS X 10_15_7) AppleWebKit/605.1.15 (KHTML, like Gecko) Version/17.5 Safari/605.1.15
0:0:0:0:0:0:0:1 - - [10/Aug/2024:10:18:30 +0800] "GET /nacos/v1/console/server/state HTTP/1.1" 200 82 3 Mozilla/5.0 (Macintosh; Intel Mac OS X 10_15_7) AppleWebKit/605.1.15 (KHTML, like Gecko) Version/17.5 Safari/605.1.15
0:0:0:0:0:0:0:1 - - [10/Aug/2024:10:18:30 +0800] "GET /nacos/v1/console/namespaces?namespaceId= HTTP/1.1" 200 130 36 Mozilla/5.0 (Macintosh; Intel Mac OS X 10_15_7) AppleWebKit/605.1.15 (KHTML, like Gecko) Version/17.5 Safari/605.1.15
0:0:0:0:0:0:0:1 - - [10/Aug/2024:10:18:30 +0800] "GET /nacos/v1/cs/configs?search=accurate&dataId=&group=&appName=&config_tags=&pageNo=1&pageSize=10&tenant=&namespaceId= HTTP/1.1" 200 - 3 Mozilla/5.0 (Macintosh; Intel Mac OS X 10_15_7) AppleWebKit/605.1.15 (KHTML, like Gecko) Version/17.5 Safari/605.1.15
192.168.1.103 - - [10/Aug/2024:10:18:30 +0800] "GET /nacos/v1/cs/health HTTP/1.1" 200 2 6 Apache-HttpAsyncClient/4.1.3 (Java/22.0.1)
0:0:0:0:0:0:0:1 - - [10/Aug/2024:10:18:31 +0800] "GET /nacos/v1/ns/catalog/services?withInstances=false&pageNo=1&pageSize=10&keyword=&namespaceId= HTTP/1.1" 200 39 4 Mozilla/5.0 (Macintosh; Intel Mac OS X 10_15_7) AppleWebKit/605.1.15 (KHTML, like Gecko) Version/17.5 Safari/605.1.15
192.168.1.103 - - [10/Aug/2024:10:18:35 +0800] "GET /nacos/v1/cs/health HTTP/1.1" 200 2 6 Apache-HttpAsyncClient/4.1.3 (Java/22.0.1)
192.168.1.103 - - [10/Aug/2024:10:18:40 +0800] "GET /nacos/v1/cs/health HTTP/1.1" 200 2 5 Apache-HttpAsyncClient/4.1.3 (Java/22.0.1)
192.168.1.103 - - [10/Aug/2024:10:18:45 +0800] "GET /nacos/v1/cs/health HTTP/1.1" 200 2 6 Apache-HttpAsyncClient/4.1.3 (Java/22.0.1)
192.168.1.103 - - [10/Aug/2024:10:18:50 +0800] "GET /nacos/v1/cs/health HTTP/1.1" 200 2 3 Apache-HttpAsyncClient/4.1.3 (Java/22.0.1)
127.0.0.1 - - [10/Aug/2024:10:18:55 +0800] "GET /nacos/v1/ns/service/list?pageSize=2147483647&groupName=DEFAULT_GROUP&encoding=UTF-8&namespaceId=public&pageNo=1 HTTP/1.1" 200 32 7 Nacos-Java-Client:v1.0.0
192.168.1.103 - - [10/Aug/2024:10:18:55 +0800] "GET /nacos/v1/cs/health HTTP/1.1" 200 2 6 Apache-HttpAsyncClient/4.1.3 (Java/22.0.1)
192.168.1.103 - - [10/Aug/2024:10:19:00 +0800] "GET /nacos/v1/cs/health HTTP/1.1" 200 2 6 Apache-HttpAsyncClient/4.1.3 (Java/22.0.1)
192.168.1.103 - - [10/Aug/2024:10:19:05 +0800] "GET /nacos/v1/cs/health HTTP/1.1" 200 2 2 Apache-HttpAsyncClient/4.1.3 (Java/22.0.1)
192.168.1.103 - - [10/Aug/2024:10:19:10 +0800] "GET /nacos/v1/cs/health HTTP/1.1" 200 2 8 Apache-HttpAsyncClient/4.1.3 (Java/22.0.1)
192.168.1.103 - - [10/Aug/2024:10:19:15 +0800] "GET /nacos/v1/cs/health HTTP/1.1" 200 2 6 Apache-HttpAsyncClient/4.1.3 (Java/22.0.1)
192.168.1.103 - - [10/Aug/2024:10:19:20 +0800] "GET /nacos/v1/cs/health HTTP/1.1" 200 2 5 Apache-HttpAsyncClient/4.1.3 (Java/22.0.1)
127.0.0.1 - - [10/Aug/2024:10:19:25 +0800] "GET /nacos/v1/ns/service/list?pageSize=2147483647&groupName=DEFAULT_GROUP&encoding=UTF-8&namespaceId=public&pageNo=1 HTTP/1.1" 200 32 8 Nacos-Java-Client:v1.0.0
192.168.1.103 - - [10/Aug/2024:10:19:25 +0800] "GET /nacos/v1/cs/health HTTP/1.1" 200 2 5 Apache-HttpAsyncClient/4.1.3 (Java/22.0.1)
192.168.1.103 - - [10/Aug/2024:10:19:30 +0800] "GET /nacos/v1/cs/health HTTP/1.1" 200 2 5 Apache-HttpAsyncClient/4.1.3 (Java/22.0.1)
192.168.1.103 - - [10/Aug/2024:10:19:35 +0800] "GET /nacos/v1/cs/health HTTP/1.1" 200 2 5 Apache-HttpAsyncClient/4.1.3 (Java/22.0.1)
192.168.1.103 - - [10/Aug/2024:10:19:40 +0800] "GET /nacos/v1/cs/health HTTP/1.1" 200 2 4 Apache-HttpAsyncClient/4.1.3 (Java/22.0.1)
192.168.1.103 - - [10/Aug/2024:10:19:45 +0800] "GET /nacos/v1/cs/health HTTP/1.1" 200 2 5 Apache-HttpAsyncClient/4.1.3 (Java/22.0.1)
192.168.1.103 - - [10/Aug/2024:10:19:50 +0800] "GET /nacos/v1/cs/health HTTP/1.1" 200 2 5 Apache-HttpAsyncClient/4.1.3 (Java/22.0.1)
127.0.0.1 - - [10/Aug/2024:10:19:55 +0800] "GET /nacos/v1/ns/service/list?pageSize=2147483647&groupName=DEFAULT_GROUP&encoding=UTF-8&namespaceId=public&pageNo=1 HTTP/1.1" 200 32 7 Nacos-Java-Client:v1.0.0
192.168.1.103 - - [10/Aug/2024:10:19:55 +0800] "GET /nacos/v1/cs/health HTTP/1.1" 200 2 5 Apache-HttpAsyncClient/4.1.3 (Java/22.0.1)
192.168.1.103 - - [10/Aug/2024:10:20:00 +0800] "GET /nacos/v1/cs/health HTTP/1.1" 200 2 5 Apache-HttpAsyncClient/4.1.3 (Java/22.0.1)
192.168.1.103 - - [10/Aug/2024:10:20:05 +0800] "GET /nacos/v1/cs/health HTTP/1.1" 200 2 4 Apache-HttpAsyncClient/4.1.3 (Java/22.0.1)
192.168.1.103 - - [10/Aug/2024:10:20:10 +0800] "GET /nacos/v1/cs/health HTTP/1.1" 200 2 5 Apache-HttpAsyncClient/4.1.3 (Java/22.0.1)
192.168.1.103 - - [10/Aug/2024:10:20:15 +0800] "GET /nacos/v1/cs/health HTTP/1.1" 200 2 4 Apache-HttpAsyncClient/4.1.3 (Java/22.0.1)
192.168.1.103 - - [10/Aug/2024:10:20:20 +0800] "GET /nacos/v1/cs/health HTTP/1.1" 200 2 4 Apache-HttpAsyncClient/4.1.3 (Java/22.0.1)
127.0.0.1 - - [10/Aug/2024:10:20:25 +0800] "GET /nacos/v1/ns/service/list?pageSize=2147483647&groupName=DEFAULT_GROUP&encoding=UTF-8&namespaceId=public&pageNo=1 HTTP/1.1" 200 32 12 Nacos-Java-Client:v1.0.0
192.168.1.103 - - [10/Aug/2024:10:20:25 +0800] "GET /nacos/v1/cs/health HTTP/1.1" 200 2 5 Apache-HttpAsyncClient/4.1.3 (Java/22.0.1)
127.0.0.1 - - [10/Aug/2024:10:20:30 +0800] "GET /nacos/v1/ns/service/list?pageSize=2147483647&groupName=DEFAULT_GROUP&encoding=UTF-8&namespaceId=public&pageNo=1 HTTP/1.1" 200 32 5 Nacos-Java-Client:v1.0.0
127.0.0.1 - - [10/Aug/2024:10:20:30 +0800] "POST /nacos/v1/ns/instance?groupName=DEFAULT_GROUP&metadata=%7B%22preserved.register.source%22%3A%22SPRING_CLOUD%22%7D&namespaceId=public&port=8762&enable=true&healthy=true&clusterName=DEFAULT&ip=192.168.1.103&weight=1.0&ephemeral=true&serviceName=DEFAULT_GROUP%40%40nacos-provider&encoding=UTF-8 HTTP/1.1" 200 2 45 Nacos-Java-Client:v1.0.0
192.168.1.103 - - [10/Aug/2024:10:20:30 +0800] "GET /nacos/v1/cs/health HTTP/1.1" 200 2 4 Apache-HttpAsyncClient/4.1.3 (Java/22.0.1)
127.0.0.1 - - [10/Aug/2024:10:20:34 +0800] "PUT /nacos/v1/ns/instance/beat?beat=%7B%22cluster%22%3A%22DEFAULT%22%2C%22ip%22%3A%22192.168.1.103%22%2C%22metadata%22%3A%7B%22preserved.register.source%22%3A%22SPRING_CLOUD%22%7D%2C%22port%22%3A8762%2C%22scheduled%22%3Atrue%2C%22serviceName%22%3A%22DEFAULT_GROUP%40%40nacos-provider%22%2C%22weight%22%3A1.0%7D&serviceName=DEFAULT_GROUP%40%40nacos-provider&encoding=UTF-8&namespaceId=public HTTP/1.1" 200 38 39 Nacos-Java-Client:v1.0.0
192.168.1.103 - - [10/Aug/2024:10:20:35 +0800] "GET /nacos/v1/cs/health HTTP/1.1" 200 2 5 Apache-HttpAsyncClient/4.1.3 (Java/22.0.1)
127.0.0.1 - - [10/Aug/2024:10:20:39 +0800] "PUT /nacos/v1/ns/instance/beat?beat=%7B%22cluster%22%3A%22DEFAULT%22%2C%22ip%22%3A%22192.168.1.103%22%2C%22metadata%22%3A%7B%22preserved.register.source%22%3A%22SPRING_CLOUD%22%7D%2C%22port%22%3A8762%2C%22scheduled%22%3Atrue%2C%22serviceName%22%3A%22DEFAULT_GROUP%40%40nacos-provider%22%2C%22weight%22%3A1.0%7D&serviceName=DEFAULT_GROUP%40%40nacos-provider&encoding=UTF-8&namespaceId=public HTTP/1.1" 200 38 4 Nacos-Java-Client:v1.0.0
192.168.1.103 - - [10/Aug/2024:10:20:40 +0800] "GET /nacos/v1/cs/health HTTP/1.1" 200 2 5 Apache-HttpAsyncClient/4.1.3 (Java/22.0.1)
127.0.0.1 - - [10/Aug/2024:10:20:44 +0800] "PUT /nacos/v1/ns/instance/beat?beat=%7B%22cluster%22%3A%22DEFAULT%22%2C%22ip%22%3A%22192.168.1.103%22%2C%22metadata%22%3A%7B%22preserved.register.source%22%3A%22SPRING_CLOUD%22%7D%2C%22port%22%3A8762%2C%22scheduled%22%3Atrue%2C%22serviceName%22%3A%22DEFAULT_GROUP%40%40nacos-provider%22%2C%22weight%22%3A1.0%7D&serviceName=DEFAULT_GROUP%40%40nacos-provider&encoding=UTF-8&namespaceId=public HTTP/1.1" 200 38 7 Nacos-Java-Client:v1.0.0
192.168.1.103 - - [10/Aug/2024:10:20:45 +0800] "GET /nacos/v1/cs/health HTTP/1.1" 200 2 5 Apache-HttpAsyncClient/4.1.3 (Java/22.0.1)
127.0.0.1 - - [10/Aug/2024:10:20:49 +0800] "PUT /nacos/v1/ns/instance/beat?beat=%7B%22cluster%22%3A%22DEFAULT%22%2C%22ip%22%3A%22192.168.1.103%22%2C%22metadata%22%3A%7B%22preserved.register.source%22%3A%22SPRING_CLOUD%22%7D%2C%22port%22%3A8762%2C%22scheduled%22%3Atrue%2C%22serviceName%22%3A%22DEFAULT_GROUP%40%40nacos-provider%22%2C%22weight%22%3A1.0%7D&serviceName=DEFAULT_GROUP%40%40nacos-provider&encoding=UTF-8&namespaceId=public HTTP/1.1" 200 38 5 Nacos-Java-Client:v1.0.0
192.168.1.103 - - [10/Aug/2024:10:20:50 +0800] "GET /nacos/v1/cs/health HTTP/1.1" 200 2 5 Apache-HttpAsyncClient/4.1.3 (Java/22.0.1)
127.0.0.1 - - [10/Aug/2024:10:20:54 +0800] "PUT /nacos/v1/ns/instance/beat?beat=%7B%22cluster%22%3A%22DEFAULT%22%2C%22ip%22%3A%22192.168.1.103%22%2C%22metadata%22%3A%7B%22preserved.register.source%22%3A%22SPRING_CLOUD%22%7D%2C%22port%22%3A8762%2C%22scheduled%22%3Atrue%2C%22serviceName%22%3A%22DEFAULT_GROUP%40%40nacos-provider%22%2C%22weight%22%3A1.0%7D&serviceName=DEFAULT_GROUP%40%40nacos-provider&encoding=UTF-8&namespaceId=public HTTP/1.1" 200 38 7 Nacos-Java-Client:v1.0.0
127.0.0.1 - - [10/Aug/2024:10:20:55 +0800] "GET /nacos/v1/ns/service/list?pageSize=2147483647&groupName=DEFAULT_GROUP&encoding=UTF-8&namespaceId=public&pageNo=1 HTTP/1.1" 200 48 7 Nacos-Java-Client:v1.0.0
127.0.0.1 - - [10/Aug/2024:10:20:55 +0800] "GET /nacos/v1/ns/instance/list?healthyOnly=false&namespaceId=public&clientIP=127.0.0.1&serviceName=DEFAULT_GROUP%40%40nacos-provider&udpPort=61108&encoding=UTF-8 HTTP/1.1" 200 576 20 Nacos-Java-Client:v1.0.0
192.168.1.103 - - [10/Aug/2024:10:20:55 +0800] "GET /nacos/v1/cs/health HTTP/1.1" 200 2 5 Apache-HttpAsyncClient/4.1.3 (Java/22.0.1)
127.0.0.1 - - [10/Aug/2024:10:20:56 +0800] "GET /nacos/v1/ns/instance/list?healthyOnly=false&namespaceId=public&clientIP=127.0.0.1&serviceName=DEFAULT_GROUP%40%40nacos-provider&udpPort=61108&encoding=UTF-8 HTTP/1.1" 200 576 6 Nacos-Java-Client:v1.0.0
127.0.0.1 - - [10/Aug/2024:10:20:59 +0800] "PUT /nacos/v1/ns/instance/beat?beat=%7B%22cluster%22%3A%22DEFAULT%22%2C%22ip%22%3A%22192.168.1.103%22%2C%22metadata%22%3A%7B%22preserved.register.source%22%3A%22SPRING_CLOUD%22%7D%2C%22port%22%3A8762%2C%22scheduled%22%3Atrue%2C%22serviceName%22%3A%22DEFAULT_GROUP%40%40nacos-provider%22%2C%22weight%22%3A1.0%7D&serviceName=DEFAULT_GROUP%40%40nacos-provider&encoding=UTF-8&namespaceId=public HTTP/1.1" 200 38 4 Nacos-Java-Client:v1.0.0
127.0.0.1 - - [10/Aug/2024:10:21:00 +0800] "GET /nacos/v1/ns/service/list?pageSize=2147483647&groupName=DEFAULT_GROUP&encoding=UTF-8&namespaceId=public&pageNo=1 HTTP/1.1" 200 48 5 Nacos-Java-Client:v1.0.0
127.0.0.1 - - [10/Aug/2024:10:21:00 +0800] "GET /nacos/v1/ns/instance/list?healthyOnly=false&namespaceId=public&clientIP=127.0.0.1&serviceName=DEFAULT_GROUP%40%40nacos-provider&udpPort=60026&encoding=UTF-8 HTTP/1.1" 200 576 3 Nacos-Java-Client:v1.0.0
192.168.1.103 - - [10/Aug/2024:10:21:00 +0800] "GET /nacos/v1/cs/health HTTP/1.1" 200 2 4 Apache-HttpAsyncClient/4.1.3 (Java/22.0.1)
127.0.0.1 - - [10/Aug/2024:10:21:01 +0800] "GET /nacos/v1/ns/instance/list?healthyOnly=false&namespaceId=public&clientIP=127.0.0.1&serviceName=DEFAULT_GROUP%40%40nacos-provider&udpPort=60026&encoding=UTF-8 HTTP/1.1" 200 576 6 Nacos-Java-Client:v1.0.0
127.0.0.1 - - [10/Aug/2024:10:21:04 +0800] "PUT /nacos/v1/ns/instance/beat?beat=%7B%22cluster%22%3A%22DEFAULT%22%2C%22ip%22%3A%22192.168.1.103%22%2C%22metadata%22%3A%7B%22preserved.register.source%22%3A%22SPRING_CLOUD%22%7D%2C%22port%22%3A8762%2C%22scheduled%22%3Atrue%2C%22serviceName%22%3A%22DEFAULT_GROUP%40%40nacos-provider%22%2C%22weight%22%3A1.0%7D&serviceName=DEFAULT_GROUP%40%40nacos-provider&encoding=UTF-8&namespaceId=public HTTP/1.1" 200 38 5 Nacos-Java-Client:v1.0.0
192.168.1.103 - - [10/Aug/2024:10:21:05 +0800] "GET /nacos/v1/cs/health HTTP/1.1" 200 2 4 Apache-HttpAsyncClient/4.1.3 (Java/22.0.1)
127.0.0.1 - - [10/Aug/2024:10:21:06 +0800] "GET /nacos/v1/ns/instance/list?healthyOnly=false&namespaceId=public&clientIP=127.0.0.1&serviceName=DEFAULT_GROUP%40%40nacos-provider&udpPort=61108&encoding=UTF-8 HTTP/1.1" 200 576 8 Nacos-Java-Client:v1.0.0
127.0.0.1 - - [10/Aug/2024:10:21:09 +0800] "PUT /nacos/v1/ns/instance/beat?beat=%7B%22cluster%22%3A%22DEFAULT%22%2C%22ip%22%3A%22192.168.1.103%22%2C%22metadata%22%3A%7B%22preserved.register.source%22%3A%22SPRING_CLOUD%22%7D%2C%22port%22%3A8762%2C%22scheduled%22%3Atrue%2C%22serviceName%22%3A%22DEFAULT_GROUP%40%40nacos-provider%22%2C%22weight%22%3A1.0%7D&serviceName=DEFAULT_GROUP%40%40nacos-provider&encoding=UTF-8&namespaceId=public HTTP/1.1" 200 38 4 Nacos-Java-Client:v1.0.0
192.168.1.103 - - [10/Aug/2024:10:21:10 +0800] "GET /nacos/v1/cs/health HTTP/1.1" 200 2 3 Apache-HttpAsyncClient/4.1.3 (Java/22.0.1)
127.0.0.1 - - [10/Aug/2024:10:21:11 +0800] "GET /nacos/v1/ns/instance/list?healthyOnly=false&namespaceId=public&clientIP=127.0.0.1&serviceName=DEFAULT_GROUP%40%40nacos-provider&udpPort=60026&encoding=UTF-8 HTTP/1.1" 200 576 6 Nacos-Java-Client:v1.0.0
127.0.0.1 - - [10/Aug/2024:10:21:14 +0800] "PUT /nacos/v1/ns/instance/beat?beat=%7B%22cluster%22%3A%22DEFAULT%22%2C%22ip%22%3A%22192.168.1.103%22%2C%22metadata%22%3A%7B%22preserved.register.source%22%3A%22SPRING_CLOUD%22%7D%2C%22port%22%3A8762%2C%22scheduled%22%3Atrue%2C%22serviceName%22%3A%22DEFAULT_GROUP%40%40nacos-provider%22%2C%22weight%22%3A1.0%7D&serviceName=DEFAULT_GROUP%40%40nacos-provider&encoding=UTF-8&namespaceId=public HTTP/1.1" 200 38 10 Nacos-Java-Client:v1.0.0
192.168.1.103 - - [10/Aug/2024:10:21:15 +0800] "GET /nacos/v1/cs/health HTTP/1.1" 200 2 3 Apache-HttpAsyncClient/4.1.3 (Java/22.0.1)
127.0.0.1 - - [10/Aug/2024:10:21:16 +0800] "GET /nacos/v1/ns/instance/list?healthyOnly=false&namespaceId=public&clientIP=127.0.0.1&serviceName=DEFAULT_GROUP%40%40nacos-provider&udpPort=61108&encoding=UTF-8 HTTP/1.1" 200 576 8 Nacos-Java-Client:v1.0.0
127.0.0.1 - - [10/Aug/2024:10:21:19 +0800] "PUT /nacos/v1/ns/instance/beat?beat=%7B%22cluster%22%3A%22DEFAULT%22%2C%22ip%22%3A%22192.168.1.103%22%2C%22metadata%22%3A%7B%22preserved.register.source%22%3A%22SPRING_CLOUD%22%7D%2C%22port%22%3A8762%2C%22scheduled%22%3Atrue%2C%22serviceName%22%3A%22DEFAULT_GROUP%40%40nacos-provider%22%2C%22weight%22%3A1.0%7D&serviceName=DEFAULT_GROUP%40%40nacos-provider&encoding=UTF-8&namespaceId=public HTTP/1.1" 200 38 7 Nacos-Java-Client:v1.0.0
192.168.1.103 - - [10/Aug/2024:10:21:20 +0800] "GET /nacos/v1/cs/health HTTP/1.1" 200 2 3 Apache-HttpAsyncClient/4.1.3 (Java/22.0.1)
127.0.0.1 - - [10/Aug/2024:10:21:21 +0800] "GET /nacos/v1/ns/instance/list?healthyOnly=false&namespaceId=public&clientIP=127.0.0.1&serviceName=DEFAULT_GROUP%40%40nacos-provider&udpPort=60026&encoding=UTF-8 HTTP/1.1" 200 576 3 Nacos-Java-Client:v1.0.0
127.0.0.1 - - [10/Aug/2024:10:21:24 +0800] "PUT /nacos/v1/ns/instance/beat?beat=%7B%22cluster%22%3A%22DEFAULT%22%2C%22ip%22%3A%22192.168.1.103%22%2C%22metadata%22%3A%7B%22preserved.register.source%22%3A%22SPRING_CLOUD%22%7D%2C%22port%22%3A8762%2C%22scheduled%22%3Atrue%2C%22serviceName%22%3A%22DEFAULT_GROUP%40%40nacos-provider%22%2C%22weight%22%3A1.0%7D&serviceName=DEFAULT_GROUP%40%40nacos-provider&encoding=UTF-8&namespaceId=public HTTP/1.1" 200 38 5 Nacos-Java-Client:v1.0.0
127.0.0.1 - - [10/Aug/2024:10:21:25 +0800] "GET /nacos/v1/ns/service/list?pageSize=2147483647&groupName=DEFAULT_GROUP&encoding=UTF-8&namespaceId=public&pageNo=1 HTTP/1.1" 200 48 5 Nacos-Java-Client:v1.0.0
192.168.1.103 - - [10/Aug/2024:10:21:25 +0800] "GET /nacos/v1/cs/health HTTP/1.1" 200 2 3 Apache-HttpAsyncClient/4.1.3 (Java/22.0.1)
127.0.0.1 - - [10/Aug/2024:10:21:26 +0800] "GET /nacos/v1/ns/instance/list?healthyOnly=false&namespaceId=public&clientIP=127.0.0.1&serviceName=DEFAULT_GROUP%40%40nacos-provider&udpPort=61108&encoding=UTF-8 HTTP/1.1" 200 576 5 Nacos-Java-Client:v1.0.0
127.0.0.1 - - [10/Aug/2024:10:21:29 +0800] "PUT /nacos/v1/ns/instance/beat?beat=%7B%22cluster%22%3A%22DEFAULT%22%2C%22ip%22%3A%22192.168.1.103%22%2C%22metadata%22%3A%7B%22preserved.register.source%22%3A%22SPRING_CLOUD%22%7D%2C%22port%22%3A8762%2C%22scheduled%22%3Atrue%2C%22serviceName%22%3A%22DEFAULT_GROUP%40%40nacos-provider%22%2C%22weight%22%3A1.0%7D&serviceName=DEFAULT_GROUP%40%40nacos-provider&encoding=UTF-8&namespaceId=public HTTP/1.1" 200 38 6 Nacos-Java-Client:v1.0.0
127.0.0.1 - - [10/Aug/2024:10:21:30 +0800] "GET /nacos/v1/ns/service/list?pageSize=2147483647&groupName=DEFAULT_GROUP&encoding=UTF-8&namespaceId=public&pageNo=1 HTTP/1.1" 200 48 5 Nacos-Java-Client:v1.0.0
192.168.1.103 - - [10/Aug/2024:10:21:30 +0800] "GET /nacos/v1/cs/health HTTP/1.1" 200 2 4 Apache-HttpAsyncClient/4.1.3 (Java/22.0.1)
127.0.0.1 - - [10/Aug/2024:10:21:31 +0800] "GET /nacos/v1/ns/instance/list?healthyOnly=false&namespaceId=public&clientIP=127.0.0.1&serviceName=DEFAULT_GROUP%40%40nacos-provider&udpPort=60026&encoding=UTF-8 HTTP/1.1" 200 576 6 Nacos-Java-Client:v1.0.0
127.0.0.1 - - [10/Aug/2024:10:21:34 +0800] "PUT /nacos/v1/ns/instance/beat?beat=%7B%22cluster%22%3A%22DEFAULT%22%2C%22ip%22%3A%22192.168.1.103%22%2C%22metadata%22%3A%7B%22preserved.register.source%22%3A%22SPRING_CLOUD%22%7D%2C%22port%22%3A8762%2C%22scheduled%22%3Atrue%2C%22serviceName%22%3A%22DEFAULT_GROUP%40%40nacos-provider%22%2C%22weight%22%3A1.0%7D&serviceName=DEFAULT_GROUP%40%40nacos-provider&encoding=UTF-8&namespaceId=public HTTP/1.1" 200 38 6 Nacos-Java-Client:v1.0.0
192.168.1.103 - - [10/Aug/2024:10:21:35 +0800] "GET /nacos/v1/cs/health HTTP/1.1" 200 2 3 Apache-HttpAsyncClient/4.1.3 (Java/22.0.1)
127.0.0.1 - - [10/Aug/2024:10:21:36 +0800] "GET /nacos/v1/ns/instance/list?healthyOnly=false&namespaceId=public&clientIP=127.0.0.1&serviceName=DEFAULT_GROUP%40%40nacos-provider&udpPort=61108&encoding=UTF-8 HTTP/1.1" 200 576 5 Nacos-Java-Client:v1.0.0
127.0.0.1 - - [10/Aug/2024:10:21:39 +0800] "PUT /nacos/v1/ns/instance/beat?beat=%7B%22cluster%22%3A%22DEFAULT%22%2C%22ip%22%3A%22192.168.1.103%22%2C%22metadata%22%3A%7B%22preserved.register.source%22%3A%22SPRING_CLOUD%22%7D%2C%22port%22%3A8762%2C%22scheduled%22%3Atrue%2C%22serviceName%22%3A%22DEFAULT_GROUP%40%40nacos-provider%22%2C%22weight%22%3A1.0%7D&serviceName=DEFAULT_GROUP%40%40nacos-provider&encoding=UTF-8&namespaceId=public HTTP/1.1" 200 38 11 Nacos-Java-Client:v1.0.0
192.168.1.103 - - [10/Aug/2024:10:21:40 +0800] "GET /nacos/v1/cs/health HTTP/1.1" 200 2 4 Apache-HttpAsyncClient/4.1.3 (Java/22.0.1)
127.0.0.1 - - [10/Aug/2024:10:21:41 +0800] "GET /nacos/v1/ns/instance/list?healthyOnly=false&namespaceId=public&clientIP=127.0.0.1&serviceName=DEFAULT_GROUP%40%40nacos-provider&udpPort=60026&encoding=UTF-8 HTTP/1.1" 200 576 6 Nacos-Java-Client:v1.0.0
127.0.0.1 - - [10/Aug/2024:10:21:44 +0800] "PUT /nacos/v1/ns/instance/beat?beat=%7B%22cluster%22%3A%22DEFAULT%22%2C%22ip%22%3A%22192.168.1.103%22%2C%22metadata%22%3A%7B%22preserved.register.source%22%3A%22SPRING_CLOUD%22%7D%2C%22port%22%3A8762%2C%22scheduled%22%3Atrue%2C%22serviceName%22%3A%22DEFAULT_GROUP%40%40nacos-provider%22%2C%22weight%22%3A1.0%7D&serviceName=DEFAULT_GROUP%40%40nacos-provider&encoding=UTF-8&namespaceId=public HTTP/1.1" 200 38 4 Nacos-Java-Client:v1.0.0
192.168.1.103 - - [10/Aug/2024:10:21:45 +0800] "GET /nacos/v1/cs/health HTTP/1.1" 200 2 2 Apache-HttpAsyncClient/4.1.3 (Java/22.0.1)
127.0.0.1 - - [10/Aug/2024:10:21:46 +0800] "GET /nacos/v1/ns/instance/list?healthyOnly=false&namespaceId=public&clientIP=127.0.0.1&serviceName=DEFAULT_GROUP%40%40nacos-provider&udpPort=61108&encoding=UTF-8 HTTP/1.1" 200 576 7 Nacos-Java-Client:v1.0.0
127.0.0.1 - - [10/Aug/2024:10:21:49 +0800] "PUT /nacos/v1/ns/instance/beat?beat=%7B%22cluster%22%3A%22DEFAULT%22%2C%22ip%22%3A%22192.168.1.103%22%2C%22metadata%22%3A%7B%22preserved.register.source%22%3A%22SPRING_CLOUD%22%7D%2C%22port%22%3A8762%2C%22scheduled%22%3Atrue%2C%22serviceName%22%3A%22DEFAULT_GROUP%40%40nacos-provider%22%2C%22weight%22%3A1.0%7D&serviceName=DEFAULT_GROUP%40%40nacos-provider&encoding=UTF-8&namespaceId=public HTTP/1.1" 200 38 3 Nacos-Java-Client:v1.0.0
192.168.1.103 - - [10/Aug/2024:10:21:50 +0800] "GET /nacos/v1/cs/health HTTP/1.1" 200 2 5 Apache-HttpAsyncClient/4.1.3 (Java/22.0.1)
127.0.0.1 - - [10/Aug/2024:10:21:51 +0800] "GET /nacos/v1/ns/instance/list?healthyOnly=false&namespaceId=public&clientIP=127.0.0.1&serviceName=DEFAULT_GROUP%40%40nacos-provider&udpPort=60026&encoding=UTF-8 HTTP/1.1" 200 576 5 Nacos-Java-Client:v1.0.0
127.0.0.1 - - [10/Aug/2024:10:21:54 +0800] "PUT /nacos/v1/ns/instance/beat?beat=%7B%22cluster%22%3A%22DEFAULT%22%2C%22ip%22%3A%22192.168.1.103%22%2C%22metadata%22%3A%7B%22preserved.register.source%22%3A%22SPRING_CLOUD%22%7D%2C%22port%22%3A8762%2C%22scheduled%22%3Atrue%2C%22serviceName%22%3A%22DEFAULT_GROUP%40%40nacos-provider%22%2C%22weight%22%3A1.0%7D&serviceName=DEFAULT_GROUP%40%40nacos-provider&encoding=UTF-8&namespaceId=public HTTP/1.1" 200 38 6 Nacos-Java-Client:v1.0.0
127.0.0.1 - - [10/Aug/2024:10:21:55 +0800] "GET /nacos/v1/ns/service/list?pageSize=2147483647&groupName=DEFAULT_GROUP&encoding=UTF-8&namespaceId=public&pageNo=1 HTTP/1.1" 200 48 5 Nacos-Java-Client:v1.0.0
192.168.1.103 - - [10/Aug/2024:10:21:55 +0800] "GET /nacos/v1/cs/health HTTP/1.1" 200 2 4 Apache-HttpAsyncClient/4.1.3 (Java/22.0.1)
127.0.0.1 - - [10/Aug/2024:10:21:56 +0800] "GET /nacos/v1/ns/instance/list?healthyOnly=false&namespaceId=public&clientIP=127.0.0.1&serviceName=DEFAULT_GROUP%40%40nacos-provider&udpPort=61108&encoding=UTF-8 HTTP/1.1" 200 576 5 Nacos-Java-Client:v1.0.0
127.0.0.1 - - [10/Aug/2024:10:21:59 +0800] "PUT /nacos/v1/ns/instance/beat?beat=%7B%22cluster%22%3A%22DEFAULT%22%2C%22ip%22%3A%22192.168.1.103%22%2C%22metadata%22%3A%7B%22preserved.register.source%22%3A%22SPRING_CLOUD%22%7D%2C%22port%22%3A8762%2C%22scheduled%22%3Atrue%2C%22serviceName%22%3A%22DEFAULT_GROUP%40%40nacos-provider%22%2C%22weight%22%3A1.0%7D&serviceName=DEFAULT_GROUP%40%40nacos-provider&encoding=UTF-8&namespaceId=public HTTP/1.1" 200 38 7 Nacos-Java-Client:v1.0.0
127.0.0.1 - - [10/Aug/2024:10:22:00 +0800] "GET /nacos/v1/ns/service/list?pageSize=2147483647&groupName=DEFAULT_GROUP&encoding=UTF-8&namespaceId=public&pageNo=1 HTTP/1.1" 200 48 5 Nacos-Java-Client:v1.0.0
192.168.1.103 - - [10/Aug/2024:10:22:00 +0800] "GET /nacos/v1/cs/health HTTP/1.1" 200 2 1 Apache-HttpAsyncClient/4.1.3 (Java/22.0.1)
127.0.0.1 - - [10/Aug/2024:10:22:01 +0800] "GET /nacos/v1/ns/instance/list?healthyOnly=false&namespaceId=public&clientIP=127.0.0.1&serviceName=DEFAULT_GROUP%40%40nacos-provider&udpPort=60026&encoding=UTF-8 HTTP/1.1" 200 576 3 Nacos-Java-Client:v1.0.0
127.0.0.1 - - [10/Aug/2024:10:22:04 +0800] "PUT /nacos/v1/ns/instance/beat?beat=%7B%22cluster%22%3A%22DEFAULT%22%2C%22ip%22%3A%22192.168.1.103%22%2C%22metadata%22%3A%7B%22preserved.register.source%22%3A%22SPRING_CLOUD%22%7D%2C%22port%22%3A8762%2C%22scheduled%22%3Atrue%2C%22serviceName%22%3A%22DEFAULT_GROUP%40%40nacos-provider%22%2C%22weight%22%3A1.0%7D&serviceName=DEFAULT_GROUP%40%40nacos-provider&encoding=UTF-8&namespaceId=public HTTP/1.1" 200 38 7 Nacos-Java-Client:v1.0.0
192.168.1.103 - - [10/Aug/2024:10:22:05 +0800] "GET /nacos/v1/cs/health HTTP/1.1" 200 2 4 Apache-HttpAsyncClient/4.1.3 (Java/22.0.1)
127.0.0.1 - - [10/Aug/2024:10:22:06 +0800] "GET /nacos/v1/ns/instance/list?healthyOnly=false&namespaceId=public&clientIP=127.0.0.1&serviceName=DEFAULT_GROUP%40%40nacos-provider&udpPort=61108&encoding=UTF-8 HTTP/1.1" 200 576 3 Nacos-Java-Client:v1.0.0
127.0.0.1 - - [10/Aug/2024:10:22:09 +0800] "PUT /nacos/v1/ns/instance/beat?beat=%7B%22cluster%22%3A%22DEFAULT%22%2C%22ip%22%3A%22192.168.1.103%22%2C%22metadata%22%3A%7B%22preserved.register.source%22%3A%22SPRING_CLOUD%22%7D%2C%22port%22%3A8762%2C%22scheduled%22%3Atrue%2C%22serviceName%22%3A%22DEFAULT_GROUP%40%40nacos-provider%22%2C%22weight%22%3A1.0%7D&serviceName=DEFAULT_GROUP%40%40nacos-provider&encoding=UTF-8&namespaceId=public HTTP/1.1" 200 38 7 Nacos-Java-Client:v1.0.0
192.168.1.103 - - [10/Aug/2024:10:22:10 +0800] "GET /nacos/v1/cs/health HTTP/1.1" 200 2 3 Apache-HttpAsyncClient/4.1.3 (Java/22.0.1)
127.0.0.1 - - [10/Aug/2024:10:22:11 +0800] "GET /nacos/v1/ns/instance/list?healthyOnly=false&namespaceId=public&clientIP=127.0.0.1&serviceName=DEFAULT_GROUP%40%40nacos-provider&udpPort=60026&encoding=UTF-8 HTTP/1.1" 200 576 6 Nacos-Java-Client:v1.0.0
127.0.0.1 - - [10/Aug/2024:10:22:14 +0800] "PUT /nacos/v1/ns/instance/beat?beat=%7B%22cluster%22%3A%22DEFAULT%22%2C%22ip%22%3A%22192.168.1.103%22%2C%22metadata%22%3A%7B%22preserved.register.source%22%3A%22SPRING_CLOUD%22%7D%2C%22port%22%3A8762%2C%22scheduled%22%3Atrue%2C%22serviceName%22%3A%22DEFAULT_GROUP%40%40nacos-provider%22%2C%22weight%22%3A1.0%7D&serviceName=DEFAULT_GROUP%40%40nacos-provider&encoding=UTF-8&namespaceId=public HTTP/1.1" 200 38 7 Nacos-Java-Client:v1.0.0
192.168.1.103 - - [10/Aug/2024:10:22:15 +0800] "GET /nacos/v1/cs/health HTTP/1.1" 200 2 4 Apache-HttpAsyncClient/4.1.3 (Java/22.0.1)
127.0.0.1 - - [10/Aug/2024:10:22:16 +0800] "GET /nacos/v1/ns/instance/list?healthyOnly=false&namespaceId=public&clientIP=127.0.0.1&serviceName=DEFAULT_GROUP%40%40nacos-provider&udpPort=61108&encoding=UTF-8 HTTP/1.1" 200 576 4 Nacos-Java-Client:v1.0.0
127.0.0.1 - - [10/Aug/2024:10:22:19 +0800] "PUT /nacos/v1/ns/instance/beat?beat=%7B%22cluster%22%3A%22DEFAULT%22%2C%22ip%22%3A%22192.168.1.103%22%2C%22metadata%22%3A%7B%22preserved.register.source%22%3A%22SPRING_CLOUD%22%7D%2C%22port%22%3A8762%2C%22scheduled%22%3Atrue%2C%22serviceName%22%3A%22DEFAULT_GROUP%40%40nacos-provider%22%2C%22weight%22%3A1.0%7D&serviceName=DEFAULT_GROUP%40%40nacos-provider&encoding=UTF-8&namespaceId=public HTTP/1.1" 200 38 6 Nacos-Java-Client:v1.0.0
192.168.1.103 - - [10/Aug/2024:10:22:20 +0800] "GET /nacos/v1/cs/health HTTP/1.1" 200 2 2 Apache-HttpAsyncClient/4.1.3 (Java/22.0.1)
127.0.0.1 - - [10/Aug/2024:10:22:21 +0800] "GET /nacos/v1/ns/instance/list?healthyOnly=false&namespaceId=public&clientIP=127.0.0.1&serviceName=DEFAULT_GROUP%40%40nacos-provider&udpPort=60026&encoding=UTF-8 HTTP/1.1" 200 576 3 Nacos-Java-Client:v1.0.0
127.0.0.1 - - [10/Aug/2024:10:22:24 +0800] "PUT /nacos/v1/ns/instance/beat?beat=%7B%22cluster%22%3A%22DEFAULT%22%2C%22ip%22%3A%22192.168.1.103%22%2C%22metadata%22%3A%7B%22preserved.register.source%22%3A%22SPRING_CLOUD%22%7D%2C%22port%22%3A8762%2C%22scheduled%22%3Atrue%2C%22serviceName%22%3A%22DEFAULT_GROUP%40%40nacos-provider%22%2C%22weight%22%3A1.0%7D&serviceName=DEFAULT_GROUP%40%40nacos-provider&encoding=UTF-8&namespaceId=public HTTP/1.1" 200 38 5 Nacos-Java-Client:v1.0.0
127.0.0.1 - - [10/Aug/2024:10:22:25 +0800] "GET /nacos/v1/ns/service/list?pageSize=2147483647&groupName=DEFAULT_GROUP&encoding=UTF-8&namespaceId=public&pageNo=1 HTTP/1.1" 200 48 3 Nacos-Java-Client:v1.0.0
192.168.1.103 - - [10/Aug/2024:10:22:25 +0800] "GET /nacos/v1/cs/health HTTP/1.1" 200 2 3 Apache-HttpAsyncClient/4.1.3 (Java/22.0.1)
127.0.0.1 - - [10/Aug/2024:10:22:26 +0800] "GET /nacos/v1/ns/instance/list?healthyOnly=false&namespaceId=public&clientIP=127.0.0.1&serviceName=DEFAULT_GROUP%40%40nacos-provider&udpPort=61108&encoding=UTF-8 HTTP/1.1" 200 576 3 Nacos-Java-Client:v1.0.0
127.0.0.1 - - [10/Aug/2024:10:22:29 +0800] "PUT /nacos/v1/ns/instance/beat?beat=%7B%22cluster%22%3A%22DEFAULT%22%2C%22ip%22%3A%22192.168.1.103%22%2C%22metadata%22%3A%7B%22preserved.register.source%22%3A%22SPRING_CLOUD%22%7D%2C%22port%22%3A8762%2C%22scheduled%22%3Atrue%2C%22serviceName%22%3A%22DEFAULT_GROUP%40%40nacos-provider%22%2C%22weight%22%3A1.0%7D&serviceName=DEFAULT_GROUP%40%40nacos-provider&encoding=UTF-8&namespaceId=public HTTP/1.1" 200 38 9 Nacos-Java-Client:v1.0.0
127.0.0.1 - - [10/Aug/2024:10:22:30 +0800] "GET /nacos/v1/ns/service/list?pageSize=2147483647&groupName=DEFAULT_GROUP&encoding=UTF-8&namespaceId=public&pageNo=1 HTTP/1.1" 200 48 6 Nacos-Java-Client:v1.0.0
192.168.1.103 - - [10/Aug/2024:10:22:30 +0800] "GET /nacos/v1/cs/health HTTP/1.1" 200 2 3 Apache-HttpAsyncClient/4.1.3 (Java/22.0.1)
127.0.0.1 - - [10/Aug/2024:10:22:31 +0800] "GET /nacos/v1/ns/instance/list?healthyOnly=false&namespaceId=public&clientIP=127.0.0.1&serviceName=DEFAULT_GROUP%40%40nacos-provider&udpPort=60026&encoding=UTF-8 HTTP/1.1" 200 576 6 Nacos-Java-Client:v1.0.0
127.0.0.1 - - [10/Aug/2024:10:22:34 +0800] "PUT /nacos/v1/ns/instance/beat?beat=%7B%22cluster%22%3A%22DEFAULT%22%2C%22ip%22%3A%22192.168.1.103%22%2C%22metadata%22%3A%7B%22preserved.register.source%22%3A%22SPRING_CLOUD%22%7D%2C%22port%22%3A8762%2C%22scheduled%22%3Atrue%2C%22serviceName%22%3A%22DEFAULT_GROUP%40%40nacos-provider%22%2C%22weight%22%3A1.0%7D&serviceName=DEFAULT_GROUP%40%40nacos-provider&encoding=UTF-8&namespaceId=public HTTP/1.1" 200 38 3 Nacos-Java-Client:v1.0.0
192.168.1.103 - - [10/Aug/2024:10:22:35 +0800] "GET /nacos/v1/cs/health HTTP/1.1" 200 2 4 Apache-HttpAsyncClient/4.1.3 (Java/22.0.1)
127.0.0.1 - - [10/Aug/2024:10:22:36 +0800] "GET /nacos/v1/ns/instance/list?healthyOnly=false&namespaceId=public&clientIP=127.0.0.1&serviceName=DEFAULT_GROUP%40%40nacos-provider&udpPort=61108&encoding=UTF-8 HTTP/1.1" 200 576 5 Nacos-Java-Client:v1.0.0
127.0.0.1 - - [10/Aug/2024:10:22:39 +0800] "PUT /nacos/v1/ns/instance/beat?beat=%7B%22cluster%22%3A%22DEFAULT%22%2C%22ip%22%3A%22192.168.1.103%22%2C%22metadata%22%3A%7B%22preserved.register.source%22%3A%22SPRING_CLOUD%22%7D%2C%22port%22%3A8762%2C%22scheduled%22%3Atrue%2C%22serviceName%22%3A%22DEFAULT_GROUP%40%40nacos-provider%22%2C%22weight%22%3A1.0%7D&serviceName=DEFAULT_GROUP%40%40nacos-provider&encoding=UTF-8&namespaceId=public HTTP/1.1" 200 38 9 Nacos-Java-Client:v1.0.0
192.168.1.103 - - [10/Aug/2024:10:22:40 +0800] "GET /nacos/v1/cs/health HTTP/1.1" 200 2 4 Apache-HttpAsyncClient/4.1.3 (Java/22.0.1)
127.0.0.1 - - [10/Aug/2024:10:22:41 +0800] "GET /nacos/v1/ns/instance/list?healthyOnly=false&namespaceId=public&clientIP=127.0.0.1&serviceName=DEFAULT_GROUP%40%40nacos-provider&udpPort=60026&encoding=UTF-8 HTTP/1.1" 200 576 3 Nacos-Java-Client:v1.0.0
127.0.0.1 - - [10/Aug/2024:10:22:44 +0800] "PUT /nacos/v1/ns/instance/beat?beat=%7B%22cluster%22%3A%22DEFAULT%22%2C%22ip%22%3A%22192.168.1.103%22%2C%22metadata%22%3A%7B%22preserved.register.source%22%3A%22SPRING_CLOUD%22%7D%2C%22port%22%3A8762%2C%22scheduled%22%3Atrue%2C%22serviceName%22%3A%22DEFAULT_GROUP%40%40nacos-provider%22%2C%22weight%22%3A1.0%7D&serviceName=DEFAULT_GROUP%40%40nacos-provider&encoding=UTF-8&namespaceId=public HTTP/1.1" 200 38 8 Nacos-Java-Client:v1.0.0
192.168.1.103 - - [10/Aug/2024:10:22:45 +0800] "GET /nacos/v1/cs/health HTTP/1.1" 200 2 4 Apache-HttpAsyncClient/4.1.3 (Java/22.0.1)
127.0.0.1 - - [10/Aug/2024:10:22:46 +0800] "GET /nacos/v1/ns/instance/list?healthyOnly=false&namespaceId=public&clientIP=127.0.0.1&serviceName=DEFAULT_GROUP%40%40nacos-provider&udpPort=61108&encoding=UTF-8 HTTP/1.1" 200 576 9 Nacos-Java-Client:v1.0.0
127.0.0.1 - - [10/Aug/2024:10:22:49 +0800] "PUT /nacos/v1/ns/instance/beat?beat=%7B%22cluster%22%3A%22DEFAULT%22%2C%22ip%22%3A%22192.168.1.103%22%2C%22metadata%22%3A%7B%22preserved.register.source%22%3A%22SPRING_CLOUD%22%7D%2C%22port%22%3A8762%2C%22scheduled%22%3Atrue%2C%22serviceName%22%3A%22DEFAULT_GROUP%40%40nacos-provider%22%2C%22weight%22%3A1.0%7D&serviceName=DEFAULT_GROUP%40%40nacos-provider&encoding=UTF-8&namespaceId=public HTTP/1.1" 200 38 7 Nacos-Java-Client:v1.0.0
192.168.1.103 - - [10/Aug/2024:10:22:50 +0800] "GET /nacos/v1/cs/health HTTP/1.1" 200 2 4 Apache-HttpAsyncClient/4.1.3 (Java/22.0.1)
127.0.0.1 - - [10/Aug/2024:10:22:51 +0800] "GET /nacos/v1/ns/instance/list?healthyOnly=false&namespaceId=public&clientIP=127.0.0.1&serviceName=DEFAULT_GROUP%40%40nacos-provider&udpPort=60026&encoding=UTF-8 HTTP/1.1" 200 576 6 Nacos-Java-Client:v1.0.0
127.0.0.1 - - [10/Aug/2024:10:22:55 +0800] "PUT /nacos/v1/ns/instance/beat?beat=%7B%22cluster%22%3A%22DEFAULT%22%2C%22ip%22%3A%22192.168.1.103%22%2C%22metadata%22%3A%7B%22preserved.register.source%22%3A%22SPRING_CLOUD%22%7D%2C%22port%22%3A8762%2C%22scheduled%22%3Atrue%2C%22serviceName%22%3A%22DEFAULT_GROUP%40%40nacos-provider%22%2C%22weight%22%3A1.0%7D&serviceName=DEFAULT_GROUP%40%40nacos-provider&encoding=UTF-8&namespaceId=public HTTP/1.1" 200 38 43 Nacos-Java-Client:v1.0.0
127.0.0.1 - - [10/Aug/2024:10:22:55 +0800] "GET /nacos/v1/ns/service/list?pageSize=2147483647&groupName=DEFAULT_GROUP&encoding=UTF-8&namespaceId=public&pageNo=1 HTTP/1.1" 200 48 2 Nacos-Java-Client:v1.0.0
192.168.1.103 - - [10/Aug/2024:10:22:55 +0800] "GET /nacos/v1/cs/health HTTP/1.1" 200 2 4 Apache-HttpAsyncClient/4.1.3 (Java/22.0.1)
127.0.0.1 - - [10/Aug/2024:10:22:56 +0800] "GET /nacos/v1/ns/instance/list?healthyOnly=false&namespaceId=public&clientIP=127.0.0.1&serviceName=DEFAULT_GROUP%40%40nacos-provider&udpPort=61108&encoding=UTF-8 HTTP/1.1" 200 576 5 Nacos-Java-Client:v1.0.0
127.0.0.1 - - [10/Aug/2024:10:22:59 +0800] "GET /nacos/v1/ns/service/list?pageSize=2147483647&groupName=DEFAULT_GROUP&encoding=UTF-8&namespaceId=public&pageNo=1 HTTP/1.1" 200 48 7 Nacos-Java-Client:v1.0.0
127.0.0.1 - - [10/Aug/2024:10:22:59 +0800] "GET /nacos/v1/ns/instance/list?healthyOnly=false&namespaceId=public&clientIP=127.0.0.1&serviceName=DEFAULT_GROUP%40%40nacos-provider&udpPort=63709&encoding=UTF-8 HTTP/1.1" 200 576 3 Nacos-Java-Client:v1.0.0
127.0.0.1 - - [10/Aug/2024:10:22:59 +0800] "POST /nacos/v1/ns/instance?groupName=DEFAULT_GROUP&metadata=%7B%22preserved.register.source%22%3A%22SPRING_CLOUD%22%7D&namespaceId=public&port=8763&enable=true&healthy=true&clusterName=DEFAULT&ip=192.168.1.103&weight=1.0&ephemeral=true&serviceName=DEFAULT_GROUP%40%40nacos-consumer&encoding=UTF-8 HTTP/1.1" 200 2 4 Nacos-Java-Client:v1.0.0
127.0.0.1 - - [10/Aug/2024:10:23:00 +0800] "PUT /nacos/v1/ns/instance/beat?beat=%7B%22cluster%22%3A%22DEFAULT%22%2C%22ip%22%3A%22192.168.1.103%22%2C%22metadata%22%3A%7B%22preserved.register.source%22%3A%22SPRING_CLOUD%22%7D%2C%22port%22%3A8762%2C%22scheduled%22%3Atrue%2C%22serviceName%22%3A%22DEFAULT_GROUP%40%40nacos-provider%22%2C%22weight%22%3A1.0%7D&serviceName=DEFAULT_GROUP%40%40nacos-provider&encoding=UTF-8&namespaceId=public HTTP/1.1" 200 38 3 Nacos-Java-Client:v1.0.0
127.0.0.1 - - [10/Aug/2024:10:23:00 +0800] "GET /nacos/v1/ns/service/list?pageSize=2147483647&groupName=DEFAULT_GROUP&encoding=UTF-8&namespaceId=public&pageNo=1 HTTP/1.1" 200 65 2 Nacos-Java-Client:v1.0.0
127.0.0.1 - - [10/Aug/2024:10:23:00 +0800] "GET /nacos/v1/ns/instance/list?healthyOnly=false&namespaceId=public&clientIP=127.0.0.1&serviceName=DEFAULT_GROUP%40%40nacos-consumer&udpPort=60026&encoding=UTF-8 HTTP/1.1" 200 576 4 Nacos-Java-Client:v1.0.0
127.0.0.1 - - [10/Aug/2024:10:23:00 +0800] "GET /nacos/v1/ns/instance/list?healthyOnly=false&namespaceId=public&clientIP=127.0.0.1&serviceName=DEFAULT_GROUP%40%40nacos-provider&udpPort=63709&encoding=UTF-8 HTTP/1.1" 200 576 3 Nacos-Java-Client:v1.0.0
192.168.1.103 - - [10/Aug/2024:10:23:00 +0800] "GET /nacos/v1/cs/health HTTP/1.1" 200 2 3 Apache-HttpAsyncClient/4.1.3 (Java/22.0.1)
127.0.0.1 - - [10/Aug/2024:10:23:01 +0800] "GET /nacos/v1/ns/instance/list?healthyOnly=false&namespaceId=public&clientIP=127.0.0.1&serviceName=DEFAULT_GROUP%40%40nacos-consumer&udpPort=60026&encoding=UTF-8 HTTP/1.1" 200 576 4 Nacos-Java-Client:v1.0.0
127.0.0.1 - - [10/Aug/2024:10:23:01 +0800] "GET /nacos/v1/ns/instance/list?healthyOnly=false&namespaceId=public&clientIP=127.0.0.1&serviceName=DEFAULT_GROUP%40%40nacos-provider&udpPort=60026&encoding=UTF-8 HTTP/1.1" 200 576 3 Nacos-Java-Client:v1.0.0
127.0.0.1 - - [10/Aug/2024:10:23:03 +0800] "PUT /nacos/v1/ns/instance/beat?beat=%7B%22cluster%22%3A%22DEFAULT%22%2C%22ip%22%3A%22192.168.1.103%22%2C%22metadata%22%3A%7B%22preserved.register.source%22%3A%22SPRING_CLOUD%22%7D%2C%22port%22%3A8763%2C%22scheduled%22%3Atrue%2C%22serviceName%22%3A%22DEFAULT_GROUP%40%40nacos-consumer%22%2C%22weight%22%3A1.0%7D&serviceName=DEFAULT_GROUP%40%40nacos-consumer&encoding=UTF-8&namespaceId=public HTTP/1.1" 200 38 5 Nacos-Java-Client:v1.0.0
127.0.0.1 - - [10/Aug/2024:10:23:05 +0800] "PUT /nacos/v1/ns/instance/beat?beat=%7B%22cluster%22%3A%22DEFAULT%22%2C%22ip%22%3A%22192.168.1.103%22%2C%22metadata%22%3A%7B%22preserved.register.source%22%3A%22SPRING_CLOUD%22%7D%2C%22port%22%3A8762%2C%22scheduled%22%3Atrue%2C%22serviceName%22%3A%22DEFAULT_GROUP%40%40nacos-provider%22%2C%22weight%22%3A1.0%7D&serviceName=DEFAULT_GROUP%40%40nacos-provider&encoding=UTF-8&namespaceId=public HTTP/1.1" 200 38 5 Nacos-Java-Client:v1.0.0
192.168.1.103 - - [10/Aug/2024:10:23:05 +0800] "GET /nacos/v1/cs/health HTTP/1.1" 200 2 3 Apache-HttpAsyncClient/4.1.3 (Java/22.0.1)
127.0.0.1 - - [10/Aug/2024:10:23:06 +0800] "GET /nacos/v1/ns/instance/list?healthyOnly=false&namespaceId=public&clientIP=127.0.0.1&serviceName=DEFAULT_GROUP%40%40nacos-provider&udpPort=61108&encoding=UTF-8 HTTP/1.1" 200 576 5 Nacos-Java-Client:v1.0.0
127.0.0.1 - - [10/Aug/2024:10:23:08 +0800] "PUT /nacos/v1/ns/instance/beat?beat=%7B%22cluster%22%3A%22DEFAULT%22%2C%22ip%22%3A%22192.168.1.103%22%2C%22metadata%22%3A%7B%22preserved.register.source%22%3A%22SPRING_CLOUD%22%7D%2C%22port%22%3A8763%2C%22scheduled%22%3Atrue%2C%22serviceName%22%3A%22DEFAULT_GROUP%40%40nacos-consumer%22%2C%22weight%22%3A1.0%7D&serviceName=DEFAULT_GROUP%40%40nacos-consumer&encoding=UTF-8&namespaceId=public HTTP/1.1" 200 38 5 Nacos-Java-Client:v1.0.0
127.0.0.1 - - [10/Aug/2024:10:23:10 +0800] "PUT /nacos/v1/ns/instance/beat?beat=%7B%22cluster%22%3A%22DEFAULT%22%2C%22ip%22%3A%22192.168.1.103%22%2C%22metadata%22%3A%7B%22preserved.register.source%22%3A%22SPRING_CLOUD%22%7D%2C%22port%22%3A8762%2C%22scheduled%22%3Atrue%2C%22serviceName%22%3A%22DEFAULT_GROUP%40%40nacos-provider%22%2C%22weight%22%3A1.0%7D&serviceName=DEFAULT_GROUP%40%40nacos-provider&encoding=UTF-8&namespaceId=public HTTP/1.1" 200 38 4 Nacos-Java-Client:v1.0.0
127.0.0.1 - - [10/Aug/2024:10:23:10 +0800] "GET /nacos/v1/ns/instance/list?healthyOnly=false&namespaceId=public&clientIP=127.0.0.1&serviceName=DEFAULT_GROUP%40%40nacos-provider&udpPort=63709&encoding=UTF-8 HTTP/1.1" 200 576 5 Nacos-Java-Client:v1.0.0
192.168.1.103 - - [10/Aug/2024:10:23:10 +0800] "GET /nacos/v1/cs/health HTTP/1.1" 200 2 5 Apache-HttpAsyncClient/4.1.3 (Java/22.0.1)
127.0.0.1 - - [10/Aug/2024:10:23:11 +0800] "GET /nacos/v1/ns/instance/list?healthyOnly=false&namespaceId=public&clientIP=127.0.0.1&serviceName=DEFAULT_GROUP%40%40nacos-consumer&udpPort=60026&encoding=UTF-8 HTTP/1.1" 200 576 4 Nacos-Java-Client:v1.0.0
127.0.0.1 - - [10/Aug/2024:10:23:11 +0800] "GET /nacos/v1/ns/instance/list?healthyOnly=false&namespaceId=public&clientIP=127.0.0.1&serviceName=DEFAULT_GROUP%40%40nacos-provider&udpPort=60026&encoding=UTF-8 HTTP/1.1" 200 576 5 Nacos-Java-Client:v1.0.0
127.0.0.1 - - [10/Aug/2024:10:23:13 +0800] "PUT /nacos/v1/ns/instance/beat?beat=%7B%22cluster%22%3A%22DEFAULT%22%2C%22ip%22%3A%22192.168.1.103%22%2C%22metadata%22%3A%7B%22preserved.register.source%22%3A%22SPRING_CLOUD%22%7D%2C%22port%22%3A8763%2C%22scheduled%22%3Atrue%2C%22serviceName%22%3A%22DEFAULT_GROUP%40%40nacos-consumer%22%2C%22weight%22%3A1.0%7D&serviceName=DEFAULT_GROUP%40%40nacos-consumer&encoding=UTF-8&namespaceId=public HTTP/1.1" 200 38 2 Nacos-Java-Client:v1.0.0
127.0.0.1 - - [10/Aug/2024:10:23:15 +0800] "PUT /nacos/v1/ns/instance/beat?beat=%7B%22cluster%22%3A%22DEFAULT%22%2C%22ip%22%3A%22192.168.1.103%22%2C%22metadata%22%3A%7B%22preserved.register.source%22%3A%22SPRING_CLOUD%22%7D%2C%22port%22%3A8762%2C%22scheduled%22%3Atrue%2C%22serviceName%22%3A%22DEFAULT_GROUP%40%40nacos-provider%22%2C%22weight%22%3A1.0%7D&serviceName=DEFAULT_GROUP%40%40nacos-provider&encoding=UTF-8&namespaceId=public HTTP/1.1" 200 38 5 Nacos-Java-Client:v1.0.0
192.168.1.103 - - [10/Aug/2024:10:23:15 +0800] "GET /nacos/v1/cs/health HTTP/1.1" 200 2 3 Apache-HttpAsyncClient/4.1.3 (Java/22.0.1)
127.0.0.1 - - [10/Aug/2024:10:23:16 +0800] "GET /nacos/v1/ns/instance/list?healthyOnly=false&namespaceId=public&clientIP=127.0.0.1&serviceName=DEFAULT_GROUP%40%40nacos-provider&udpPort=61108&encoding=UTF-8 HTTP/1.1" 200 576 5 Nacos-Java-Client:v1.0.0
127.0.0.1 - - [10/Aug/2024:10:23:18 +0800] "PUT /nacos/v1/ns/instance/beat?beat=%7B%22cluster%22%3A%22DEFAULT%22%2C%22ip%22%3A%22192.168.1.103%22%2C%22metadata%22%3A%7B%22preserved.register.source%22%3A%22SPRING_CLOUD%22%7D%2C%22port%22%3A8763%2C%22scheduled%22%3Atrue%2C%22serviceName%22%3A%22DEFAULT_GROUP%40%40nacos-consumer%22%2C%22weight%22%3A1.0%7D&serviceName=DEFAULT_GROUP%40%40nacos-consumer&encoding=UTF-8&namespaceId=public HTTP/1.1" 200 38 8 Nacos-Java-Client:v1.0.0
127.0.0.1 - - [10/Aug/2024:10:23:20 +0800] "PUT /nacos/v1/ns/instance/beat?beat=%7B%22cluster%22%3A%22DEFAULT%22%2C%22ip%22%3A%22192.168.1.103%22%2C%22metadata%22%3A%7B%22preserved.register.source%22%3A%22SPRING_CLOUD%22%7D%2C%22port%22%3A8762%2C%22scheduled%22%3Atrue%2C%22serviceName%22%3A%22DEFAULT_GROUP%40%40nacos-provider%22%2C%22weight%22%3A1.0%7D&serviceName=DEFAULT_GROUP%40%40nacos-provider&encoding=UTF-8&namespaceId=public HTTP/1.1" 200 38 3 Nacos-Java-Client:v1.0.0
127.0.0.1 - - [10/Aug/2024:10:23:20 +0800] "GET /nacos/v1/ns/instance/list?healthyOnly=false&namespaceId=public&clientIP=127.0.0.1&serviceName=DEFAULT_GROUP%40%40nacos-provider&udpPort=63709&encoding=UTF-8 HTTP/1.1" 200 576 3 Nacos-Java-Client:v1.0.0
192.168.1.103 - - [10/Aug/2024:10:23:20 +0800] "GET /nacos/v1/cs/health HTTP/1.1" 200 2 5 Apache-HttpAsyncClient/4.1.3 (Java/22.0.1)
127.0.0.1 - - [10/Aug/2024:10:23:21 +0800] "GET /nacos/v1/ns/instance/list?healthyOnly=false&namespaceId=public&clientIP=127.0.0.1&serviceName=DEFAULT_GROUP%40%40nacos-consumer&udpPort=60026&encoding=UTF-8 HTTP/1.1" 200 576 3 Nacos-Java-Client:v1.0.0
127.0.0.1 - - [10/Aug/2024:10:23:21 +0800] "GET /nacos/v1/ns/instance/list?healthyOnly=false&namespaceId=public&clientIP=127.0.0.1&serviceName=DEFAULT_GROUP%40%40nacos-provider&udpPort=60026&encoding=UTF-8 HTTP/1.1" 200 576 4 Nacos-Java-Client:v1.0.0
