[2024-08-03T11:11:18.157+0800][gc,init] CardTable entry size: 512
[2024-08-03T11:11:18.157+0800][gc     ] Using G1
[2024-08-03T11:11:18.158+0800][gc,init] Version: 22.0.1+8-16 (release)
[2024-08-03T11:11:18.158+0800][gc,init] CPUs: 8 total, 8 available
[2024-08-03T11:11:18.158+0800][gc,init] Memory: 8192M
[2024-08-03T11:11:18.158+0800][gc,init] Large Page Support: Disabled
[2024-08-03T11:11:18.158+0800][gc,init] NUMA Support: Disabled
[2024-08-03T11:11:18.158+0800][gc,init] Compressed Oops: Enabled (Zero based)
[2024-08-03T11:11:18.158+0800][gc,init] Heap Region Size: 1M
[2024-08-03T11:11:18.158+0800][gc,init] Heap Min Capacity: 512M
[2024-08-03T11:11:18.158+0800][gc,init] Heap Initial Capacity: 512M
[2024-08-03T11:11:18.158+0800][gc,init] Heap Max Capacity: 512M
[2024-08-03T11:11:18.158+0800][gc,init] Pre-touch: Disabled
[2024-08-03T11:11:18.158+0800][gc,init] Parallel Workers: 8
[2024-08-03T11:11:18.158+0800][gc,init] Concurrent Workers: 2
[2024-08-03T11:11:18.158+0800][gc,init] Concurrent Refinement Workers: 8
[2024-08-03T11:11:18.158+0800][gc,init] Periodic GC: Disabled
[2024-08-03T11:11:18.162+0800][gc,metaspace] CDS archive(s) mapped at: [0x0000780000000000-0x0000780000c70000-0x0000780000c70000), size 13041664, SharedBaseAddress: 0x0000780000000000, ArchiveRelocationMode: 1.
[2024-08-03T11:11:18.162+0800][gc,metaspace] Compressed class space mapped at: 0x0000780001000000-0x0000780041000000, reserved size: 1073741824
[2024-08-03T11:11:18.162+0800][gc,metaspace] Narrow klass base: 0x0000780000000000, Narrow klass shift: 0, Narrow klass range: 0x100000000
[2024-08-03T11:11:18.930+0800][gc,start    ] GC(0) Pause Young (Normal) (G1 Evacuation Pause)
[2024-08-03T11:11:18.930+0800][gc,task     ] GC(0) Using 8 workers of 8 for evacuation
[2024-08-03T11:11:18.934+0800][gc,phases   ] GC(0)   Pre Evacuate Collection Set: 0.12ms
[2024-08-03T11:11:18.934+0800][gc,phases   ] GC(0)   Merge Heap Roots: 0.10ms
[2024-08-03T11:11:18.934+0800][gc,phases   ] GC(0)   Evacuate Collection Set: 2.80ms
[2024-08-03T11:11:18.934+0800][gc,phases   ] GC(0)   Post Evacuate Collection Set: 0.32ms
[2024-08-03T11:11:18.934+0800][gc,phases   ] GC(0)   Other: 0.20ms
[2024-08-03T11:11:18.934+0800][gc,heap     ] GC(0) Eden regions: 256->0(248)
[2024-08-03T11:11:18.934+0800][gc,heap     ] GC(0) Survivor regions: 0->8(32)
[2024-08-03T11:11:18.934+0800][gc,heap     ] GC(0) Old regions: 2->2
[2024-08-03T11:11:18.934+0800][gc,heap     ] GC(0) Humongous regions: 0->0
[2024-08-03T11:11:18.934+0800][gc,metaspace] GC(0) Metaspace: 16297K(16576K)->16297K(16576K) NonClass: 14292K(14400K)->14292K(14400K) Class: 2005K(2176K)->2005K(2176K)
[2024-08-03T11:11:18.934+0800][gc          ] GC(0) Pause Young (Normal) (G1 Evacuation Pause) 257M->8M(512M) 3.706ms
[2024-08-03T11:11:18.934+0800][gc,cpu      ] GC(0) User=0.02s Sys=0.00s Real=0.00s
[2024-08-03T11:11:19.183+0800][gc,start    ] GC(1) Pause Young (Concurrent Start) (Metadata GC Threshold)
[2024-08-03T11:11:19.183+0800][gc,task     ] GC(1) Using 8 workers of 8 for evacuation
[2024-08-03T11:11:19.186+0800][gc,phases   ] GC(1)   Pre Evacuate Collection Set: 0.11ms
[2024-08-03T11:11:19.186+0800][gc,phases   ] GC(1)   Merge Heap Roots: 0.04ms
[2024-08-03T11:11:19.186+0800][gc,phases   ] GC(1)   Evacuate Collection Set: 2.65ms
[2024-08-03T11:11:19.186+0800][gc,phases   ] GC(1)   Post Evacuate Collection Set: 0.32ms
[2024-08-03T11:11:19.186+0800][gc,phases   ] GC(1)   Other: 0.05ms
[2024-08-03T11:11:19.186+0800][gc,heap     ] GC(1) Eden regions: 105->0(246)
[2024-08-03T11:11:19.187+0800][gc,heap     ] GC(1) Survivor regions: 8->10(32)
[2024-08-03T11:11:19.187+0800][gc,heap     ] GC(1) Old regions: 2->2
[2024-08-03T11:11:19.187+0800][gc,heap     ] GC(1) Humongous regions: 0->0
[2024-08-03T11:11:19.187+0800][gc,metaspace] GC(1) Metaspace: 21233K(21504K)->21233K(21504K) NonClass: 18638K(18752K)->18638K(18752K) Class: 2594K(2752K)->2594K(2752K)
[2024-08-03T11:11:19.187+0800][gc          ] GC(1) Pause Young (Concurrent Start) (Metadata GC Threshold) 113M->11M(512M) 3.322ms
[2024-08-03T11:11:19.187+0800][gc          ] GC(2) Concurrent Mark Cycle
[2024-08-03T11:11:19.187+0800][gc,cpu      ] GC(1) User=0.02s Sys=0.00s Real=0.00s
[2024-08-03T11:11:19.187+0800][gc,marking  ] GC(2) Concurrent Scan Root Regions
[2024-08-03T11:11:19.189+0800][gc,marking  ] GC(2) Concurrent Scan Root Regions 1.942ms
[2024-08-03T11:11:19.189+0800][gc,marking  ] GC(2) Concurrent Mark
[2024-08-03T11:11:19.189+0800][gc,marking  ] GC(2) Concurrent Mark From Roots
[2024-08-03T11:11:19.189+0800][gc,task     ] GC(2) Using 2 workers of 2 for marking
[2024-08-03T11:11:19.190+0800][gc,marking  ] GC(2) Concurrent Mark From Roots 1.269ms
[2024-08-03T11:11:19.190+0800][gc,marking  ] GC(2) Concurrent Preclean
[2024-08-03T11:11:19.190+0800][gc,marking  ] GC(2) Concurrent Preclean 0.006ms
[2024-08-03T11:11:19.190+0800][gc,start    ] GC(2) Pause Remark
[2024-08-03T11:11:19.191+0800][gc          ] GC(2) Pause Remark 12M->12M(512M) 1.311ms
[2024-08-03T11:11:19.191+0800][gc,cpu      ] GC(2) User=0.00s Sys=0.00s Real=0.00s
[2024-08-03T11:11:19.191+0800][gc,marking  ] GC(2) Concurrent Mark 2.677ms
[2024-08-03T11:11:19.191+0800][gc,marking  ] GC(2) Concurrent Rebuild Remembered Sets and Scrub Regions
[2024-08-03T11:11:19.192+0800][gc,marking  ] GC(2) Concurrent Rebuild Remembered Sets and Scrub Regions 0.360ms
[2024-08-03T11:11:19.192+0800][gc,start    ] GC(2) Pause Cleanup
[2024-08-03T11:11:19.192+0800][gc          ] GC(2) Pause Cleanup 12M->12M(512M) 0.052ms
[2024-08-03T11:11:19.192+0800][gc,cpu      ] GC(2) User=0.00s Sys=0.00s Real=0.00s
[2024-08-03T11:11:19.192+0800][gc,marking  ] GC(2) Concurrent Clear Claimed Marks
[2024-08-03T11:11:19.192+0800][gc,marking  ] GC(2) Concurrent Clear Claimed Marks 0.013ms
[2024-08-03T11:11:19.192+0800][gc,marking  ] GC(2) Concurrent Cleanup for Next Mark
[2024-08-03T11:11:19.192+0800][gc,marking  ] GC(2) Concurrent Cleanup for Next Mark 0.573ms
[2024-08-03T11:11:19.192+0800][gc          ] GC(2) Concurrent Mark Cycle 5.802ms
[2024-08-03T11:11:19.646+0800][gc,start    ] GC(3) Pause Young (Prepare Mixed) (G1 Evacuation Pause)
[2024-08-03T11:11:19.646+0800][gc,task     ] GC(3) Using 8 workers of 8 for evacuation
[2024-08-03T11:11:19.651+0800][gc,phases   ] GC(3)   Pre Evacuate Collection Set: 0.10ms
[2024-08-03T11:11:19.651+0800][gc,phases   ] GC(3)   Merge Heap Roots: 0.07ms
[2024-08-03T11:11:19.651+0800][gc,phases   ] GC(3)   Evacuate Collection Set: 4.24ms
[2024-08-03T11:11:19.651+0800][gc,phases   ] GC(3)   Post Evacuate Collection Set: 0.62ms
[2024-08-03T11:11:19.651+0800][gc,phases   ] GC(3)   Other: 0.05ms
[2024-08-03T11:11:19.651+0800][gc,heap     ] GC(3) Eden regions: 246->0(241)
[2024-08-03T11:11:19.651+0800][gc,heap     ] GC(3) Survivor regions: 10->15(32)
[2024-08-03T11:11:19.651+0800][gc,heap     ] GC(3) Old regions: 2->2
[2024-08-03T11:11:19.651+0800][gc,heap     ] GC(3) Humongous regions: 0->0
[2024-08-03T11:11:19.651+0800][gc,metaspace] GC(3) Metaspace: 26575K(26816K)->26575K(26816K) NonClass: 23301K(23424K)->23301K(23424K) Class: 3274K(3392K)->3274K(3392K)
[2024-08-03T11:11:19.651+0800][gc          ] GC(3) Pause Young (Prepare Mixed) (G1 Evacuation Pause) 257M->15M(512M) 5.198ms
[2024-08-03T11:11:19.651+0800][gc,cpu      ] GC(3) User=0.03s Sys=0.01s Real=0.01s
[2024-08-03T11:11:20.107+0800][gc,start    ] GC(4) Pause Young (Mixed) (Metadata GC Threshold)
[2024-08-03T11:11:20.107+0800][gc,task     ] GC(4) Using 8 workers of 8 for evacuation
[2024-08-03T11:11:20.113+0800][gc,phases   ] GC(4)   Pre Evacuate Collection Set: 0.10ms
[2024-08-03T11:11:20.114+0800][gc,phases   ] GC(4)   Merge Heap Roots: 0.05ms
[2024-08-03T11:11:20.114+0800][gc,phases   ] GC(4)   Evacuate Collection Set: 5.58ms
[2024-08-03T11:11:20.114+0800][gc,phases   ] GC(4)   Post Evacuate Collection Set: 0.66ms
[2024-08-03T11:11:20.114+0800][gc,phases   ] GC(4)   Other: 0.05ms
[2024-08-03T11:11:20.114+0800][gc,heap     ] GC(4) Eden regions: 144->0(236)
[2024-08-03T11:11:20.114+0800][gc,heap     ] GC(4) Survivor regions: 15->20(32)
[2024-08-03T11:11:20.114+0800][gc,heap     ] GC(4) Old regions: 2->2
[2024-08-03T11:11:20.114+0800][gc,heap     ] GC(4) Humongous regions: 0->0
[2024-08-03T11:11:20.114+0800][gc,metaspace] GC(4) Metaspace: 35780K(36096K)->35780K(36096K) NonClass: 31399K(31552K)->31399K(31552K) Class: 4380K(4544K)->4380K(4544K)
[2024-08-03T11:11:20.114+0800][gc          ] GC(4) Pause Young (Mixed) (Metadata GC Threshold) 159M->21M(512M) 6.583ms
[2024-08-03T11:11:20.114+0800][gc,cpu      ] GC(4) User=0.04s Sys=0.00s Real=0.01s
[2024-08-03T11:11:20.125+0800][gc,start    ] GC(5) Pause Young (Concurrent Start) (Metadata GC Threshold)
[2024-08-03T11:11:20.125+0800][gc,task     ] GC(5) Using 8 workers of 8 for evacuation
[2024-08-03T11:11:20.131+0800][gc,phases   ] GC(5)   Pre Evacuate Collection Set: 0.12ms
[2024-08-03T11:11:20.131+0800][gc,phases   ] GC(5)   Merge Heap Roots: 0.03ms
[2024-08-03T11:11:20.131+0800][gc,phases   ] GC(5)   Evacuate Collection Set: 5.00ms
[2024-08-03T11:11:20.131+0800][gc,phases   ] GC(5)   Post Evacuate Collection Set: 0.58ms
[2024-08-03T11:11:20.131+0800][gc,phases   ] GC(5)   Other: 0.05ms
[2024-08-03T11:11:20.131+0800][gc,heap     ] GC(5) Eden regions: 4->0(242)
[2024-08-03T11:11:20.131+0800][gc,heap     ] GC(5) Survivor regions: 20->14(32)
[2024-08-03T11:11:20.131+0800][gc,heap     ] GC(5) Old regions: 2->8
[2024-08-03T11:11:20.131+0800][gc,heap     ] GC(5) Humongous regions: 0->0
[2024-08-03T11:11:20.131+0800][gc,metaspace] GC(5) Metaspace: 36043K(36416K)->36043K(36416K) NonClass: 31637K(31808K)->31637K(31808K) Class: 4406K(4608K)->4406K(4608K)
[2024-08-03T11:11:20.131+0800][gc          ] GC(5) Pause Young (Concurrent Start) (Metadata GC Threshold) 24M->21M(512M) 5.905ms
[2024-08-03T11:11:20.131+0800][gc          ] GC(6) Concurrent Mark Cycle
[2024-08-03T11:11:20.131+0800][gc,cpu      ] GC(5) User=0.03s Sys=0.00s Real=0.01s
[2024-08-03T11:11:20.131+0800][gc,marking  ] GC(6) Concurrent Scan Root Regions
[2024-08-03T11:11:20.134+0800][gc,marking  ] GC(6) Concurrent Scan Root Regions 3.675ms
[2024-08-03T11:11:20.135+0800][gc,marking  ] GC(6) Concurrent Mark
[2024-08-03T11:11:20.135+0800][gc,marking  ] GC(6) Concurrent Mark From Roots
[2024-08-03T11:11:20.135+0800][gc,task     ] GC(6) Using 2 workers of 2 for marking
[2024-08-03T11:11:20.136+0800][gc,marking  ] GC(6) Concurrent Mark From Roots 1.003ms
[2024-08-03T11:11:20.136+0800][gc,marking  ] GC(6) Concurrent Preclean
[2024-08-03T11:11:20.136+0800][gc,marking  ] GC(6) Concurrent Preclean 0.006ms
[2024-08-03T11:11:20.136+0800][gc,start    ] GC(6) Pause Remark
[2024-08-03T11:11:20.138+0800][gc          ] GC(6) Pause Remark 23M->23M(512M) 2.312ms
[2024-08-03T11:11:20.138+0800][gc,cpu      ] GC(6) User=0.01s Sys=0.00s Real=0.00s
[2024-08-03T11:11:20.138+0800][gc,marking  ] GC(6) Concurrent Mark 3.437ms
[2024-08-03T11:11:20.138+0800][gc,marking  ] GC(6) Concurrent Rebuild Remembered Sets and Scrub Regions
[2024-08-03T11:11:20.140+0800][gc,marking  ] GC(6) Concurrent Rebuild Remembered Sets and Scrub Regions 1.592ms
[2024-08-03T11:11:20.140+0800][gc,start    ] GC(6) Pause Cleanup
[2024-08-03T11:11:20.140+0800][gc          ] GC(6) Pause Cleanup 24M->24M(512M) 0.052ms
[2024-08-03T11:11:20.140+0800][gc,cpu      ] GC(6) User=0.00s Sys=0.00s Real=0.00s
[2024-08-03T11:11:20.140+0800][gc,marking  ] GC(6) Concurrent Clear Claimed Marks
[2024-08-03T11:11:20.140+0800][gc,marking  ] GC(6) Concurrent Clear Claimed Marks 0.019ms
[2024-08-03T11:11:20.140+0800][gc,marking  ] GC(6) Concurrent Cleanup for Next Mark
[2024-08-03T11:11:20.140+0800][gc,marking  ] GC(6) Concurrent Cleanup for Next Mark 0.494ms
[2024-08-03T11:11:20.140+0800][gc          ] GC(6) Concurrent Mark Cycle 9.506ms
[2024-08-03T11:11:21.074+0800][gc,start    ] GC(7) Pause Young (Normal) (G1 Evacuation Pause)
[2024-08-03T11:11:21.074+0800][gc,task     ] GC(7) Using 8 workers of 8 for evacuation
[2024-08-03T11:11:21.082+0800][gc,phases   ] GC(7)   Pre Evacuate Collection Set: 0.16ms
[2024-08-03T11:11:21.082+0800][gc,phases   ] GC(7)   Merge Heap Roots: 0.06ms
[2024-08-03T11:11:21.082+0800][gc,phases   ] GC(7)   Evacuate Collection Set: 7.28ms
[2024-08-03T11:11:21.082+0800][gc,phases   ] GC(7)   Post Evacuate Collection Set: 0.81ms
[2024-08-03T11:11:21.082+0800][gc,phases   ] GC(7)   Other: 0.06ms
[2024-08-03T11:11:21.082+0800][gc,heap     ] GC(7) Eden regions: 242->0(232)
[2024-08-03T11:11:21.082+0800][gc,heap     ] GC(7) Survivor regions: 14->24(32)
[2024-08-03T11:11:21.082+0800][gc,heap     ] GC(7) Old regions: 8->8
[2024-08-03T11:11:21.082+0800][gc,heap     ] GC(7) Humongous regions: 0->0
[2024-08-03T11:11:21.082+0800][gc,metaspace] GC(7) Metaspace: 52243K(52736K)->52243K(52736K) NonClass: 45840K(46080K)->45840K(46080K) Class: 6403K(6656K)->6403K(6656K)
[2024-08-03T11:11:21.082+0800][gc          ] GC(7) Pause Young (Normal) (G1 Evacuation Pause) 263M->31M(512M) 8.528ms
[2024-08-03T11:11:21.082+0800][gc,cpu      ] GC(7) User=0.06s Sys=0.01s Real=0.01s
[2024-08-03T11:11:43.045+0800][gc,start    ] GC(8) Pause Young (Concurrent Start) (Metadata GC Threshold)
[2024-08-03T11:11:43.045+0800][gc,task     ] GC(8) Using 8 workers of 8 for evacuation
[2024-08-03T11:11:43.054+0800][gc,phases   ] GC(8)   Pre Evacuate Collection Set: 0.32ms
[2024-08-03T11:11:43.054+0800][gc,phases   ] GC(8)   Merge Heap Roots: 0.07ms
[2024-08-03T11:11:43.054+0800][gc,phases   ] GC(8)   Evacuate Collection Set: 8.11ms
[2024-08-03T11:11:43.054+0800][gc,phases   ] GC(8)   Post Evacuate Collection Set: 0.72ms
[2024-08-03T11:11:43.054+0800][gc,phases   ] GC(8)   Other: 0.08ms
[2024-08-03T11:11:43.054+0800][gc,heap     ] GC(8) Eden regions: 179->0(235)
[2024-08-03T11:11:43.054+0800][gc,heap     ] GC(8) Survivor regions: 24->21(32)
[2024-08-03T11:11:43.054+0800][gc,heap     ] GC(8) Old regions: 8->13
[2024-08-03T11:11:43.054+0800][gc,heap     ] GC(8) Humongous regions: 0->0
[2024-08-03T11:11:43.054+0800][gc,metaspace] GC(8) Metaspace: 60443K(60928K)->60443K(60928K) NonClass: 52934K(53184K)->52934K(53184K) Class: 7508K(7744K)->7508K(7744K)
[2024-08-03T11:11:43.054+0800][gc          ] GC(8) Pause Young (Concurrent Start) (Metadata GC Threshold) 210M->33M(512M) 9.628ms
[2024-08-03T11:11:43.054+0800][gc          ] GC(9) Concurrent Mark Cycle
[2024-08-03T11:11:43.054+0800][gc,marking  ] GC(9) Concurrent Scan Root Regions
[2024-08-03T11:11:43.054+0800][gc,cpu      ] GC(8) User=0.05s Sys=0.02s Real=0.01s
[2024-08-03T11:11:43.060+0800][gc,marking  ] GC(9) Concurrent Scan Root Regions 5.506ms
[2024-08-03T11:11:43.060+0800][gc,marking  ] GC(9) Concurrent Mark
[2024-08-03T11:11:43.060+0800][gc,marking  ] GC(9) Concurrent Mark From Roots
[2024-08-03T11:11:43.060+0800][gc,task     ] GC(9) Using 2 workers of 2 for marking
[2024-08-03T11:11:43.063+0800][gc,marking  ] GC(9) Concurrent Mark From Roots 3.008ms
[2024-08-03T11:11:43.063+0800][gc,marking  ] GC(9) Concurrent Preclean
[2024-08-03T11:11:43.063+0800][gc,marking  ] GC(9) Concurrent Preclean 0.021ms
[2024-08-03T11:11:43.063+0800][gc,start    ] GC(9) Pause Remark
[2024-08-03T11:11:43.067+0800][gc          ] GC(9) Pause Remark 34M->34M(512M) 3.567ms
[2024-08-03T11:11:43.067+0800][gc,cpu      ] GC(9) User=0.02s Sys=0.00s Real=0.00s
[2024-08-03T11:11:43.067+0800][gc,marking  ] GC(9) Concurrent Mark 6.752ms
[2024-08-03T11:11:43.067+0800][gc,marking  ] GC(9) Concurrent Rebuild Remembered Sets and Scrub Regions
[2024-08-03T11:11:43.070+0800][gc,marking  ] GC(9) Concurrent Rebuild Remembered Sets and Scrub Regions 2.921ms
[2024-08-03T11:11:43.070+0800][gc,start    ] GC(9) Pause Cleanup
[2024-08-03T11:11:43.070+0800][gc          ] GC(9) Pause Cleanup 34M->34M(512M) 0.075ms
[2024-08-03T11:11:43.070+0800][gc,cpu      ] GC(9) User=0.00s Sys=0.00s Real=0.00s
[2024-08-03T11:11:43.070+0800][gc,marking  ] GC(9) Concurrent Clear Claimed Marks
[2024-08-03T11:11:43.070+0800][gc,marking  ] GC(9) Concurrent Clear Claimed Marks 0.038ms
[2024-08-03T11:11:43.070+0800][gc,marking  ] GC(9) Concurrent Cleanup for Next Mark
[2024-08-03T11:11:43.070+0800][gc,marking  ] GC(9) Concurrent Cleanup for Next Mark 0.469ms
[2024-08-03T11:11:43.070+0800][gc          ] GC(9) Concurrent Mark Cycle 16.033ms
[2024-08-03T14:45:43.583+0800][gc,start    ] GC(10) Pause Young (Prepare Mixed) (G1 Evacuation Pause)
[2024-08-03T14:45:43.590+0800][gc,task     ] GC(10) Using 8 workers of 8 for evacuation
[2024-08-03T14:45:43.640+0800][gc,phases   ] GC(10)   Pre Evacuate Collection Set: 4.54ms
[2024-08-03T14:45:43.640+0800][gc,phases   ] GC(10)   Merge Heap Roots: 1.93ms
[2024-08-03T14:45:43.640+0800][gc,phases   ] GC(10)   Evacuate Collection Set: 41.44ms
[2024-08-03T14:45:43.640+0800][gc,phases   ] GC(10)   Post Evacuate Collection Set: 1.61ms
[2024-08-03T14:45:43.640+0800][gc,phases   ] GC(10)   Other: 0.99ms
[2024-08-03T14:45:43.640+0800][gc,heap     ] GC(10) Eden regions: 235->0(239)
[2024-08-03T14:45:43.640+0800][gc,heap     ] GC(10) Survivor regions: 21->17(32)
[2024-08-03T14:45:43.640+0800][gc,heap     ] GC(10) Old regions: 13->18
[2024-08-03T14:45:43.640+0800][gc,heap     ] GC(10) Humongous regions: 0->0
[2024-08-03T14:45:43.641+0800][gc,metaspace] GC(10) Metaspace: 64035K(64640K)->64035K(64640K) NonClass: 56428K(56768K)->56428K(56768K) Class: 7606K(7872K)->7606K(7872K)
[2024-08-03T14:45:43.641+0800][gc          ] GC(10) Pause Young (Prepare Mixed) (G1 Evacuation Pause) 268M->34M(512M) 57.690ms
[2024-08-03T14:45:43.641+0800][gc,cpu      ] GC(10) User=0.07s Sys=0.11s Real=0.06s
[2024-08-03T15:27:02.115+0800][gc,heap,exit] Heap
[2024-08-03T15:27:02.115+0800][gc,heap,exit]  garbage-first heap   total reserved 524288K, committed 524288K, used 143585K [0x00000007e0000000, 0x0000000800000000)
[2024-08-03T15:27:02.115+0800][gc,heap,exit]   region size 1024K, 123 young (125952K), 17 survivors (17408K)
[2024-08-03T15:27:02.115+0800][gc,heap,exit]  Metaspace       used 65464K, committed 66176K, reserved 1114112K
[2024-08-03T15:27:02.115+0800][gc,heap,exit]   class space    used 7759K, committed 8128K, reserved 1048576K
