[2024-08-03T10:02:51.161+0800][gc,init] CardTable entry size: 512
[2024-08-03T10:02:51.161+0800][gc     ] Using G1
[2024-08-03T10:02:51.162+0800][gc,init] Version: 22.0.1+8-16 (release)
[2024-08-03T10:02:51.162+0800][gc,init] CPUs: 8 total, 8 available
[2024-08-03T10:02:51.162+0800][gc,init] Memory: 8192M
[2024-08-03T10:02:51.162+0800][gc,init] Large Page Support: Disabled
[2024-08-03T10:02:51.162+0800][gc,init] NUMA Support: Disabled
[2024-08-03T10:02:51.162+0800][gc,init] Compressed Oops: Enabled (Zero based)
[2024-08-03T10:02:51.162+0800][gc,init] Heap Region Size: 1M
[2024-08-03T10:02:51.162+0800][gc,init] Heap Min Capacity: 512M
[2024-08-03T10:02:51.162+0800][gc,init] Heap Initial Capacity: 512M
[2024-08-03T10:02:51.162+0800][gc,init] Heap Max Capacity: 512M
[2024-08-03T10:02:51.162+0800][gc,init] Pre-touch: Disabled
[2024-08-03T10:02:51.162+0800][gc,init] Parallel Workers: 8
[2024-08-03T10:02:51.162+0800][gc,init] Concurrent Workers: 2
[2024-08-03T10:02:51.162+0800][gc,init] Concurrent Refinement Workers: 8
[2024-08-03T10:02:51.162+0800][gc,init] Periodic GC: Disabled
[2024-08-03T10:02:51.166+0800][gc,metaspace] CDS archive(s) mapped at: [0x0000100000000000-0x0000100000c70000-0x0000100000c70000), size 13041664, SharedBaseAddress: 0x0000100000000000, ArchiveRelocationMode: 1.
[2024-08-03T10:02:51.166+0800][gc,metaspace] Compressed class space mapped at: 0x0000100001000000-0x0000100041000000, reserved size: 1073741824
[2024-08-03T10:02:51.166+0800][gc,metaspace] Narrow klass base: 0x0000100000000000, Narrow klass shift: 0, Narrow klass range: 0x100000000
[2024-08-03T10:02:51.740+0800][gc,start    ] GC(0) Pause Young (Normal) (G1 Evacuation Pause)
[2024-08-03T10:02:51.740+0800][gc,task     ] GC(0) Using 8 workers of 8 for evacuation
[2024-08-03T10:02:51.744+0800][gc,phases   ] GC(0)   Pre Evacuate Collection Set: 0.10ms
[2024-08-03T10:02:51.744+0800][gc,phases   ] GC(0)   Merge Heap Roots: 0.07ms
[2024-08-03T10:02:51.744+0800][gc,phases   ] GC(0)   Evacuate Collection Set: 2.75ms
[2024-08-03T10:02:51.744+0800][gc,phases   ] GC(0)   Post Evacuate Collection Set: 0.35ms
[2024-08-03T10:02:51.744+0800][gc,phases   ] GC(0)   Other: 0.19ms
[2024-08-03T10:02:51.744+0800][gc,heap     ] GC(0) Eden regions: 256->0(249)
[2024-08-03T10:02:51.744+0800][gc,heap     ] GC(0) Survivor regions: 0->7(32)
[2024-08-03T10:02:51.744+0800][gc,heap     ] GC(0) Old regions: 2->2
[2024-08-03T10:02:51.744+0800][gc,heap     ] GC(0) Humongous regions: 0->0
[2024-08-03T10:02:51.744+0800][gc,metaspace] GC(0) Metaspace: 15664K(15872K)->15664K(15872K) NonClass: 13731K(13824K)->13731K(13824K) Class: 1932K(2048K)->1932K(2048K)
[2024-08-03T10:02:51.744+0800][gc          ] GC(0) Pause Young (Normal) (G1 Evacuation Pause) 257M->7M(512M) 3.618ms
[2024-08-03T10:02:51.744+0800][gc,cpu      ] GC(0) User=0.02s Sys=0.00s Real=0.00s
[2024-08-03T10:02:52.005+0800][gc,start    ] GC(1) Pause Young (Concurrent Start) (Metadata GC Threshold)
[2024-08-03T10:02:52.005+0800][gc,task     ] GC(1) Using 8 workers of 8 for evacuation
[2024-08-03T10:02:52.008+0800][gc,phases   ] GC(1)   Pre Evacuate Collection Set: 0.13ms
[2024-08-03T10:02:52.008+0800][gc,phases   ] GC(1)   Merge Heap Roots: 0.05ms
[2024-08-03T10:02:52.008+0800][gc,phases   ] GC(1)   Evacuate Collection Set: 2.90ms
[2024-08-03T10:02:52.008+0800][gc,phases   ] GC(1)   Post Evacuate Collection Set: 0.35ms
[2024-08-03T10:02:52.008+0800][gc,phases   ] GC(1)   Other: 0.05ms
[2024-08-03T10:02:52.008+0800][gc,heap     ] GC(1) Eden regions: 108->0(246)
[2024-08-03T10:02:52.008+0800][gc,heap     ] GC(1) Survivor regions: 7->10(32)
[2024-08-03T10:02:52.008+0800][gc,heap     ] GC(1) Old regions: 2->2
[2024-08-03T10:02:52.008+0800][gc,heap     ] GC(1) Humongous regions: 0->0
[2024-08-03T10:02:52.008+0800][gc,metaspace] GC(1) Metaspace: 21244K(21504K)->21244K(21504K) NonClass: 18644K(18752K)->18644K(18752K) Class: 2599K(2752K)->2599K(2752K)
[2024-08-03T10:02:52.008+0800][gc          ] GC(1) Pause Young (Concurrent Start) (Metadata GC Threshold) 115M->10M(512M) 3.636ms
[2024-08-03T10:02:52.008+0800][gc          ] GC(2) Concurrent Mark Cycle
[2024-08-03T10:02:52.008+0800][gc,cpu      ] GC(1) User=0.02s Sys=0.01s Real=0.00s
[2024-08-03T10:02:52.008+0800][gc,marking  ] GC(2) Concurrent Scan Root Regions
[2024-08-03T10:02:52.010+0800][gc,marking  ] GC(2) Concurrent Scan Root Regions 1.887ms
[2024-08-03T10:02:52.010+0800][gc,marking  ] GC(2) Concurrent Mark
[2024-08-03T10:02:52.010+0800][gc,marking  ] GC(2) Concurrent Mark From Roots
[2024-08-03T10:02:52.010+0800][gc,task     ] GC(2) Using 2 workers of 2 for marking
[2024-08-03T10:02:52.011+0800][gc,marking  ] GC(2) Concurrent Mark From Roots 0.776ms
[2024-08-03T10:02:52.011+0800][gc,marking  ] GC(2) Concurrent Preclean
[2024-08-03T10:02:52.011+0800][gc,marking  ] GC(2) Concurrent Preclean 0.006ms
[2024-08-03T10:02:52.011+0800][gc,start    ] GC(2) Pause Remark
[2024-08-03T10:02:52.012+0800][gc          ] GC(2) Pause Remark 11M->11M(512M) 0.980ms
[2024-08-03T10:02:52.012+0800][gc,cpu      ] GC(2) User=0.01s Sys=0.00s Real=0.00s
[2024-08-03T10:02:52.012+0800][gc,marking  ] GC(2) Concurrent Mark 1.857ms
[2024-08-03T10:02:52.012+0800][gc,marking  ] GC(2) Concurrent Rebuild Remembered Sets and Scrub Regions
[2024-08-03T10:02:52.012+0800][gc,marking  ] GC(2) Concurrent Rebuild Remembered Sets and Scrub Regions 0.346ms
[2024-08-03T10:02:52.012+0800][gc,start    ] GC(2) Pause Cleanup
[2024-08-03T10:02:52.012+0800][gc          ] GC(2) Pause Cleanup 12M->12M(512M) 0.032ms
[2024-08-03T10:02:52.012+0800][gc,cpu      ] GC(2) User=0.00s Sys=0.00s Real=0.00s
[2024-08-03T10:02:52.012+0800][gc,marking  ] GC(2) Concurrent Clear Claimed Marks
[2024-08-03T10:02:52.012+0800][gc,marking  ] GC(2) Concurrent Clear Claimed Marks 0.009ms
[2024-08-03T10:02:52.012+0800][gc,marking  ] GC(2) Concurrent Cleanup for Next Mark
[2024-08-03T10:02:52.013+0800][gc,marking  ] GC(2) Concurrent Cleanup for Next Mark 0.584ms
[2024-08-03T10:02:52.013+0800][gc          ] GC(2) Concurrent Mark Cycle 4.896ms
[2024-08-03T10:02:52.434+0800][gc,start    ] GC(3) Pause Young (Prepare Mixed) (G1 Evacuation Pause)
[2024-08-03T10:02:52.434+0800][gc,task     ] GC(3) Using 8 workers of 8 for evacuation
[2024-08-03T10:02:52.439+0800][gc,phases   ] GC(3)   Pre Evacuate Collection Set: 0.11ms
[2024-08-03T10:02:52.439+0800][gc,phases   ] GC(3)   Merge Heap Roots: 0.07ms
[2024-08-03T10:02:52.439+0800][gc,phases   ] GC(3)   Evacuate Collection Set: 3.99ms
[2024-08-03T10:02:52.439+0800][gc,phases   ] GC(3)   Post Evacuate Collection Set: 0.55ms
[2024-08-03T10:02:52.439+0800][gc,phases   ] GC(3)   Other: 0.05ms
[2024-08-03T10:02:52.439+0800][gc,heap     ] GC(3) Eden regions: 246->0(241)
[2024-08-03T10:02:52.439+0800][gc,heap     ] GC(3) Survivor regions: 10->15(32)
[2024-08-03T10:02:52.439+0800][gc,heap     ] GC(3) Old regions: 2->2
[2024-08-03T10:02:52.439+0800][gc,heap     ] GC(3) Humongous regions: 0->0
[2024-08-03T10:02:52.439+0800][gc,metaspace] GC(3) Metaspace: 26232K(26496K)->26232K(26496K) NonClass: 22980K(23104K)->22980K(23104K) Class: 3251K(3392K)->3251K(3392K)
[2024-08-03T10:02:52.439+0800][gc          ] GC(3) Pause Young (Prepare Mixed) (G1 Evacuation Pause) 256M->15M(512M) 4.890ms
[2024-08-03T10:02:52.439+0800][gc,cpu      ] GC(3) User=0.03s Sys=0.01s Real=0.00s
[2024-08-03T10:02:52.925+0800][gc,start    ] GC(4) Pause Young (Mixed) (Metadata GC Threshold)
[2024-08-03T10:02:52.926+0800][gc,task     ] GC(4) Using 8 workers of 8 for evacuation
[2024-08-03T10:02:52.932+0800][gc,phases   ] GC(4)   Pre Evacuate Collection Set: 0.12ms
[2024-08-03T10:02:52.932+0800][gc,phases   ] GC(4)   Merge Heap Roots: 0.05ms
[2024-08-03T10:02:52.932+0800][gc,phases   ] GC(4)   Evacuate Collection Set: 5.46ms
[2024-08-03T10:02:52.932+0800][gc,phases   ] GC(4)   Post Evacuate Collection Set: 0.65ms
[2024-08-03T10:02:52.932+0800][gc,phases   ] GC(4)   Other: 0.05ms
[2024-08-03T10:02:52.932+0800][gc,heap     ] GC(4) Eden regions: 152->0(236)
[2024-08-03T10:02:52.932+0800][gc,heap     ] GC(4) Survivor regions: 15->20(32)
[2024-08-03T10:02:52.932+0800][gc,heap     ] GC(4) Old regions: 2->2
[2024-08-03T10:02:52.932+0800][gc,heap     ] GC(4) Humongous regions: 0->0
[2024-08-03T10:02:52.932+0800][gc,metaspace] GC(4) Metaspace: 35755K(36096K)->35755K(36096K) NonClass: 31370K(31552K)->31370K(31552K) Class: 4385K(4544K)->4385K(4544K)
[2024-08-03T10:02:52.932+0800][gc          ] GC(4) Pause Young (Mixed) (Metadata GC Threshold) 167M->21M(512M) 6.492ms
[2024-08-03T10:02:52.932+0800][gc,cpu      ] GC(4) User=0.05s Sys=0.00s Real=0.01s
[2024-08-03T10:02:52.945+0800][gc,start    ] GC(5) Pause Young (Concurrent Start) (Metadata GC Threshold)
[2024-08-03T10:02:52.945+0800][gc,task     ] GC(5) Using 8 workers of 8 for evacuation
[2024-08-03T10:02:52.951+0800][gc,phases   ] GC(5)   Pre Evacuate Collection Set: 0.10ms
[2024-08-03T10:02:52.951+0800][gc,phases   ] GC(5)   Merge Heap Roots: 0.03ms
[2024-08-03T10:02:52.951+0800][gc,phases   ] GC(5)   Evacuate Collection Set: 5.30ms
[2024-08-03T10:02:52.951+0800][gc,phases   ] GC(5)   Post Evacuate Collection Set: 0.60ms
[2024-08-03T10:02:52.951+0800][gc,phases   ] GC(5)   Other: 0.05ms
[2024-08-03T10:02:52.951+0800][gc,heap     ] GC(5) Eden regions: 5->0(241)
[2024-08-03T10:02:52.951+0800][gc,heap     ] GC(5) Survivor regions: 20->15(32)
[2024-08-03T10:02:52.951+0800][gc,heap     ] GC(5) Old regions: 2->7
[2024-08-03T10:02:52.951+0800][gc,heap     ] GC(5) Humongous regions: 0->0
[2024-08-03T10:02:52.951+0800][gc,metaspace] GC(5) Metaspace: 36098K(36416K)->36098K(36416K) NonClass: 31681K(31872K)->31681K(31872K) Class: 4417K(4544K)->4417K(4544K)
[2024-08-03T10:02:52.951+0800][gc          ] GC(5) Pause Young (Concurrent Start) (Metadata GC Threshold) 25M->21M(512M) 6.220ms
[2024-08-03T10:02:52.951+0800][gc          ] GC(6) Concurrent Mark Cycle
[2024-08-03T10:02:52.951+0800][gc,cpu      ] GC(5) User=0.04s Sys=0.01s Real=0.01s
[2024-08-03T10:02:52.951+0800][gc,marking  ] GC(6) Concurrent Scan Root Regions
[2024-08-03T10:02:52.955+0800][gc,marking  ] GC(6) Concurrent Scan Root Regions 3.707ms
[2024-08-03T10:02:52.955+0800][gc,marking  ] GC(6) Concurrent Mark
[2024-08-03T10:02:52.955+0800][gc,marking  ] GC(6) Concurrent Mark From Roots
[2024-08-03T10:02:52.955+0800][gc,task     ] GC(6) Using 2 workers of 2 for marking
[2024-08-03T10:02:52.956+0800][gc,marking  ] GC(6) Concurrent Mark From Roots 0.952ms
[2024-08-03T10:02:52.956+0800][gc,marking  ] GC(6) Concurrent Preclean
[2024-08-03T10:02:52.956+0800][gc,marking  ] GC(6) Concurrent Preclean 0.016ms
[2024-08-03T10:02:52.956+0800][gc,start    ] GC(6) Pause Remark
[2024-08-03T10:02:52.958+0800][gc          ] GC(6) Pause Remark 24M->24M(512M) 2.002ms
[2024-08-03T10:02:52.958+0800][gc,cpu      ] GC(6) User=0.01s Sys=0.00s Real=0.00s
[2024-08-03T10:02:52.958+0800][gc,marking  ] GC(6) Concurrent Mark 3.157ms
[2024-08-03T10:02:52.958+0800][gc,marking  ] GC(6) Concurrent Rebuild Remembered Sets and Scrub Regions
[2024-08-03T10:02:52.959+0800][gc,marking  ] GC(6) Concurrent Rebuild Remembered Sets and Scrub Regions 0.972ms
[2024-08-03T10:02:52.959+0800][gc,start    ] GC(6) Pause Cleanup
[2024-08-03T10:02:52.959+0800][gc          ] GC(6) Pause Cleanup 25M->25M(512M) 0.022ms
[2024-08-03T10:02:52.959+0800][gc,cpu      ] GC(6) User=0.00s Sys=0.00s Real=0.00s
[2024-08-03T10:02:52.959+0800][gc,marking  ] GC(6) Concurrent Clear Claimed Marks
[2024-08-03T10:02:52.959+0800][gc,marking  ] GC(6) Concurrent Clear Claimed Marks 0.016ms
[2024-08-03T10:02:52.959+0800][gc,marking  ] GC(6) Concurrent Cleanup for Next Mark
[2024-08-03T10:02:52.960+0800][gc,marking  ] GC(6) Concurrent Cleanup for Next Mark 0.550ms
[2024-08-03T10:02:52.960+0800][gc          ] GC(6) Concurrent Mark Cycle 8.918ms
[2024-08-03T10:02:53.867+0800][gc,start    ] GC(7) Pause Young (Normal) (G1 Evacuation Pause)
[2024-08-03T10:02:53.867+0800][gc,task     ] GC(7) Using 8 workers of 8 for evacuation
[2024-08-03T10:02:53.874+0800][gc,phases   ] GC(7)   Pre Evacuate Collection Set: 0.13ms
[2024-08-03T10:02:53.874+0800][gc,phases   ] GC(7)   Merge Heap Roots: 0.07ms
[2024-08-03T10:02:53.874+0800][gc,phases   ] GC(7)   Evacuate Collection Set: 6.18ms
[2024-08-03T10:02:53.874+0800][gc,phases   ] GC(7)   Post Evacuate Collection Set: 0.69ms
[2024-08-03T10:02:53.874+0800][gc,phases   ] GC(7)   Other: 0.05ms
[2024-08-03T10:02:53.874+0800][gc,heap     ] GC(7) Eden regions: 241->0(232)
[2024-08-03T10:02:53.874+0800][gc,heap     ] GC(7) Survivor regions: 15->24(32)
[2024-08-03T10:02:53.874+0800][gc,heap     ] GC(7) Old regions: 7->7
[2024-08-03T10:02:53.874+0800][gc,heap     ] GC(7) Humongous regions: 0->0
[2024-08-03T10:02:53.874+0800][gc,metaspace] GC(7) Metaspace: 52034K(52544K)->52034K(52544K) NonClass: 45659K(45952K)->45659K(45952K) Class: 6374K(6592K)->6374K(6592K)
[2024-08-03T10:02:53.874+0800][gc          ] GC(7) Pause Young (Normal) (G1 Evacuation Pause) 262M->30M(512M) 7.270ms
[2024-08-03T10:02:53.874+0800][gc,cpu      ] GC(7) User=0.04s Sys=0.00s Real=0.01s
[2024-08-03T10:03:05.370+0800][gc,start    ] GC(8) Pause Young (Concurrent Start) (Metadata GC Threshold)
[2024-08-03T10:03:05.370+0800][gc,task     ] GC(8) Using 8 workers of 8 for evacuation
[2024-08-03T10:03:05.377+0800][gc,phases   ] GC(8)   Pre Evacuate Collection Set: 0.14ms
[2024-08-03T10:03:05.377+0800][gc,phases   ] GC(8)   Merge Heap Roots: 0.06ms
[2024-08-03T10:03:05.377+0800][gc,phases   ] GC(8)   Evacuate Collection Set: 6.70ms
[2024-08-03T10:03:05.377+0800][gc,phases   ] GC(8)   Post Evacuate Collection Set: 0.57ms
[2024-08-03T10:03:05.377+0800][gc,phases   ] GC(8)   Other: 0.06ms
[2024-08-03T10:03:05.377+0800][gc,heap     ] GC(8) Eden regions: 189->0(234)
[2024-08-03T10:03:05.377+0800][gc,heap     ] GC(8) Survivor regions: 24->22(32)
[2024-08-03T10:03:05.377+0800][gc,heap     ] GC(8) Old regions: 7->13
[2024-08-03T10:03:05.377+0800][gc,heap     ] GC(8) Humongous regions: 0->0
[2024-08-03T10:03:05.377+0800][gc,metaspace] GC(8) Metaspace: 60512K(61056K)->60512K(61056K) NonClass: 52991K(53248K)->52991K(53248K) Class: 7521K(7808K)->7521K(7808K)
[2024-08-03T10:03:05.377+0800][gc          ] GC(8) Pause Young (Concurrent Start) (Metadata GC Threshold) 218M->33M(512M) 7.846ms
[2024-08-03T10:03:05.377+0800][gc          ] GC(9) Concurrent Mark Cycle
[2024-08-03T10:03:05.377+0800][gc,marking  ] GC(9) Concurrent Scan Root Regions
[2024-08-03T10:03:05.377+0800][gc,cpu      ] GC(8) User=0.04s Sys=0.00s Real=0.00s
[2024-08-03T10:03:05.382+0800][gc,marking  ] GC(9) Concurrent Scan Root Regions 5.096ms
[2024-08-03T10:03:05.383+0800][gc,marking  ] GC(9) Concurrent Mark
[2024-08-03T10:03:05.383+0800][gc,marking  ] GC(9) Concurrent Mark From Roots
[2024-08-03T10:03:05.383+0800][gc,task     ] GC(9) Using 2 workers of 2 for marking
[2024-08-03T10:03:05.386+0800][gc,marking  ] GC(9) Concurrent Mark From Roots 3.001ms
[2024-08-03T10:03:05.386+0800][gc,marking  ] GC(9) Concurrent Preclean
[2024-08-03T10:03:05.386+0800][gc,marking  ] GC(9) Concurrent Preclean 0.023ms
[2024-08-03T10:03:05.386+0800][gc,start    ] GC(9) Pause Remark
[2024-08-03T10:03:05.389+0800][gc          ] GC(9) Pause Remark 36M->36M(512M) 3.197ms
[2024-08-03T10:03:05.389+0800][gc,cpu      ] GC(9) User=0.01s Sys=0.00s Real=0.00s
[2024-08-03T10:03:05.389+0800][gc,marking  ] GC(9) Concurrent Mark 6.430ms
[2024-08-03T10:03:05.389+0800][gc,marking  ] GC(9) Concurrent Rebuild Remembered Sets and Scrub Regions
[2024-08-03T10:03:05.392+0800][gc,marking  ] GC(9) Concurrent Rebuild Remembered Sets and Scrub Regions 2.835ms
[2024-08-03T10:03:05.392+0800][gc,start    ] GC(9) Pause Cleanup
[2024-08-03T10:03:05.392+0800][gc          ] GC(9) Pause Cleanup 36M->36M(512M) 0.071ms
[2024-08-03T10:03:05.392+0800][gc,cpu      ] GC(9) User=0.00s Sys=0.00s Real=0.00s
[2024-08-03T10:03:05.392+0800][gc,marking  ] GC(9) Concurrent Clear Claimed Marks
[2024-08-03T10:03:05.392+0800][gc,marking  ] GC(9) Concurrent Clear Claimed Marks 0.034ms
[2024-08-03T10:03:05.392+0800][gc,marking  ] GC(9) Concurrent Cleanup for Next Mark
[2024-08-03T10:03:05.392+0800][gc,marking  ] GC(9) Concurrent Cleanup for Next Mark 0.253ms
[2024-08-03T10:03:05.392+0800][gc          ] GC(9) Concurrent Mark Cycle 14.979ms
[2024-08-03T11:09:12.751+0800][gc,heap,exit] Heap
[2024-08-03T11:09:12.752+0800][gc,heap,exit]  garbage-first heap   total reserved 524288K, committed 524288K, used 132894K [0x00000007e0000000, 0x0000000800000000)
[2024-08-03T11:09:12.752+0800][gc,heap,exit]   region size 1024K, 118 young (120832K), 22 survivors (22528K)
[2024-08-03T11:09:12.752+0800][gc,heap,exit]  Metaspace       used 63307K, committed 63936K, reserved 1114112K
[2024-08-03T11:09:12.752+0800][gc,heap,exit]   class space    used 7600K, committed 7872K, reserved 1048576K
