[2024-08-01T16:15:27.269+0800][gc,init] CardTable entry size: 512
[2024-08-01T16:15:27.269+0800][gc     ] Using G1
[2024-08-01T16:15:27.269+0800][gc,init] Version: 22.0.1+8-16 (release)
[2024-08-01T16:15:27.269+0800][gc,init] CPUs: 8 total, 8 available
[2024-08-01T16:15:27.269+0800][gc,init] Memory: 8192M
[2024-08-01T16:15:27.269+0800][gc,init] Large Page Support: Disabled
[2024-08-01T16:15:27.269+0800][gc,init] NUMA Support: Disabled
[2024-08-01T16:15:27.269+0800][gc,init] Compressed Oops: Enabled (Zero based)
[2024-08-01T16:15:27.269+0800][gc,init] Heap Region Size: 1M
[2024-08-01T16:15:27.269+0800][gc,init] Heap Min Capacity: 512M
[2024-08-01T16:15:27.269+0800][gc,init] Heap Initial Capacity: 512M
[2024-08-01T16:15:27.269+0800][gc,init] Heap Max Capacity: 512M
[2024-08-01T16:15:27.269+0800][gc,init] Pre-touch: Disabled
[2024-08-01T16:15:27.269+0800][gc,init] Parallel Workers: 8
[2024-08-01T16:15:27.269+0800][gc,init] Concurrent Workers: 2
[2024-08-01T16:15:27.269+0800][gc,init] Concurrent Refinement Workers: 8
[2024-08-01T16:15:27.269+0800][gc,init] Periodic GC: Disabled
[2024-08-01T16:15:27.273+0800][gc,metaspace] CDS archive(s) mapped at: [0x00007ff000000000-0x00007ff000c70000-0x00007ff000c70000), size 13041664, SharedBaseAddress: 0x00007ff000000000, ArchiveRelocationMode: 1.
[2024-08-01T16:15:27.273+0800][gc,metaspace] Compressed class space mapped at: 0x00007ff001000000-0x00007ff041000000, reserved size: 1073741824
[2024-08-01T16:15:27.273+0800][gc,metaspace] Narrow klass base: 0x00007ff000000000, Narrow klass shift: 0, Narrow klass range: 0x100000000
[2024-08-01T16:15:28.050+0800][gc,start    ] GC(0) Pause Young (Normal) (G1 Evacuation Pause)
[2024-08-01T16:15:28.050+0800][gc,task     ] GC(0) Using 8 workers of 8 for evacuation
[2024-08-01T16:15:28.054+0800][gc,phases   ] GC(0)   Pre Evacuate Collection Set: 0.12ms
[2024-08-01T16:15:28.054+0800][gc,phases   ] GC(0)   Merge Heap Roots: 0.11ms
[2024-08-01T16:15:28.054+0800][gc,phases   ] GC(0)   Evacuate Collection Set: 3.19ms
[2024-08-01T16:15:28.054+0800][gc,phases   ] GC(0)   Post Evacuate Collection Set: 0.35ms
[2024-08-01T16:15:28.054+0800][gc,phases   ] GC(0)   Other: 0.20ms
[2024-08-01T16:15:28.054+0800][gc,heap     ] GC(0) Eden regions: 256->0(248)
[2024-08-01T16:15:28.054+0800][gc,heap     ] GC(0) Survivor regions: 0->8(32)
[2024-08-01T16:15:28.054+0800][gc,heap     ] GC(0) Old regions: 2->2
[2024-08-01T16:15:28.054+0800][gc,heap     ] GC(0) Humongous regions: 0->0
[2024-08-01T16:15:28.054+0800][gc,metaspace] GC(0) Metaspace: 18691K(18944K)->18691K(18944K) NonClass: 16367K(16512K)->16367K(16512K) Class: 2324K(2432K)->2324K(2432K)
[2024-08-01T16:15:28.054+0800][gc          ] GC(0) Pause Young (Normal) (G1 Evacuation Pause) 257M->8M(512M) 4.136ms
[2024-08-01T16:15:28.054+0800][gc,cpu      ] GC(0) User=0.01s Sys=0.00s Real=0.00s
[2024-08-01T16:15:28.214+0800][gc,start    ] GC(1) Pause Young (Concurrent Start) (Metadata GC Threshold)
[2024-08-01T16:15:28.214+0800][gc,task     ] GC(1) Using 8 workers of 8 for evacuation
[2024-08-01T16:15:28.217+0800][gc,phases   ] GC(1)   Pre Evacuate Collection Set: 0.13ms
[2024-08-01T16:15:28.217+0800][gc,phases   ] GC(1)   Merge Heap Roots: 0.03ms
[2024-08-01T16:15:28.217+0800][gc,phases   ] GC(1)   Evacuate Collection Set: 2.57ms
[2024-08-01T16:15:28.217+0800][gc,phases   ] GC(1)   Post Evacuate Collection Set: 0.25ms
[2024-08-01T16:15:28.217+0800][gc,phases   ] GC(1)   Other: 0.05ms
[2024-08-01T16:15:28.217+0800][gc,heap     ] GC(1) Eden regions: 57->0(246)
[2024-08-01T16:15:28.217+0800][gc,heap     ] GC(1) Survivor regions: 8->10(32)
[2024-08-01T16:15:28.217+0800][gc,heap     ] GC(1) Old regions: 2->2
[2024-08-01T16:15:28.217+0800][gc,heap     ] GC(1) Humongous regions: 0->0
[2024-08-01T16:15:28.217+0800][gc,metaspace] GC(1) Metaspace: 21247K(21504K)->21247K(21504K) NonClass: 18650K(18752K)->18650K(18752K) Class: 2596K(2752K)->2596K(2752K)
[2024-08-01T16:15:28.217+0800][gc          ] GC(1) Pause Young (Concurrent Start) (Metadata GC Threshold) 65M->10M(512M) 3.192ms
[2024-08-01T16:15:28.217+0800][gc          ] GC(2) Concurrent Mark Cycle
[2024-08-01T16:15:28.217+0800][gc,cpu      ] GC(1) User=0.02s Sys=0.00s Real=0.00s
[2024-08-01T16:15:28.217+0800][gc,marking  ] GC(2) Concurrent Scan Root Regions
[2024-08-01T16:15:28.219+0800][gc,marking  ] GC(2) Concurrent Scan Root Regions 1.920ms
[2024-08-01T16:15:28.219+0800][gc,marking  ] GC(2) Concurrent Mark
[2024-08-01T16:15:28.219+0800][gc,marking  ] GC(2) Concurrent Mark From Roots
[2024-08-01T16:15:28.219+0800][gc,task     ] GC(2) Using 2 workers of 2 for marking
[2024-08-01T16:15:28.220+0800][gc,marking  ] GC(2) Concurrent Mark From Roots 0.772ms
[2024-08-01T16:15:28.220+0800][gc,marking  ] GC(2) Concurrent Preclean
[2024-08-01T16:15:28.220+0800][gc,marking  ] GC(2) Concurrent Preclean 0.006ms
[2024-08-01T16:15:28.220+0800][gc,start    ] GC(2) Pause Remark
[2024-08-01T16:15:28.221+0800][gc          ] GC(2) Pause Remark 12M->12M(512M) 0.960ms
[2024-08-01T16:15:28.221+0800][gc,cpu      ] GC(2) User=0.00s Sys=0.00s Real=0.00s
[2024-08-01T16:15:28.221+0800][gc,marking  ] GC(2) Concurrent Mark 1.826ms
[2024-08-01T16:15:28.221+0800][gc,marking  ] GC(2) Concurrent Rebuild Remembered Sets and Scrub Regions
[2024-08-01T16:15:28.221+0800][gc,marking  ] GC(2) Concurrent Rebuild Remembered Sets and Scrub Regions 0.355ms
[2024-08-01T16:15:28.221+0800][gc,start    ] GC(2) Pause Cleanup
[2024-08-01T16:15:28.222+0800][gc          ] GC(2) Pause Cleanup 12M->12M(512M) 0.054ms
[2024-08-01T16:15:28.222+0800][gc,cpu      ] GC(2) User=0.00s Sys=0.00s Real=0.00s
[2024-08-01T16:15:28.222+0800][gc,marking  ] GC(2) Concurrent Clear Claimed Marks
[2024-08-01T16:15:28.222+0800][gc,marking  ] GC(2) Concurrent Clear Claimed Marks 0.008ms
[2024-08-01T16:15:28.222+0800][gc,marking  ] GC(2) Concurrent Cleanup for Next Mark
[2024-08-01T16:15:28.222+0800][gc,marking  ] GC(2) Concurrent Cleanup for Next Mark 0.598ms
[2024-08-01T16:15:28.222+0800][gc          ] GC(2) Concurrent Mark Cycle 4.925ms
[2024-08-01T16:15:28.668+0800][gc,start    ] GC(3) Pause Young (Prepare Mixed) (G1 Evacuation Pause)
[2024-08-01T16:15:28.668+0800][gc,task     ] GC(3) Using 8 workers of 8 for evacuation
[2024-08-01T16:15:28.674+0800][gc,phases   ] GC(3)   Pre Evacuate Collection Set: 0.10ms
[2024-08-01T16:15:28.674+0800][gc,phases   ] GC(3)   Merge Heap Roots: 0.07ms
[2024-08-01T16:15:28.674+0800][gc,phases   ] GC(3)   Evacuate Collection Set: 5.02ms
[2024-08-01T16:15:28.674+0800][gc,phases   ] GC(3)   Post Evacuate Collection Set: 0.58ms
[2024-08-01T16:15:28.674+0800][gc,phases   ] GC(3)   Other: 0.05ms
[2024-08-01T16:15:28.674+0800][gc,heap     ] GC(3) Eden regions: 246->0(241)
[2024-08-01T16:15:28.674+0800][gc,heap     ] GC(3) Survivor regions: 10->15(32)
[2024-08-01T16:15:28.674+0800][gc,heap     ] GC(3) Old regions: 2->2
[2024-08-01T16:15:28.674+0800][gc,heap     ] GC(3) Humongous regions: 0->0
[2024-08-01T16:15:28.674+0800][gc,metaspace] GC(3) Metaspace: 26568K(26880K)->26568K(26880K) NonClass: 23294K(23488K)->23294K(23488K) Class: 3274K(3392K)->3274K(3392K)
[2024-08-01T16:15:28.674+0800][gc          ] GC(3) Pause Young (Prepare Mixed) (G1 Evacuation Pause) 256M->15M(512M) 5.960ms
[2024-08-01T16:15:28.674+0800][gc,cpu      ] GC(3) User=0.03s Sys=0.01s Real=0.01s
[2024-08-01T16:15:29.127+0800][gc,start    ] GC(4) Pause Young (Mixed) (Metadata GC Threshold)
[2024-08-01T16:15:29.127+0800][gc,task     ] GC(4) Using 8 workers of 8 for evacuation
[2024-08-01T16:15:29.135+0800][gc,phases   ] GC(4)   Pre Evacuate Collection Set: 0.11ms
[2024-08-01T16:15:29.135+0800][gc,phases   ] GC(4)   Merge Heap Roots: 0.05ms
[2024-08-01T16:15:29.135+0800][gc,phases   ] GC(4)   Evacuate Collection Set: 6.44ms
[2024-08-01T16:15:29.135+0800][gc,phases   ] GC(4)   Post Evacuate Collection Set: 0.75ms
[2024-08-01T16:15:29.135+0800][gc,phases   ] GC(4)   Other: 0.05ms
[2024-08-01T16:15:29.135+0800][gc,heap     ] GC(4) Eden regions: 144->0(236)
[2024-08-01T16:15:29.135+0800][gc,heap     ] GC(4) Survivor regions: 15->20(32)
[2024-08-01T16:15:29.135+0800][gc,heap     ] GC(4) Old regions: 2->2
[2024-08-01T16:15:29.135+0800][gc,heap     ] GC(4) Humongous regions: 0->0
[2024-08-01T16:15:29.135+0800][gc,metaspace] GC(4) Metaspace: 35782K(36096K)->35782K(36096K) NonClass: 31403K(31552K)->31403K(31552K) Class: 4378K(4544K)->4378K(4544K)
[2024-08-01T16:15:29.135+0800][gc          ] GC(4) Pause Young (Mixed) (Metadata GC Threshold) 159M->21M(512M) 7.546ms
[2024-08-01T16:15:29.135+0800][gc,cpu      ] GC(4) User=0.05s Sys=0.01s Real=0.01s
[2024-08-01T16:15:29.146+0800][gc,start    ] GC(5) Pause Young (Concurrent Start) (Metadata GC Threshold)
[2024-08-01T16:15:29.146+0800][gc,task     ] GC(5) Using 8 workers of 8 for evacuation
[2024-08-01T16:15:29.152+0800][gc,phases   ] GC(5)   Pre Evacuate Collection Set: 0.13ms
[2024-08-01T16:15:29.152+0800][gc,phases   ] GC(5)   Merge Heap Roots: 0.03ms
[2024-08-01T16:15:29.152+0800][gc,phases   ] GC(5)   Evacuate Collection Set: 5.36ms
[2024-08-01T16:15:29.152+0800][gc,phases   ] GC(5)   Post Evacuate Collection Set: 0.52ms
[2024-08-01T16:15:29.152+0800][gc,phases   ] GC(5)   Other: 0.05ms
[2024-08-01T16:15:29.152+0800][gc,heap     ] GC(5) Eden regions: 4->0(242)
[2024-08-01T16:15:29.152+0800][gc,heap     ] GC(5) Survivor regions: 20->14(32)
[2024-08-01T16:15:29.152+0800][gc,heap     ] GC(5) Old regions: 2->9
[2024-08-01T16:15:29.152+0800][gc,heap     ] GC(5) Humongous regions: 0->0
[2024-08-01T16:15:29.152+0800][gc,metaspace] GC(5) Metaspace: 36047K(36416K)->36047K(36416K) NonClass: 31644K(31808K)->31644K(31808K) Class: 4403K(4608K)->4403K(4608K)
[2024-08-01T16:15:29.152+0800][gc          ] GC(5) Pause Young (Concurrent Start) (Metadata GC Threshold) 24M->21M(512M) 6.233ms
[2024-08-01T16:15:29.152+0800][gc          ] GC(6) Concurrent Mark Cycle
[2024-08-01T16:15:29.152+0800][gc,cpu      ] GC(5) User=0.04s Sys=0.00s Real=0.01s
[2024-08-01T16:15:29.152+0800][gc,marking  ] GC(6) Concurrent Scan Root Regions
[2024-08-01T16:15:29.156+0800][gc,marking  ] GC(6) Concurrent Scan Root Regions 3.807ms
[2024-08-01T16:15:29.156+0800][gc,marking  ] GC(6) Concurrent Mark
[2024-08-01T16:15:29.156+0800][gc,marking  ] GC(6) Concurrent Mark From Roots
[2024-08-01T16:15:29.156+0800][gc,task     ] GC(6) Using 2 workers of 2 for marking
[2024-08-01T16:15:29.157+0800][gc,marking  ] GC(6) Concurrent Mark From Roots 0.981ms
[2024-08-01T16:15:29.157+0800][gc,marking  ] GC(6) Concurrent Preclean
[2024-08-01T16:15:29.157+0800][gc,marking  ] GC(6) Concurrent Preclean 0.030ms
[2024-08-01T16:15:29.157+0800][gc,start    ] GC(6) Pause Remark
[2024-08-01T16:15:29.159+0800][gc          ] GC(6) Pause Remark 24M->24M(512M) 1.942ms
[2024-08-01T16:15:29.159+0800][gc,cpu      ] GC(6) User=0.01s Sys=0.00s Real=0.00s
[2024-08-01T16:15:29.159+0800][gc,marking  ] GC(6) Concurrent Mark 3.117ms
[2024-08-01T16:15:29.159+0800][gc,marking  ] GC(6) Concurrent Rebuild Remembered Sets and Scrub Regions
[2024-08-01T16:15:29.161+0800][gc,marking  ] GC(6) Concurrent Rebuild Remembered Sets and Scrub Regions 2.089ms
[2024-08-01T16:15:29.161+0800][gc,start    ] GC(6) Pause Cleanup
[2024-08-01T16:15:29.161+0800][gc          ] GC(6) Pause Cleanup 24M->24M(512M) 0.049ms
[2024-08-01T16:15:29.161+0800][gc,cpu      ] GC(6) User=0.00s Sys=0.00s Real=0.00s
[2024-08-01T16:15:29.161+0800][gc,marking  ] GC(6) Concurrent Clear Claimed Marks
[2024-08-01T16:15:29.161+0800][gc,marking  ] GC(6) Concurrent Clear Claimed Marks 0.043ms
[2024-08-01T16:15:29.161+0800][gc,marking  ] GC(6) Concurrent Cleanup for Next Mark
[2024-08-01T16:15:29.162+0800][gc,marking  ] GC(6) Concurrent Cleanup for Next Mark 0.551ms
[2024-08-01T16:15:29.162+0800][gc          ] GC(6) Concurrent Mark Cycle 9.882ms
[2024-08-01T16:15:30.127+0800][gc,start    ] GC(7) Pause Young (Normal) (G1 Evacuation Pause)
[2024-08-01T16:15:30.127+0800][gc,task     ] GC(7) Using 8 workers of 8 for evacuation
[2024-08-01T16:15:30.134+0800][gc,phases   ] GC(7)   Pre Evacuate Collection Set: 0.12ms
[2024-08-01T16:15:30.134+0800][gc,phases   ] GC(7)   Merge Heap Roots: 0.07ms
[2024-08-01T16:15:30.134+0800][gc,phases   ] GC(7)   Evacuate Collection Set: 6.21ms
[2024-08-01T16:15:30.134+0800][gc,phases   ] GC(7)   Post Evacuate Collection Set: 0.53ms
[2024-08-01T16:15:30.134+0800][gc,phases   ] GC(7)   Other: 0.05ms
[2024-08-01T16:15:30.134+0800][gc,heap     ] GC(7) Eden regions: 242->0(232)
[2024-08-01T16:15:30.134+0800][gc,heap     ] GC(7) Survivor regions: 14->24(32)
[2024-08-01T16:15:30.134+0800][gc,heap     ] GC(7) Old regions: 9->9
[2024-08-01T16:15:30.134+0800][gc,heap     ] GC(7) Humongous regions: 0->0
[2024-08-01T16:15:30.134+0800][gc,metaspace] GC(7) Metaspace: 52599K(53056K)->52599K(53056K) NonClass: 46182K(46400K)->46182K(46400K) Class: 6416K(6656K)->6416K(6656K)
[2024-08-01T16:15:30.134+0800][gc          ] GC(7) Pause Young (Normal) (G1 Evacuation Pause) 263M->31M(512M) 7.124ms
[2024-08-01T16:15:30.134+0800][gc,cpu      ] GC(7) User=0.05s Sys=0.00s Real=0.01s
[2024-08-01T16:16:48.230+0800][gc,start    ] GC(8) Pause Young (Concurrent Start) (Metadata GC Threshold)
[2024-08-01T16:16:48.231+0800][gc,task     ] GC(8) Using 8 workers of 8 for evacuation
[2024-08-01T16:16:48.286+0800][gc,phases   ] GC(8)   Pre Evacuate Collection Set: 0.89ms
[2024-08-01T16:16:48.286+0800][gc,phases   ] GC(8)   Merge Heap Roots: 0.28ms
[2024-08-01T16:16:48.286+0800][gc,phases   ] GC(8)   Evacuate Collection Set: 53.41ms
[2024-08-01T16:16:48.286+0800][gc,phases   ] GC(8)   Post Evacuate Collection Set: 0.85ms
[2024-08-01T16:16:48.286+0800][gc,phases   ] GC(8)   Other: 0.38ms
[2024-08-01T16:16:48.286+0800][gc,heap     ] GC(8) Eden regions: 190->0(234)
[2024-08-01T16:16:48.286+0800][gc,heap     ] GC(8) Survivor regions: 24->22(32)
[2024-08-01T16:16:48.286+0800][gc,heap     ] GC(8) Old regions: 9->13
[2024-08-01T16:16:48.286+0800][gc,heap     ] GC(8) Humongous regions: 0->0
[2024-08-01T16:16:48.286+0800][gc,metaspace] GC(8) Metaspace: 60375K(60928K)->60375K(60928K) NonClass: 52949K(53248K)->52949K(53248K) Class: 7426K(7680K)->7426K(7680K)
[2024-08-01T16:16:48.286+0800][gc          ] GC(8) Pause Young (Concurrent Start) (Metadata GC Threshold) 221M->34M(512M) 56.449ms
[2024-08-01T16:16:48.286+0800][gc          ] GC(9) Concurrent Mark Cycle
[2024-08-01T16:16:48.286+0800][gc,cpu      ] GC(8) User=0.07s Sys=0.16s Real=0.05s
[2024-08-01T16:16:48.286+0800][gc,marking  ] GC(9) Concurrent Scan Root Regions
[2024-08-01T16:16:48.292+0800][gc,marking  ] GC(9) Concurrent Scan Root Regions 5.877ms
[2024-08-01T16:16:48.292+0800][gc,marking  ] GC(9) Concurrent Mark
[2024-08-01T16:16:48.292+0800][gc,marking  ] GC(9) Concurrent Mark From Roots
[2024-08-01T16:16:48.292+0800][gc,task     ] GC(9) Using 2 workers of 2 for marking
[2024-08-01T16:16:48.297+0800][gc,marking  ] GC(9) Concurrent Mark From Roots 4.900ms
[2024-08-01T16:16:48.297+0800][gc,marking  ] GC(9) Concurrent Preclean
[2024-08-01T16:16:48.297+0800][gc,marking  ] GC(9) Concurrent Preclean 0.023ms
[2024-08-01T16:16:48.297+0800][gc,start    ] GC(9) Pause Remark
[2024-08-01T16:16:48.303+0800][gc          ] GC(9) Pause Remark 36M->36M(512M) 5.084ms
[2024-08-01T16:16:48.303+0800][gc,cpu      ] GC(9) User=0.01s Sys=0.01s Real=0.01s
[2024-08-01T16:16:48.303+0800][gc,marking  ] GC(9) Concurrent Mark 10.243ms
[2024-08-01T16:16:48.303+0800][gc,marking  ] GC(9) Concurrent Rebuild Remembered Sets and Scrub Regions
[2024-08-01T16:16:48.305+0800][gc,marking  ] GC(9) Concurrent Rebuild Remembered Sets and Scrub Regions 2.831ms
[2024-08-01T16:16:48.306+0800][gc,start    ] GC(9) Pause Cleanup
[2024-08-01T16:16:48.306+0800][gc          ] GC(9) Pause Cleanup 36M->36M(512M) 0.078ms
[2024-08-01T16:16:48.306+0800][gc,cpu      ] GC(9) User=0.00s Sys=0.00s Real=0.00s
[2024-08-01T16:16:48.306+0800][gc,marking  ] GC(9) Concurrent Clear Claimed Marks
[2024-08-01T16:16:48.306+0800][gc,marking  ] GC(9) Concurrent Clear Claimed Marks 0.033ms
[2024-08-01T16:16:48.306+0800][gc,marking  ] GC(9) Concurrent Cleanup for Next Mark
[2024-08-01T16:16:48.307+0800][gc,marking  ] GC(9) Concurrent Cleanup for Next Mark 1.014ms
[2024-08-01T16:16:48.307+0800][gc          ] GC(9) Concurrent Mark Cycle 20.273ms
[2024-08-01T20:52:04.798+0800][gc,heap,exit] Heap
[2024-08-01T20:52:04.798+0800][gc,heap,exit]  garbage-first heap   total reserved 524288K, committed 524288K, used 130197K [0x00000007e0000000, 0x0000000800000000)
[2024-08-01T20:52:04.798+0800][gc,heap,exit]   region size 1024K, 115 young (117760K), 22 survivors (22528K)
[2024-08-01T20:52:04.798+0800][gc,heap,exit]  Metaspace       used 63075K, committed 63680K, reserved 1114112K
[2024-08-01T20:52:04.798+0800][gc,heap,exit]   class space    used 7591K, committed 7872K, reserved 1048576K
