[2024-08-04T11:43:11.722+0800][gc,init] CardTable entry size: 512
[2024-08-04T11:43:11.722+0800][gc     ] Using G1
[2024-08-04T11:43:11.723+0800][gc,init] Version: 22.0.1+8-16 (release)
[2024-08-04T11:43:11.723+0800][gc,init] CPUs: 8 total, 8 available
[2024-08-04T11:43:11.723+0800][gc,init] Memory: 8192M
[2024-08-04T11:43:11.723+0800][gc,init] Large Page Support: Disabled
[2024-08-04T11:43:11.723+0800][gc,init] NUMA Support: Disabled
[2024-08-04T11:43:11.723+0800][gc,init] Compressed Oops: Enabled (Zero based)
[2024-08-04T11:43:11.723+0800][gc,init] Heap Region Size: 1M
[2024-08-04T11:43:11.723+0800][gc,init] Heap Min Capacity: 512M
[2024-08-04T11:43:11.723+0800][gc,init] Heap Initial Capacity: 512M
[2024-08-04T11:43:11.723+0800][gc,init] Heap Max Capacity: 512M
[2024-08-04T11:43:11.723+0800][gc,init] Pre-touch: Disabled
[2024-08-04T11:43:11.723+0800][gc,init] Parallel Workers: 8
[2024-08-04T11:43:11.723+0800][gc,init] Concurrent Workers: 2
[2024-08-04T11:43:11.723+0800][gc,init] Concurrent Refinement Workers: 8
[2024-08-04T11:43:11.723+0800][gc,init] Periodic GC: Disabled
[2024-08-04T11:43:11.726+0800][gc,metaspace] CDS archive(s) mapped at: [0x0000000400000000-0x0000000400c70000-0x0000000400c70000), size 13041664, SharedBaseAddress: 0x0000000400000000, ArchiveRelocationMode: 1.
[2024-08-04T11:43:11.726+0800][gc,metaspace] Compressed class space mapped at: 0x0000000401000000-0x0000000441000000, reserved size: 1073741824
[2024-08-04T11:43:11.726+0800][gc,metaspace] Narrow klass base: 0x0000000400000000, Narrow klass shift: 0, Narrow klass range: 0x100000000
[2024-08-04T11:43:12.377+0800][gc,start    ] GC(0) Pause Young (Normal) (G1 Evacuation Pause)
[2024-08-04T11:43:12.377+0800][gc,task     ] GC(0) Using 8 workers of 8 for evacuation
[2024-08-04T11:43:12.381+0800][gc,phases   ] GC(0)   Pre Evacuate Collection Set: 0.11ms
[2024-08-04T11:43:12.381+0800][gc,phases   ] GC(0)   Merge Heap Roots: 0.14ms
[2024-08-04T11:43:12.381+0800][gc,phases   ] GC(0)   Evacuate Collection Set: 3.19ms
[2024-08-04T11:43:12.381+0800][gc,phases   ] GC(0)   Post Evacuate Collection Set: 0.34ms
[2024-08-04T11:43:12.381+0800][gc,phases   ] GC(0)   Other: 0.19ms
[2024-08-04T11:43:12.381+0800][gc,heap     ] GC(0) Eden regions: 256->0(249)
[2024-08-04T11:43:12.381+0800][gc,heap     ] GC(0) Survivor regions: 0->7(32)
[2024-08-04T11:43:12.381+0800][gc,heap     ] GC(0) Old regions: 2->2
[2024-08-04T11:43:12.381+0800][gc,heap     ] GC(0) Humongous regions: 0->0
[2024-08-04T11:43:12.381+0800][gc,metaspace] GC(0) Metaspace: 16415K(16704K)->16415K(16704K) NonClass: 14385K(14528K)->14385K(14528K) Class: 2029K(2176K)->2029K(2176K)
[2024-08-04T11:43:12.381+0800][gc          ] GC(0) Pause Young (Normal) (G1 Evacuation Pause) 257M->7M(512M) 4.155ms
[2024-08-04T11:43:12.381+0800][gc,cpu      ] GC(0) User=0.01s Sys=0.00s Real=0.01s
[2024-08-04T11:43:12.629+0800][gc,start    ] GC(1) Pause Young (Concurrent Start) (Metadata GC Threshold)
[2024-08-04T11:43:12.629+0800][gc,task     ] GC(1) Using 8 workers of 8 for evacuation
[2024-08-04T11:43:12.632+0800][gc,phases   ] GC(1)   Pre Evacuate Collection Set: 0.10ms
[2024-08-04T11:43:12.632+0800][gc,phases   ] GC(1)   Merge Heap Roots: 0.06ms
[2024-08-04T11:43:12.632+0800][gc,phases   ] GC(1)   Evacuate Collection Set: 2.85ms
[2024-08-04T11:43:12.632+0800][gc,phases   ] GC(1)   Post Evacuate Collection Set: 0.29ms
[2024-08-04T11:43:12.632+0800][gc,phases   ] GC(1)   Other: 0.05ms
[2024-08-04T11:43:12.632+0800][gc,heap     ] GC(1) Eden regions: 112->0(246)
[2024-08-04T11:43:12.632+0800][gc,heap     ] GC(1) Survivor regions: 7->10(32)
[2024-08-04T11:43:12.632+0800][gc,heap     ] GC(1) Old regions: 2->2
[2024-08-04T11:43:12.632+0800][gc,heap     ] GC(1) Humongous regions: 0->0
[2024-08-04T11:43:12.632+0800][gc,metaspace] GC(1) Metaspace: 21250K(21504K)->21250K(21504K) NonClass: 18651K(18752K)->18651K(18752K) Class: 2598K(2752K)->2598K(2752K)
[2024-08-04T11:43:12.632+0800][gc          ] GC(1) Pause Young (Concurrent Start) (Metadata GC Threshold) 119M->10M(512M) 3.504ms
[2024-08-04T11:43:12.632+0800][gc          ] GC(2) Concurrent Mark Cycle
[2024-08-04T11:43:12.632+0800][gc,cpu      ] GC(1) User=0.02s Sys=0.01s Real=0.01s
[2024-08-04T11:43:12.632+0800][gc,marking  ] GC(2) Concurrent Scan Root Regions
[2024-08-04T11:43:12.634+0800][gc,marking  ] GC(2) Concurrent Scan Root Regions 1.843ms
[2024-08-04T11:43:12.634+0800][gc,marking  ] GC(2) Concurrent Mark
[2024-08-04T11:43:12.634+0800][gc,marking  ] GC(2) Concurrent Mark From Roots
[2024-08-04T11:43:12.634+0800][gc,task     ] GC(2) Using 2 workers of 2 for marking
[2024-08-04T11:43:12.635+0800][gc,marking  ] GC(2) Concurrent Mark From Roots 0.806ms
[2024-08-04T11:43:12.635+0800][gc,marking  ] GC(2) Concurrent Preclean
[2024-08-04T11:43:12.635+0800][gc,marking  ] GC(2) Concurrent Preclean 0.007ms
[2024-08-04T11:43:12.635+0800][gc,start    ] GC(2) Pause Remark
[2024-08-04T11:43:12.636+0800][gc          ] GC(2) Pause Remark 12M->12M(512M) 1.120ms
[2024-08-04T11:43:12.636+0800][gc,cpu      ] GC(2) User=0.01s Sys=0.00s Real=0.00s
[2024-08-04T11:43:12.636+0800][gc,marking  ] GC(2) Concurrent Mark 2.053ms
[2024-08-04T11:43:12.636+0800][gc,marking  ] GC(2) Concurrent Rebuild Remembered Sets and Scrub Regions
[2024-08-04T11:43:12.636+0800][gc,marking  ] GC(2) Concurrent Rebuild Remembered Sets and Scrub Regions 0.346ms
[2024-08-04T11:43:12.636+0800][gc,start    ] GC(2) Pause Cleanup
[2024-08-04T11:43:12.636+0800][gc          ] GC(2) Pause Cleanup 12M->12M(512M) 0.051ms
[2024-08-04T11:43:12.636+0800][gc,cpu      ] GC(2) User=0.00s Sys=0.00s Real=0.00s
[2024-08-04T11:43:12.636+0800][gc,marking  ] GC(2) Concurrent Clear Claimed Marks
[2024-08-04T11:43:12.636+0800][gc,marking  ] GC(2) Concurrent Clear Claimed Marks 0.005ms
[2024-08-04T11:43:12.636+0800][gc,marking  ] GC(2) Concurrent Cleanup for Next Mark
[2024-08-04T11:43:12.637+0800][gc,marking  ] GC(2) Concurrent Cleanup for Next Mark 0.578ms
[2024-08-04T11:43:12.637+0800][gc          ] GC(2) Concurrent Mark Cycle 5.023ms
[2024-08-04T11:43:13.088+0800][gc,start    ] GC(3) Pause Young (Prepare Mixed) (G1 Evacuation Pause)
[2024-08-04T11:43:13.088+0800][gc,task     ] GC(3) Using 8 workers of 8 for evacuation
[2024-08-04T11:43:13.092+0800][gc,phases   ] GC(3)   Pre Evacuate Collection Set: 0.12ms
[2024-08-04T11:43:13.092+0800][gc,phases   ] GC(3)   Merge Heap Roots: 0.06ms
[2024-08-04T11:43:13.092+0800][gc,phases   ] GC(3)   Evacuate Collection Set: 3.80ms
[2024-08-04T11:43:13.092+0800][gc,phases   ] GC(3)   Post Evacuate Collection Set: 0.67ms
[2024-08-04T11:43:13.092+0800][gc,phases   ] GC(3)   Other: 0.05ms
[2024-08-04T11:43:13.092+0800][gc,heap     ] GC(3) Eden regions: 246->0(241)
[2024-08-04T11:43:13.092+0800][gc,heap     ] GC(3) Survivor regions: 10->15(32)
[2024-08-04T11:43:13.092+0800][gc,heap     ] GC(3) Old regions: 2->2
[2024-08-04T11:43:13.092+0800][gc,heap     ] GC(3) Humongous regions: 0->0
[2024-08-04T11:43:13.092+0800][gc,metaspace] GC(3) Metaspace: 26566K(26880K)->26566K(26880K) NonClass: 23291K(23488K)->23291K(23488K) Class: 3275K(3392K)->3275K(3392K)
[2024-08-04T11:43:13.093+0800][gc          ] GC(3) Pause Young (Prepare Mixed) (G1 Evacuation Pause) 256M->16M(512M) 4.845ms
[2024-08-04T11:43:13.093+0800][gc,cpu      ] GC(3) User=0.03s Sys=0.01s Real=0.01s
[2024-08-04T11:43:13.543+0800][gc,start    ] GC(4) Pause Young (Mixed) (Metadata GC Threshold)
[2024-08-04T11:43:13.543+0800][gc,task     ] GC(4) Using 8 workers of 8 for evacuation
[2024-08-04T11:43:13.550+0800][gc,phases   ] GC(4)   Pre Evacuate Collection Set: 0.09ms
[2024-08-04T11:43:13.550+0800][gc,phases   ] GC(4)   Merge Heap Roots: 0.08ms
[2024-08-04T11:43:13.550+0800][gc,phases   ] GC(4)   Evacuate Collection Set: 6.59ms
[2024-08-04T11:43:13.550+0800][gc,phases   ] GC(4)   Post Evacuate Collection Set: 0.71ms
[2024-08-04T11:43:13.550+0800][gc,phases   ] GC(4)   Other: 0.05ms
[2024-08-04T11:43:13.550+0800][gc,heap     ] GC(4) Eden regions: 145->0(235)
[2024-08-04T11:43:13.550+0800][gc,heap     ] GC(4) Survivor regions: 15->21(32)
[2024-08-04T11:43:13.550+0800][gc,heap     ] GC(4) Old regions: 2->2
[2024-08-04T11:43:13.550+0800][gc,heap     ] GC(4) Humongous regions: 0->0
[2024-08-04T11:43:13.550+0800][gc,metaspace] GC(4) Metaspace: 35783K(36096K)->35783K(36096K) NonClass: 31400K(31552K)->31400K(31552K) Class: 4383K(4544K)->4383K(4544K)
[2024-08-04T11:43:13.550+0800][gc          ] GC(4) Pause Young (Mixed) (Metadata GC Threshold) 160M->21M(512M) 7.661ms
[2024-08-04T11:43:13.550+0800][gc,cpu      ] GC(4) User=0.05s Sys=0.00s Real=0.01s
[2024-08-04T11:43:13.560+0800][gc,start    ] GC(5) Pause Young (Concurrent Start) (Metadata GC Threshold)
[2024-08-04T11:43:13.560+0800][gc,task     ] GC(5) Using 8 workers of 8 for evacuation
[2024-08-04T11:43:13.567+0800][gc,phases   ] GC(5)   Pre Evacuate Collection Set: 0.12ms
[2024-08-04T11:43:13.567+0800][gc,phases   ] GC(5)   Merge Heap Roots: 0.03ms
[2024-08-04T11:43:13.567+0800][gc,phases   ] GC(5)   Evacuate Collection Set: 6.26ms
[2024-08-04T11:43:13.567+0800][gc,phases   ] GC(5)   Post Evacuate Collection Set: 0.70ms
[2024-08-04T11:43:13.567+0800][gc,phases   ] GC(5)   Other: 0.05ms
[2024-08-04T11:43:13.567+0800][gc,heap     ] GC(5) Eden regions: 4->0(241)
[2024-08-04T11:43:13.567+0800][gc,heap     ] GC(5) Survivor regions: 21->15(32)
[2024-08-04T11:43:13.567+0800][gc,heap     ] GC(5) Old regions: 2->8
[2024-08-04T11:43:13.567+0800][gc,heap     ] GC(5) Humongous regions: 0->0
[2024-08-04T11:43:13.567+0800][gc,metaspace] GC(5) Metaspace: 36033K(36416K)->36033K(36416K) NonClass: 31626K(31808K)->31626K(31808K) Class: 4407K(4608K)->4407K(4608K)
[2024-08-04T11:43:13.567+0800][gc          ] GC(5) Pause Young (Concurrent Start) (Metadata GC Threshold) 25M->22M(512M) 7.302ms
[2024-08-04T11:43:13.567+0800][gc,cpu      ] GC(5) User=0.05s Sys=0.00s Real=0.00s
[2024-08-04T11:43:13.567+0800][gc          ] GC(6) Concurrent Mark Cycle
[2024-08-04T11:43:13.567+0800][gc,marking  ] GC(6) Concurrent Scan Root Regions
[2024-08-04T11:43:13.571+0800][gc,marking  ] GC(6) Concurrent Scan Root Regions 3.764ms
[2024-08-04T11:43:13.571+0800][gc,marking  ] GC(6) Concurrent Mark
[2024-08-04T11:43:13.571+0800][gc,marking  ] GC(6) Concurrent Mark From Roots
[2024-08-04T11:43:13.571+0800][gc,task     ] GC(6) Using 2 workers of 2 for marking
[2024-08-04T11:43:13.572+0800][gc,marking  ] GC(6) Concurrent Mark From Roots 0.994ms
[2024-08-04T11:43:13.572+0800][gc,marking  ] GC(6) Concurrent Preclean
[2024-08-04T11:43:13.572+0800][gc,marking  ] GC(6) Concurrent Preclean 0.008ms
[2024-08-04T11:43:13.572+0800][gc,start    ] GC(6) Pause Remark
[2024-08-04T11:43:13.574+0800][gc          ] GC(6) Pause Remark 25M->25M(512M) 2.170ms
[2024-08-04T11:43:13.574+0800][gc,cpu      ] GC(6) User=0.01s Sys=0.00s Real=0.00s
[2024-08-04T11:43:13.575+0800][gc,marking  ] GC(6) Concurrent Mark 3.344ms
[2024-08-04T11:43:13.575+0800][gc,marking  ] GC(6) Concurrent Rebuild Remembered Sets and Scrub Regions
[2024-08-04T11:43:13.577+0800][gc,marking  ] GC(6) Concurrent Rebuild Remembered Sets and Scrub Regions 1.972ms
[2024-08-04T11:43:13.577+0800][gc,start    ] GC(6) Pause Cleanup
[2024-08-04T11:43:13.577+0800][gc          ] GC(6) Pause Cleanup 27M->27M(512M) 0.061ms
[2024-08-04T11:43:13.577+0800][gc,cpu      ] GC(6) User=0.00s Sys=0.00s Real=0.00s
[2024-08-04T11:43:13.577+0800][gc,marking  ] GC(6) Concurrent Clear Claimed Marks
[2024-08-04T11:43:13.577+0800][gc,marking  ] GC(6) Concurrent Clear Claimed Marks 0.051ms
[2024-08-04T11:43:13.577+0800][gc,marking  ] GC(6) Concurrent Cleanup for Next Mark
[2024-08-04T11:43:13.578+0800][gc,marking  ] GC(6) Concurrent Cleanup for Next Mark 0.750ms
[2024-08-04T11:43:13.578+0800][gc          ] GC(6) Concurrent Mark Cycle 10.179ms
[2024-08-04T11:43:14.841+0800][gc,start    ] GC(7) Pause Young (Normal) (G1 Evacuation Pause)
[2024-08-04T11:43:14.842+0800][gc,task     ] GC(7) Using 8 workers of 8 for evacuation
[2024-08-04T11:43:14.849+0800][gc,phases   ] GC(7)   Pre Evacuate Collection Set: 0.12ms
[2024-08-04T11:43:14.849+0800][gc,phases   ] GC(7)   Merge Heap Roots: 0.08ms
[2024-08-04T11:43:14.849+0800][gc,phases   ] GC(7)   Evacuate Collection Set: 6.34ms
[2024-08-04T11:43:14.849+0800][gc,phases   ] GC(7)   Post Evacuate Collection Set: 0.62ms
[2024-08-04T11:43:14.849+0800][gc,phases   ] GC(7)   Other: 0.05ms
[2024-08-04T11:43:14.849+0800][gc,heap     ] GC(7) Eden regions: 241->0(232)
[2024-08-04T11:43:14.849+0800][gc,heap     ] GC(7) Survivor regions: 15->24(32)
[2024-08-04T11:43:14.849+0800][gc,heap     ] GC(7) Old regions: 8->8
[2024-08-04T11:43:14.849+0800][gc,heap     ] GC(7) Humongous regions: 0->0
[2024-08-04T11:43:14.849+0800][gc,metaspace] GC(7) Metaspace: 51975K(52416K)->51975K(52416K) NonClass: 45605K(45824K)->45605K(45824K) Class: 6369K(6592K)->6369K(6592K)
[2024-08-04T11:43:14.849+0800][gc          ] GC(7) Pause Young (Normal) (G1 Evacuation Pause) 263M->30M(512M) 7.348ms
[2024-08-04T11:43:14.849+0800][gc,cpu      ] GC(7) User=0.05s Sys=0.00s Real=0.00s
[2024-08-04T11:43:25.604+0800][gc,start    ] GC(8) Pause Young (Concurrent Start) (Metadata GC Threshold)
[2024-08-04T11:43:25.604+0800][gc,task     ] GC(8) Using 8 workers of 8 for evacuation
[2024-08-04T11:43:25.656+0800][gc,phases   ] GC(8)   Pre Evacuate Collection Set: 0.28ms
[2024-08-04T11:43:25.656+0800][gc,phases   ] GC(8)   Merge Heap Roots: 0.06ms
[2024-08-04T11:43:25.656+0800][gc,phases   ] GC(8)   Evacuate Collection Set: 50.48ms
[2024-08-04T11:43:25.656+0800][gc,phases   ] GC(8)   Post Evacuate Collection Set: 1.07ms
[2024-08-04T11:43:25.656+0800][gc,phases   ] GC(8)   Other: 0.08ms
[2024-08-04T11:43:25.656+0800][gc,heap     ] GC(8) Eden regions: 186->0(235)
[2024-08-04T11:43:25.656+0800][gc,heap     ] GC(8) Survivor regions: 24->21(32)
[2024-08-04T11:43:25.656+0800][gc,heap     ] GC(8) Old regions: 8->13
[2024-08-04T11:43:25.656+0800][gc,heap     ] GC(8) Humongous regions: 0->0
[2024-08-04T11:43:25.656+0800][gc,metaspace] GC(8) Metaspace: 60419K(60928K)->60419K(60928K) NonClass: 52919K(53184K)->52919K(53184K) Class: 7500K(7744K)->7500K(7744K)
[2024-08-04T11:43:25.656+0800][gc          ] GC(8) Pause Young (Concurrent Start) (Metadata GC Threshold) 215M->33M(512M) 52.332ms
[2024-08-04T11:43:25.656+0800][gc          ] GC(9) Concurrent Mark Cycle
[2024-08-04T11:43:25.656+0800][gc,cpu      ] GC(8) User=0.06s Sys=0.06s Real=0.05s
[2024-08-04T11:43:25.656+0800][gc,marking  ] GC(9) Concurrent Scan Root Regions
[2024-08-04T11:43:25.667+0800][gc,marking  ] GC(9) Concurrent Scan Root Regions 10.326ms
[2024-08-04T11:43:25.667+0800][gc,marking  ] GC(9) Concurrent Mark
[2024-08-04T11:43:25.667+0800][gc,marking  ] GC(9) Concurrent Mark From Roots
[2024-08-04T11:43:25.667+0800][gc,task     ] GC(9) Using 2 workers of 2 for marking
[2024-08-04T11:43:25.672+0800][gc,marking  ] GC(9) Concurrent Mark From Roots 5.602ms
[2024-08-04T11:43:25.672+0800][gc,marking  ] GC(9) Concurrent Preclean
[2024-08-04T11:43:25.673+0800][gc,marking  ] GC(9) Concurrent Preclean 0.103ms
[2024-08-04T11:43:25.673+0800][gc,start    ] GC(9) Pause Remark
[2024-08-04T11:43:25.678+0800][gc          ] GC(9) Pause Remark 37M->37M(512M) 5.231ms
[2024-08-04T11:43:25.678+0800][gc,cpu      ] GC(9) User=0.02s Sys=0.00s Real=0.00s
[2024-08-04T11:43:25.678+0800][gc,marking  ] GC(9) Concurrent Mark 11.799ms
[2024-08-04T11:43:25.678+0800][gc,marking  ] GC(9) Concurrent Rebuild Remembered Sets and Scrub Regions
[2024-08-04T11:43:25.683+0800][gc,marking  ] GC(9) Concurrent Rebuild Remembered Sets and Scrub Regions 4.202ms
[2024-08-04T11:43:25.683+0800][gc,start    ] GC(9) Pause Cleanup
[2024-08-04T11:43:25.683+0800][gc          ] GC(9) Pause Cleanup 37M->37M(512M) 0.068ms
[2024-08-04T11:43:25.683+0800][gc,cpu      ] GC(9) User=0.00s Sys=0.00s Real=0.00s
[2024-08-04T11:43:25.683+0800][gc,marking  ] GC(9) Concurrent Clear Claimed Marks
[2024-08-04T11:43:25.683+0800][gc,marking  ] GC(9) Concurrent Clear Claimed Marks 0.069ms
[2024-08-04T11:43:25.683+0800][gc,marking  ] GC(9) Concurrent Cleanup for Next Mark
[2024-08-04T11:43:25.684+0800][gc,marking  ] GC(9) Concurrent Cleanup for Next Mark 1.074ms
[2024-08-04T11:43:25.684+0800][gc          ] GC(9) Concurrent Mark Cycle 27.846ms
[2024-08-04T12:14:23.549+0800][gc,start    ] GC(10) Pause Young (Prepare Mixed) (G1 Evacuation Pause)
[2024-08-04T12:14:23.552+0800][gc,task     ] GC(10) Using 8 workers of 8 for evacuation
[2024-08-04T12:14:23.600+0800][gc,phases   ] GC(10)   Pre Evacuate Collection Set: 2.07ms
[2024-08-04T12:14:23.600+0800][gc,phases   ] GC(10)   Merge Heap Roots: 0.83ms
[2024-08-04T12:14:23.600+0800][gc,phases   ] GC(10)   Evacuate Collection Set: 43.95ms
[2024-08-04T12:14:23.600+0800][gc,phases   ] GC(10)   Post Evacuate Collection Set: 1.28ms
[2024-08-04T12:14:23.600+0800][gc,phases   ] GC(10)   Other: 0.61ms
[2024-08-04T12:14:23.600+0800][gc,heap     ] GC(10) Eden regions: 235->0(239)
[2024-08-04T12:14:23.600+0800][gc,heap     ] GC(10) Survivor regions: 21->17(32)
[2024-08-04T12:14:23.600+0800][gc,heap     ] GC(10) Old regions: 13->18
[2024-08-04T12:14:23.600+0800][gc,heap     ] GC(10) Humongous regions: 0->0
[2024-08-04T12:14:23.600+0800][gc,metaspace] GC(10) Metaspace: 63797K(64384K)->63797K(64384K) NonClass: 56189K(56512K)->56189K(56512K) Class: 7608K(7872K)->7608K(7872K)
[2024-08-04T12:14:23.600+0800][gc          ] GC(10) Pause Young (Prepare Mixed) (G1 Evacuation Pause) 268M->33M(512M) 50.693ms
[2024-08-04T12:14:23.600+0800][gc,cpu      ] GC(10) User=0.07s Sys=0.08s Real=0.06s
[2024-08-04T12:42:15.694+0800][gc,start    ] GC(11) Pause Young (Mixed) (G1 Evacuation Pause)
[2024-08-04T12:42:15.694+0800][gc,task     ] GC(11) Using 8 workers of 8 for evacuation
[2024-08-04T12:42:15.737+0800][gc,phases   ] GC(11)   Pre Evacuate Collection Set: 1.69ms
[2024-08-04T12:42:15.737+0800][gc,phases   ] GC(11)   Merge Heap Roots: 0.47ms
[2024-08-04T12:42:15.737+0800][gc,phases   ] GC(11)   Evacuate Collection Set: 38.65ms
[2024-08-04T12:42:15.737+0800][gc,phases   ] GC(11)   Post Evacuate Collection Set: 1.32ms
[2024-08-04T12:42:15.737+0800][gc,phases   ] GC(11)   Other: 0.23ms
[2024-08-04T12:42:15.737+0800][gc,heap     ] GC(11) Eden regions: 239->0(239)
[2024-08-04T12:42:15.737+0800][gc,heap     ] GC(11) Survivor regions: 17->17(32)
[2024-08-04T12:42:15.737+0800][gc,heap     ] GC(11) Old regions: 18->18
[2024-08-04T12:42:15.737+0800][gc,heap     ] GC(11) Humongous regions: 1->1
[2024-08-04T12:42:15.737+0800][gc,metaspace] GC(11) Metaspace: 65861K(66496K)->65861K(66496K) NonClass: 58028K(58368K)->58028K(58368K) Class: 7833K(8128K)->7833K(8128K)
[2024-08-04T12:42:15.737+0800][gc          ] GC(11) Pause Young (Mixed) (G1 Evacuation Pause) 273M->35M(512M) 45.273ms
[2024-08-04T12:42:15.737+0800][gc,cpu      ] GC(11) User=0.08s Sys=0.08s Real=0.04s
[2024-08-04T13:43:55.403+0800][gc,start    ] GC(12) Pause Young (Normal) (G1 Evacuation Pause)
[2024-08-04T13:43:55.404+0800][gc,task     ] GC(12) Using 8 workers of 8 for evacuation
[2024-08-04T13:43:55.473+0800][gc,phases   ] GC(12)   Pre Evacuate Collection Set: 3.02ms
[2024-08-04T13:43:55.473+0800][gc,phases   ] GC(12)   Merge Heap Roots: 1.01ms
[2024-08-04T13:43:55.473+0800][gc,phases   ] GC(12)   Evacuate Collection Set: 61.80ms
[2024-08-04T13:43:55.473+0800][gc,phases   ] GC(12)   Post Evacuate Collection Set: 2.39ms
[2024-08-04T13:43:55.473+0800][gc,phases   ] GC(12)   Other: 0.28ms
[2024-08-04T13:43:55.473+0800][gc,heap     ] GC(12) Eden regions: 239->0(239)
[2024-08-04T13:43:55.473+0800][gc,heap     ] GC(12) Survivor regions: 17->17(32)
[2024-08-04T13:43:55.473+0800][gc,heap     ] GC(12) Old regions: 18->18
[2024-08-04T13:43:55.473+0800][gc,heap     ] GC(12) Humongous regions: 1->1
[2024-08-04T13:43:55.473+0800][gc,metaspace] GC(12) Metaspace: 66062K(66688K)->66062K(66688K) NonClass: 58227K(58560K)->58227K(58560K) Class: 7835K(8128K)->7835K(8128K)
[2024-08-04T13:43:55.473+0800][gc          ] GC(12) Pause Young (Normal) (G1 Evacuation Pause) 274M->35M(512M) 69.845ms
[2024-08-04T13:43:55.473+0800][gc,cpu      ] GC(12) User=0.07s Sys=0.13s Real=0.07s
[2024-08-04T13:53:10.405+0800][gc,heap,exit] Heap
[2024-08-04T13:53:10.405+0800][gc,heap,exit]  garbage-first heap   total reserved 524288K, committed 524288K, used 159280K [0x00000007e0000000, 0x0000000800000000)
[2024-08-04T13:53:10.405+0800][gc,heap,exit]   region size 1024K, 137 young (140288K), 17 survivors (17408K)
[2024-08-04T13:53:10.405+0800][gc,heap,exit]  Metaspace       used 66260K, committed 67008K, reserved 1114112K
[2024-08-04T13:53:10.405+0800][gc,heap,exit]   class space    used 7857K, committed 8192K, reserved 1048576K
